Component: ARM Compiler 5.06 update 7 (build 960) Tool: armlink [4d3601]

==============================================================================

Section Cross References

    main.o(.text) refers to led.o(.text) for Led_Init
    main.o(.text) refers to serial.o(.text) for Serial_Init
    main.o(.text) refers to lcd.o(.text) for LCD_Init
    main.o(.text) refers to key.o(.text) for KEY_Init
    main.o(.text) refers to misc.o(.text) for NVIC_PriorityGroupConfig
    main.o(.text) refers to timer.o(.text) for TIM3_Int_Init
    main.o(.text) refers to block.o(.text) for interface_Init
    main.o(.text) refers to main.o(.data) for key_v
    main.o(.text) refers to timer.o(.data) for timer_flag
    main.o(.text) refers to block.o(.bss) for curr_block
    system_stm32f10x.o(.text) refers to system_stm32f10x.o(.data) for SystemCoreClock
    startup_stm32f10x_hd.o(STACK) refers (Special) to heapauxi.o(.text) for __use_two_region_memory
    startup_stm32f10x_hd.o(HEAP) refers (Special) to heapauxi.o(.text) for __use_two_region_memory
    startup_stm32f10x_hd.o(RESET) refers (Special) to heapauxi.o(.text) for __use_two_region_memory
    startup_stm32f10x_hd.o(RESET) refers to startup_stm32f10x_hd.o(STACK) for __initial_sp
    startup_stm32f10x_hd.o(RESET) refers to startup_stm32f10x_hd.o(.text) for Reset_Handler
    startup_stm32f10x_hd.o(RESET) refers to stm32f10x_it.o(.text) for NMI_Handler
    startup_stm32f10x_hd.o(RESET) refers to timer.o(.text) for TIM3_IRQHandler
    startup_stm32f10x_hd.o(.text) refers (Special) to heapauxi.o(.text) for __use_two_region_memory
    startup_stm32f10x_hd.o(.text) refers to system_stm32f10x.o(.text) for SystemInit
    startup_stm32f10x_hd.o(.text) refers to __main.o(!!!main) for __main
    startup_stm32f10x_hd.o(.text) refers to startup_stm32f10x_hd.o(HEAP) for Heap_Mem
    startup_stm32f10x_hd.o(.text) refers to startup_stm32f10x_hd.o(STACK) for Stack_Mem
    stm32f10x_adc.o(.text) refers to stm32f10x_rcc.o(.text) for RCC_APB2PeriphResetCmd
    stm32f10x_bkp.o(.text) refers to stm32f10x_rcc.o(.text) for RCC_BackupResetCmd
    stm32f10x_can.o(.text) refers to stm32f10x_rcc.o(.text) for RCC_APB1PeriphResetCmd
    stm32f10x_cec.o(.text) refers to stm32f10x_rcc.o(.text) for RCC_APB1PeriphResetCmd
    stm32f10x_dac.o(.text) refers to stm32f10x_rcc.o(.text) for RCC_APB1PeriphResetCmd
    stm32f10x_gpio.o(.text) refers to stm32f10x_rcc.o(.text) for RCC_APB2PeriphResetCmd
    stm32f10x_i2c.o(.text) refers to stm32f10x_rcc.o(.text) for RCC_APB1PeriphResetCmd
    stm32f10x_pwr.o(.text) refers to stm32f10x_rcc.o(.text) for RCC_APB1PeriphResetCmd
    stm32f10x_rcc.o(.text) refers to stm32f10x_rcc.o(.data) for APBAHBPrescTable
    stm32f10x_spi.o(.text) refers to stm32f10x_rcc.o(.text) for RCC_APB2PeriphResetCmd
    stm32f10x_tim.o(.text) refers to stm32f10x_rcc.o(.text) for RCC_APB2PeriphResetCmd
    stm32f10x_usart.o(.text) refers to stm32f10x_rcc.o(.text) for RCC_APB2PeriphResetCmd
    stm32f10x_wwdg.o(.text) refers to stm32f10x_rcc.o(.text) for RCC_APB1PeriphResetCmd
    serial.o(.text) refers to stm32f10x_rcc.o(.text) for RCC_APB2PeriphClockCmd
    serial.o(.text) refers to stm32f10x_gpio.o(.text) for GPIO_Init
    serial.o(.text) refers to misc.o(.text) for NVIC_Init
    serial.o(.text) refers to stm32f10x_usart.o(.text) for USART_Init
    serial.o(.text) refers to delay.o(.text) for delay_ms
    serial.o(.text) refers to vsprintf.o(.text) for vsprintf
    led.o(.text) refers to stm32f10x_rcc.o(.text) for RCC_APB2PeriphClockCmd
    led.o(.text) refers to stm32f10x_gpio.o(.text) for GPIO_Init
    lcd.o(.text) refers to delay.o(.text) for delay_us
    lcd.o(.text) refers to lcd.o(.bss) for lcddev
    lcd.o(.text) refers to dflt_clz.o(x$fpl$dfltu) for __aeabi_ui2d
    lcd.o(.text) refers to dmul.o(x$fpl$dmul) for __aeabi_dmul
    lcd.o(.text) refers to dfixu.o(x$fpl$dfixu) for __aeabi_d2uiz
    lcd.o(.text) refers to lcd.o(.data) for POINT_COLOR
    lcd.o(.text) refers to stm32f10x_rcc.o(.text) for RCC_APB2PeriphClockCmd
    lcd.o(.text) refers to stm32f10x_gpio.o(.text) for GPIO_PinRemapConfig
    lcd.o(.text) refers to lcd.o(.constdata) for asc2_1206
    block.o(.text) refers to rand.o(.text) for srand
    block.o(.text) refers to rand.o(.emb_text) for rand
    block.o(.text) refers to lcd.o(.text) for LCD_ShowString
    block.o(.text) refers to timer.o(.data) for rand_num
    block.o(.text) refers to block.o(.bss) for face
    block.o(.text) refers to block.o(.data) for remaining
    ds18b20.o(.text) refers to delay.o(.text) for delay_us
    ds18b20.o(.text) refers to stm32f10x_rcc.o(.text) for RCC_APB2PeriphClockCmd
    ds18b20.o(.text) refers to stm32f10x_gpio.o(.text) for GPIO_Init
    ds18b20.o(.text) refers to fflt_clz.o(x$fpl$fflt) for __aeabi_i2f
    ds18b20.o(.text) refers to f2d.o(x$fpl$f2d) for __aeabi_f2d
    ds18b20.o(.text) refers to dmul.o(x$fpl$dmul) for __aeabi_dmul
    ds18b20.o(.text) refers to dfix.o(x$fpl$dfix) for __aeabi_d2iz
[...]
    .text                                    0x08001f8c   Section        0  delay.o(.text)
    .text                                    0x08001fec   Section        0  serial.o(.text)
    .text                                    0x08002168   Section        0  led.o(.text)
    .text                                    0x0800220c   Section        0  lcd.o(.text)
    .text                                    0x08007c5c   Section        0  block.o(.text)
    .text                                    0x08008258   Section        0  timer.o(.text)
    .text                                    0x080082d8   Section        0  key.o(.text)
    .text                                    0x080083d4   Section        0  vsprintf.o(.text)
    .text                                    0x080083f8   Section        0  rand.o(.text)
    .text                                    0x08008434   Section        0  heapauxi.o(.text)
    .text                                    0x0800843a   Section        0  _printf_pad.o(.text)
    .text                                    0x08008488   Section        0  _printf_truncate.o(.text)
    .text                                    0x080084ac   Section        0  _printf_str.o(.text)
    .text                                    0x08008500   Section        0  _printf_dec.o(.text)
    .text                                    0x08008578   Section        0  _printf_charcount.o(.text)
    .text                                    0x080085a0   Section        0  _printf_char_common.o(.text)
    _printf_input_char                       0x080085a1   Thumb Code    10  _printf_char_common.o(.text)
    .text                                    0x080085d0   Section        0  _sputc.o(.text)
    .text                                    0x080085dc   Section        0  _printf_wctomb.o(.text)
    .text                                    0x08008698   Section        0  _printf_longlong_dec.o(.text)
    .text                                    0x08008714   Section        0  _printf_oct_int_ll.o(.text)
    _printf_longlong_oct_internal            0x08008715   Thumb Code     0  _printf_oct_int_ll.o(.text)
    .text                                    0x08008784   Section        0  _printf_hex_int_ll_ptr.o(.text)
    _printf_hex_common                       0x08008785   Thumb Code     0  _printf_hex_int_ll_ptr.o(.text)
    .text                                    0x08008818   Section        0  __printf_flags_ss_wp.o(.text)
    .text                                    0x080089a0   Section      138  lludiv10.o(.text)
    .text                                    0x08008a2a   Section        0  _printf_intcommon.o(.text)
    .text                                    0x08008adc   Section        0  _printf_fp_dec.o(.text)
    _fp_digits                               0x08008adf   Thumb Code   432  _printf_fp_dec.o(.text)
    .text                                    0x08008efc   Section        0  _printf_fp_hex.o(.text)
    .text                                    0x080091f8   Section        0  _printf_char.o(.text)
    .text                                    0x08009224   Section        0  _printf_wchar.o(.text)
    .text                                    0x08009250   Section        0  _wcrtomb.o(.text)
    .text                                    0x08009290   Section       74  sys_stackheap_outer.o(.text)
    .text                                    0x080092dc   Section       16  rt_ctype_table.o(.text)
    .text                                    0x080092ec   Section        8  rt_locale_intlibspace.o(.text)
    .text                                    0x080092f4   Section        0  _printf_fp_infnan.o(.text)
    .text                                    0x08009374   Section        0  bigflt0.o(.text)
    .text                                    0x08009458   Section        0  exit.o(.text)
    .text                                    0x0800946c   Section        8  libspace.o(.text)
    .text                                    0x08009474   Section      128  strcmpv7m.o(.text)
    .text                                    0x080094f4   Section        2  use_no_semi.o(.text)
    .text                                    0x080094f6   Section        0  indicate_semi.o(.text)
    .text                                    0x080094f8   Section        0  sys_exit.o(.text)
    CL$$btod_d2e                             0x08009504   Section       62  btod.o(CL$$btod_d2e)
    CL$$btod_d2e_denorm_low                  0x08009542   Section       70  btod.o(CL$$btod_d2e_denorm_low)
    CL$$btod_d2e_norm_op1                    0x08009588   Section       96  btod.o(CL$$btod_d2e_norm_op1)
    CL$$btod_div_common                      0x080095e8   Section      824  btod.o(CL$$btod_div_common)
    CL$$btod_e2e                             0x08009920   Section      220  btod.o(CL$$btod_e2e)
    CL$$btod_ediv                            0x080099fc   Section       42  btod.o(CL$$btod_ediv)
    CL$$btod_emul                            0x08009a26   Section       42  btod.o(CL$$btod_emul)
    CL$$btod_mult_common                     0x08009a50   Section      580  btod.o(CL$$btod_mult_common)
    i.__ARM_fpclassify                       0x08009c94   Section        0  fpclassify.o(i.__ARM_fpclassify)
    i._is_digit                              0x08009cbc   Section        0  __printf_wp.o(i._is_digit)
    locale$$code                             0x08009ccc   Section       44  lc_numeric_c.o(locale$$code)
    locale$$code                             0x08009cf8   Section       44  lc_ctype_c.o(locale$$code)
    x$fpl$dfixu                              0x08009d24   Section       90  dfixu.o(x$fpl$dfixu)
    x$fpl$dfltu                              0x08009d7e   Section       38  dflt_clz.o(x$fpl$dfltu)
    x$fpl$dmul                               0x08009da4   Section      340  dmul.o(x$fpl$dmul)
    x$fpl$dnaninf                            0x08009ef8   Section      156  dnaninf.o(x$fpl$dnaninf)
    x$fpl$dretinf                            0x08009f94   Section       12  dretinf.o(x$fpl$dretinf)
    x$fpl$printf1                            0x08009fa0   Section        4  printf1.o(x$fpl$printf1)
    x$fpl$printf2                            0x08009fa4   Section        4  printf2.o(x$fpl$printf2)
    .constdata                               0x08009fa8   Section     6280  lcd.o(.constdata)
    x$fpl$usenofp                            0x08009fa8   Section        0  usenofp.o(x$fpl$usenofp)
    .constdata                               0x0800b830   Section        8  _printf_wctomb.o(.constdata)
    initial_mbstate                          0x0800b830   Data           8  _printf_wctomb.o(.constdata)
    .constdata                               0x0800b838   Section       40  _printf_hex_int_ll_ptr.o(.constdata)
    uc_hextab                                0x0800b838   Data          20  _printf_hex_int_ll_ptr.o(.constdata)
    lc_hextab                                0x0800b84c   Data          20  _printf_hex_int_ll_ptr.o(.constdata)
    .constdata                               0x0800b860   Section       17  __printf_flags_ss_wp.o(.constdata)
    maptable                                 0x0800b860   Data          17  __printf_flags_ss_wp.o(.constdata)
    .constdata                               0x0800b871   Section       38  _printf_fp_hex.o(.constdata)
    lc_hextab                                0x0800b871   Data          19  _printf_fp_hex.o(.constdata)
    uc_hextab                                0x0800b884   Data          19  _printf_fp_hex.o(.constdata)
    .constdata                               0x0800b898   Section      148  bigflt0.o(.constdata)
    tenpwrs_x                                0x0800b898   Data          60  bigflt0.o(.constdata)
    tenpwrs_i                                0x0800b8d4   Data          64  bigflt0.o(.constdata)
    locale$$data                             0x0800b94c   Section       28  lc_numeric_c.o(locale$$data)
    __lcnum_c_name                           0x0800b950   Data           2  lc_numeric_c.o(locale$$data)
    __lcnum_c_start                          0x0800b958   Data           0  lc_numeric_c.o(locale$$data)
    __lcnum_c_point                          0x0800b964   Data           0  lc_numeric_c.o(locale$$data)
    __lcnum_c_thousands                      0x0800b966   Data           0  lc_numeric_c.o(locale$$data)
    __lcnum_c_grouping                       0x0800b967   Data           0  lc_numeric_c.o(locale$$data)
    locale$$data                             0x0800b968   Section      272  lc_ctype_c.o(locale$$data)
    __lcnum_c_end                            0x0800b968   Data           0  lc_numeric_c.o(locale$$data)
    __lcctype_c_name                         0x0800b96c   Data           2  lc_ctype_c.o(locale$$data)
    __lcctype_c_start                        0x0800b974   Data           0  lc_ctype_c.o(locale$$data)
    __lcctype_c_end                          0x0800ba78   Data           0  lc_ctype_c.o(locale$$data)
    .data                                    0x20000000   Section        4  main.o(.data)
    .data                                    0x20000004   Section       20  system_stm32f10x.o(.data)
    .data                                    0x20000018   Section       20  stm32f10x_rcc.o(.data)
    APBAHBPrescTable                         0x20000018   Data          16  stm32f10x_rcc.o(.data)
    ADCPrescTable                            0x20000028   Data           4  stm32f10x_rcc.o(.data)
    .data                                    0x2000002c   Section        4  lcd.o(.data)
    .data                                    0x20000030   Section      156  block.o(.data)
    .data                                    0x200000cc   Section        8  timer.o(.data)
    .data                                    0x200000d4   Section        1  key.o(.data)
    key_up                                   0x200000d4   Data           1  key.o(.data)
    .bss                                     0x200000d8   Section       14  lcd.o(.bss)
    .bss                                     0x200000e8   Section     1620  block.o(.bss)
    .bss                                     0x2000073c   Section      228  rand.o(.bss)
    .bss                                     0x20000820   Section       96  libspace.o(.bss)
    HEAP                                     0x20000880   Section      512  startup_stm32f10x_hd.o(HEAP)
    Heap_Mem                                 0x20000880   Data         512  startup_stm32f10x_hd.o(HEAP)
    STACK                                    0x20000a80   Section     1024  startup_stm32f10x_hd.o(STACK)
    Stack_Mem                                0x20000a80   Data        1024  startup_stm32f10x_hd.o(STACK)
    __initial_sp                             0x20000e80   Data           0  startup_stm32f10x_hd.o(STACK)

    Global Symbols

    Symbol Name                              Value     Ov Type        Size  Object(Section)

    BuildAttributes$$THM_ISAv4$P$D$K$B$S$PE$A:L22UL41UL21$X:L11$S22US41US21$IEEE1$IW$USESV6$~STKCKD$USESV7$~SHL$OTIME$ROPI$IEEEJ$EBA8$UX$STANDARDLIB$REQ8$PRES8$EABIv2 0x00000000   Number         0  anon$$obj.o ABSOLUTE
    __ARM_use_no_argv                        0x00000000   Number         0  main.o ABSOLUTE
    _printf_flags                            0x00000000   Number         0  printf_stubs.o ABSOLUTE
    _printf_return_value                     0x00000000   Number         0  printf_stubs.o ABSOLUTE
    _printf_sizespec                         0x00000000   Number         0  printf_stubs.o ABSOLUTE
    _printf_widthprec                        0x00000000   Number         0  printf_stubs.o ABSOLUTE
    __ARM_exceptions_init                     - Undefined Weak Reference
    __alloca_initialize                       - Undefined Weak Reference
    __arm_fini_                               - Undefined Weak Reference
    __arm_preinit_                            - Undefined Weak Reference
    __cpp_initialize__aeabi_                  - Undefined Weak Reference
    __cxa_finalize                            - Undefined Weak Reference
    __sigvec_lookup                           - Undefined Weak Reference
    _atexit_init                              - Undefined Weak Reference
    _call_atexit_fns                          - Undefined Weak Reference
    _clock_init                               - Undefined Weak Reference
    _fp_trap_init                             - Undefined Weak Reference
    _fp_trap_shutdown                         - Undefined Weak Reference
    _get_lc_collate                           - Undefined Weak Reference
    _get_lc_monetary                          - Undefined Weak Reference
    _get_lc_time                              - Undefined Weak Reference
    _getenv_init                              - Undefined Weak Reference
    _handle_redirection                       - Undefined Weak Reference
    _init_alloc                               - Undefined Weak Reference
    _init_user_alloc                          - Undefined Weak Reference
    _initio                                   - Undefined Weak Reference
    _printf_mbtowc                            - Undefined Weak Reference
    _printf_wc                                - Undefined Weak Reference
    _signal_finish                            - Undefined Weak Reference
    _signal_init                              - Undefined Weak Reference
    _terminate_alloc                          - Undefined Weak Reference
    _terminate_user_alloc                     - Undefined Weak Reference
    _terminateio                              - Undefined Weak Reference
    __Vectors_Size                           0x00000130   Number         0  startup_stm32f10x_hd.o ABSOLUTE
    __Vectors                                0x08000000   Data           4  startup_stm32f10x_hd.o(RESET)
    __Vectors_End                            0x08000130   Data           0  startup_stm32f10x_hd.o(RESET)
    __main                                   0x08000131   Thumb Code     8  __main.o(!!!main)
    __scatterload                            0x08000139   Thumb Code     0  __scatter.o(!!!scatter)
    __scatterload_rt2                        0x08000139   Thumb Code    44  __scatter.o(!!!scatter)
    __scatterload_rt2_thumb_only             0x08000139   Thumb Code     0  __scatter.o(!!!scatter)
    __scatterload_null                       0x08000147   Thumb Code     0  __scatter.o(!!!scatter)
    __scatterload_copy                       0x0800016d   Thumb Code    26  __scatter_copy.o(!!handler_copy)
    __scatterload_zeroinit                   0x08000189   Thumb Code    28  __scatter_zi.o(!!handler_zi)
    _printf_n                                0x080001a5   Thumb Code     0  _printf_n.o(.ARM.Collect$$_printf_percent$$00000001)
    _printf_percent                          0x080001a5   Thumb Code     0  _printf_percent.o(.ARM.Collect$$_printf_percent$$00000000)
    _printf_p                                0x080001ab   Thumb Code     0  _printf_p.o(.ARM.Collect$$_printf_percent$$00000002)
    _printf_f                                0x080001b1   Thumb Code     0  _printf_f.o(.ARM.Collect$$_printf_percent$$00000003)
    _printf_e                                0x080001b7   Thumb Code     0  _printf_e.o(.ARM.Collect$$_printf_percent$$00000004)
    _printf_g                                0x080001bd   Thumb Code     0  _printf_g.o(.ARM.Collect$$_printf_percent$$00000005)
    _printf_a                                0x080001c3   Thumb Code     0  _printf_a.o(.ARM.Collect$$_printf_percent$$00000006)
    _printf_ll                               0x080001c9   Thumb Code     0  _printf_ll.o(.ARM.Collect$$_printf_percent$$00000007)
    _printf_i                                0x080001d3   Thumb Code     0  _printf_i.o(.ARM.Collect$$_printf_percent$$00000008)
    _printf_d                                0x080001d9   Thumb Code     0  _printf_d.o(.ARM.Collect$$_printf_percent$$00000009)
    _printf_u                                0x080001df   Thumb Code     0  _printf_u.o(.ARM.Collect$$_printf_percent$$0000000A)
    _printf_o                                0x080001e5   Thumb Code     0  _printf_o.o(.ARM.Collect$$_printf_percent$$0000000B)
    _printf_x                                0x080001eb   Thumb Code     0  _printf_x.o(.ARM.Collect$$_printf_percent$$0000000C)
    _printf_lli                              0x080001f1   Thumb Code     0  _printf_lli.o(.ARM.Collect$$_printf_percent$$0000000D)
    _printf_lld                              0x080001f7   Thumb Code     0  _printf_lld.o(.ARM.Collect$$_printf_percent$$0000000E)
    _printf_llu                              0x080001fd   Thumb Code     0  _printf_llu.o(.ARM.Collect$$_printf_percent$$0000000F)
    _printf_llo                              0x08000203   Thumb Code     0  _printf_llo.o(.ARM.Collect$$_printf_percent$$00000010)
    _printf_llx                              0x08000209   Thumb Code     0  _printf_llx.o(.ARM.Collect$$_printf_percent$$00000011)
    _printf_l                                0x0800020f   Thumb Code     0  _printf_l.o(.ARM.Collect$$_printf_percent$$00000012)
    _printf_c                                0x08000219   Thumb Code     0  _printf_c.o(.ARM.Collect$$_printf_percent$$00000013)
    _printf_s                                0x0800021f   Thumb Code     0  _printf_s.o(.ARM.Collect$$_printf_percent$$00000014)
    _printf_lc                               0x08000225   Thumb Code     0  _printf_lc.o(.ARM.Collect$$_printf_percent$$00000015)
    _printf_ls                               0x0800022b   Thumb Code     0  _printf_ls.o(.ARM.Collect$$_printf_percent$$00000016)
    _printf_percent_end                      0x08000231   Thumb Code     0  _printf_percent_end.o(.ARM.Collect$$_printf_percent$$00000017)
    __rt_lib_init                            0x08000235   Thumb Code     0  libinit.o(.ARM.Collect$$libinit$$00000000)
    __rt_lib_init_fp_1                       0x08000237   Thumb Code     0  libinit2.o(.ARM.Collect$$libinit$$00000002)
    __rt_lib_init_heap_1                     0x08000237   Thumb Code     0  libinit2.o(.ARM.Collect$$libinit$$0000000A)
    __rt_lib_init_preinit_1                  0x08000237   Thumb Code     0  libinit2.o(.ARM.Collect$$libinit$$00000004)
    __rt_lib_init_rand_2                     0x08000237   Thumb Code     0  libinit2.o(.ARM.Collect$$libinit$$0000000D)
    __rt_lib_init_user_alloc_1               0x08000237   Thumb Code     0  libinit2.o(.ARM.Collect$$libinit$$0000000C)
    __rt_lib_init_lc_common                  0x0800023b   Thumb Code     0  libinit2.o(.ARM.Collect$$libinit$$0000000F)
    __rt_lib_init_rand_1                     0x0800023b   Thumb Code     0  libinit2.o(.ARM.Collect$$libinit$$0000000E)
    __rt_lib_init_lc_collate_1               0x08000241   Thumb Code     0  libinit2.o(.ARM.Collect$$libinit$$00000011)
    __rt_lib_init_lc_ctype_2                 0x08000241   Thumb Code     0  libinit2.o(.ARM.Collect$$libinit$$00000012)
    __rt_lib_init_lc_ctype_1                 0x0800024d   Thumb Code     0  libinit2.o(.ARM.Collect$$libinit$$00000013)
    __rt_lib_init_lc_monetary_1              0x0800024d   Thumb Code     0  libinit2.o(.ARM.Collect$$libinit$$00000015)
    __rt_lib_init_lc_numeric_2               0x0800024d   Thumb Code     0  libinit2.o(.ARM.Collect$$libinit$$00000016)
    __rt_lib_init_alloca_1                   0x08000257   Thumb Code     0  libinit2.o(.ARM.Collect$$libinit$$0000002E)
    __rt_lib_init_argv_1                     0x08000257   Thumb Code     0  libinit2.o(.ARM.Collect$$libinit$$0000002C)
    __rt_lib_init_atexit_1                   0x08000257   Thumb Code     0  libinit2.o(.ARM.Collect$$libinit$$0000001B)
    __rt_lib_init_clock_1                    0x08000257   Thumb Code     0  libinit2.o(.ARM.Collect$$libinit$$00000021)
    __rt_lib_init_cpp_1                      0x08000257   Thumb Code     0  libinit2.o(.ARM.Collect$$libinit$$00000032)
    __rt_lib_init_exceptions_1               0x08000257   Thumb Code     0  libinit2.o(.ARM.Collect$$libinit$$00000030)
    __rt_lib_init_fp_trap_1                  0x08000257   Thumb Code     0  libinit2.o(.ARM.Collect$$libinit$$0000001F)
    __rt_lib_init_getenv_1                   0x08000257   Thumb Code     0  libinit2.o(.ARM.Collect$$libinit$$00000023)
    __rt_lib_init_lc_numeric_1               0x08000257   Thumb Code     0  libinit2.o(.ARM.Collect$$libinit$$00000017)
    __rt_lib_init_lc_time_1                  0x08000257   Thumb Code     0  libinit2.o(.ARM.Collect$$libinit$$00000019)
    __rt_lib_init_return                     0x08000257   Thumb Code     0  libinit2.o(.ARM.Collect$$libinit$$00000033)
    __rt_lib_init_signal_1                   0x08000257   Thumb Code     0  libinit2.o(.ARM.Collect$$libinit$$0000001D)
    __rt_lib_init_stdio_1                    0x08000257   Thumb Code     0  libinit2.o(.ARM.Collect$$libinit$$00000025)
    __rt_lib_shutdown                        0x08000259   Thumb Code     0  libshutdown.o(.ARM.Collect$$libshutdown$$00000000)
    __rt_lib_shutdown_cpp_1                  0x0800025b   Thumb Code     0  libshutdown2.o(.ARM.Collect$$libshutdown$$00000004)
    __rt_lib_shutdown_fini_1                 0x0800025b   Thumb Code     0  libshutdown2.o(.ARM.Collect$$libshutdown$$00000002)
    __rt_lib_shutdown_fp_trap_1              0x0800025b   Thumb Code     0  libshutdown2.o(.ARM.Collect$$libshutdown$$00000009)
    __rt_lib_shutdown_heap_1                 0x0800025b   Thumb Code     0  libshutdown2.o(.ARM.Collect$$libshutdown$$00000011)
    __rt_lib_shutdown_return                 0x0800025b   Thumb Code     0  libshutdown2.o(.ARM.Collect$$libshutdown$$00000012)
    __rt_lib_shutdown_signal_1               0x0800025b   Thumb Code     0  libshutdown2.o(.ARM.Collect$$libshutdown$$0000000C)
    __rt_lib_shutdown_stdio_1                0x0800025b   Thumb Code     0  libshutdown2.o(.ARM.Collect$$libshutdown$$00000006)
    __rt_lib_shutdown_user_alloc_1           0x0800025b   Thumb Code     0  libshutdown2.o(.ARM.Collect$$libshutdown$$0000000E)
    __rt_entry                               0x0800025d   Thumb Code     0  __rtentry.o(.ARM.Collect$$rtentry$$00000000)
    __rt_entry_presh_1                       0x0800025d   Thumb Code     0  __rtentry2.o(.ARM.Collect$$rtentry$$00000002)
    __rt_entry_sh                            0x0800025d   Thumb Code     0  __rtentry4.o(.ARM.Collect$$rtentry$$00000004)
    __rt_entry_li                            0x08000263   Thumb Code     0  __rtentry2.o(.ARM.Collect$$rtentry$$0000000A)
    __rt_entry_postsh_1                      0x08000263   Thumb Code     0  __rtentry2.o(.ARM.Collect$$rtentry$$00000009)
    __rt_entry_main                          0x08000267   Thumb Code     0  __rtentry2.o(.ARM.Collect$$rtentry$$0000000D)
    __rt_entry_postli_1                      0x08000267   Thumb Code     0  __rtentry2.o(.ARM.Collect$$rtentry$$0000000C)
    __rt_exit                                0x0800026f   Thumb Code     0  rtexit.o(.ARM.Collect$$rtexit$$00000000)
    __rt_exit_ls                             0x08000271   Thumb Code     0  rtexit2.o(.ARM.Collect$$rtexit$$00000003)
    __rt_exit_prels_1                        0x08000271   Thumb Code     0  rtexit2.o(.ARM.Collect$$rtexit$$00000002)
    __rt_exit_exit                           0x08000275   Thumb Code     0  rtexit2.o(.ARM.Collect$$rtexit$$00000004)
    rand                                     0x0800027d   Thumb Code    48  rand.o(.emb_text)
    main                                     0x080002b1   Thumb Code   144  main.o(.text)
    NMI_Handler                              0x08000351   Thumb Code     2  stm32f10x_it.o(.text)
    HardFault_Handler                        0x08000353   Thumb Code     4  stm32f10x_it.o(.text)
    MemManage_Handler                        0x08000357   Thumb Code     4  stm32f10x_it.o(.text)
    BusFault_Handler                         0x0800035b   Thumb Code     4  stm32f10x_it.o(.text)
    UsageFault_Handler                       0x0800035f   Thumb Code     4  stm32f10x_it.o(.text)
    SVC_Handler                              0x08000363   Thumb Code     2  stm32f10x_it.o(.text)
    DebugMon_Handler                         0x08000365   Thumb Code     2  stm32f10x_it.o(.text)
    PendSV_Handler                           0x08000367   Thumb Code     2  stm32f10x_it.o(.text)
    SysTick_Handler                          0x08000369   Thumb Code     2  stm32f10x_it.o(.text)
    SystemInit                               0x0800044b   Thumb Code    78  system_stm32f10x.o(.text)
    SystemCoreClockUpdate                    0x08000499   Thumb Code   142  system_stm32f10x.o(.text)
    Reset_Handler                            0x0800054d   Thumb Code     8  startup_stm32f10x_hd.o(.text)
    ADC1_2_IRQHandler                        0x08000567   Thumb Code     0  startup_stm32f10x_hd.o(.text)
    ADC3_IRQHandler                          0x08000567   Thumb Code     0  startup_stm32f10x_hd.o(.text)
    CAN1_RX1_IRQHandler                      0x08000567   Thumb Code     0  startup_stm32f10x_hd.o(.text)
    CAN1_SCE_IRQHandler                      0x08000567   Thumb Code     0  startup_stm32f10x_hd.o(.text)
    DMA1_Channel1_IRQHandler                 0x08000567   Thumb Code     0  startup_stm32f10x_hd.o(.text)
    DMA1_Channel2_IRQHandler                 0x08000567   Thumb Code     0  startup_stm32f10x_hd.o(.text)
    DMA1_Channel3_IRQHandler                 0x08000567   Thumb Code     0  startup_stm32f10x_hd.o(.text)
    DMA1_Channel4_IRQHandler                 0x08000567   Thumb Code     0  startup_stm32f10x_hd.o(.text)
    DMA1_Channel5_IRQHandler                 0x08000567   Thumb Code     0  startup_stm32f10x_hd.o(.text)
    DMA1_Channel6_IRQHandler                 0x08000567   Thumb Code     0  startup_stm32f10x_hd.o(.text)
    DMA1_Channel7_IRQHandler                 0x08000567   Thumb Code     0  startup_stm32f10x_hd.o(.text)
    DMA2_Channel1_IRQHandler                 0x08000567   Thumb Code     0  startup_stm32f10x_hd.o(.text)
    DMA2_Channel2_IRQHandler                 0x08000567   Thumb Code     0  startup_stm32f10x_hd.o(.text)
    DMA2_Channel3_IRQHandler                 0x08000567   Thumb Code     0  startup_stm32f10x_hd.o(.text)
    DMA2_Channel4_5_IRQHandler               0x08000567   Thumb Code     0  startup_stm32f10x_hd.o(.text)
    EXTI0_IRQHandler                         0x08000567   Thumb Code     0  startup_stm32f10x_hd.o(.text)
    EXTI15_10_IRQHandler                     0x08000567   Thumb Code     0  startup_stm32f10x_hd.o(.text)
    EXTI1_IRQHandler                         0x08000567   Thumb Code     0  startup_stm32f10x_hd.o(.text)
    EXTI2_IRQHandler                         0x08000567   Thumb Code     0  startup_stm32f10x_hd.o(.text)
    EXTI3_IRQHandler                         0x08000567   Thumb Code     0  startup_stm32f10x_hd.o(.text)
    EXTI4_IRQHandler                         0x08000567   Thumb Code     0  startup_stm32f10x_hd.o(.text)
    EXTI9_5_IRQHandler                       0x08000567   Thumb Code     0  startup_stm32f10x_hd.o(.text)
    FLASH_IRQHandler                         0x08000567   Thumb Code     0  startup_stm32f10x_hd.o(.text)
    FSMC_IRQHandler                          0x08000567   Thumb Code     0  startup_stm32f10x_hd.o(.text)
    I2C1_ER_IRQHandler                       0x08000567   Thumb Code     0  startup_stm32f10x_hd.o(.text)
    I2C1_EV_IRQHandler                       0x08000567   Thumb Code     0  startup_stm32f10x_hd.o(.text)
    I2C2_ER_IRQHandler                       0x08000567   Thumb Code     0  startup_stm32f10x_hd.o(.text)
    I2C2_EV_IRQHandler                       0x08000567   Thumb Code     0  startup_stm32f10x_hd.o(.text)
    PVD_IRQHandler                           0x08000567   Thumb Code     0  startup_stm32f10x_hd.o(.text)
    RCC_IRQHandler                           0x08000567   Thumb Code     0  startup_stm32f10x_hd.o(.text)
    RTCAlarm_IRQHandler                      0x08000567   Thumb Code     0  startup_stm32f10x_hd.o(.text)
    RTC_IRQHandler                           0x08000567   Thumb Code     0  startup_stm32f10x_hd.o(.text)
    SDIO_IRQHandler                          0x08000567   Thumb Code     0  startup_stm32f10x_hd.o(.text)
    SPI1_IRQHandler                          0x08000567   Thumb Code     0  startup_stm32f10x_hd.o(.text)
    SPI2_IRQHandler                          0x08000567   Thumb Code     0  startup_stm32f10x_hd.o(.text)
    SPI3_IRQHandler                          0x08000567   Thumb Code     0  startup_stm32f10x_hd.o(.text)
    TAMPER_IRQHandler                        0x08000567   Thumb Code     0  startup_stm32f10x_hd.o(.text)
    TIM1_BRK_IRQHandler                      0x08000567   Thumb Code     0  startup_stm32f10x_hd.o(.text)
    TIM1_CC_IRQHandler                       0x08000567   Thumb Code     0  startup_stm32f10x_hd.o(.text)
    TIM1_TRG_COM_IRQHandler                  0x08000567   Thumb Code     0  startup_stm32f10x_hd.o(.text)
    TIM1_UP_IRQHandler                       0x08000567   Thumb Code     0  startup_stm32f10x_hd.o(.text)
    TIM2_IRQHandler                          0x08000567   Thumb Code     0  startup_stm32f10x_hd.o(.text)
    TIM4_IRQHandler                          0x08000567   Thumb Code     0  startup_stm32f10x_hd.o(.text)
    TIM5_IRQHandler                          0x08000567   Thumb Code     0  startup_stm32f10x_hd.o(.text)
    TIM6_IRQHandler                          0x08000567   Thumb Code     0  startup_stm32f10x_hd.o(.text)
    TIM7_IRQHandler                          0x08000567   Thumb Code     0  startup_stm32f10x_hd.o(.text)
    TIM8_BRK_IRQHandler                      0x08000567   Thumb Code     0  startup_stm32f10x_hd.o(.text)
    TIM8_CC_IRQHandler                       0x08000567   Thumb Code     0  startup_stm32f10x_hd.o(.text)
    TIM8_TRG_COM_IRQHandler                  0x08000567   Thumb Code     0  startup_stm32f10x_hd.o(.text)
    TIM8_UP_IRQHandler                       0x08000567   Thumb Code     0  startup_stm32f10x_hd.o(.text)
    UART4_IRQHandler                         0x08000567   Thumb Code     0  startup_stm32f10x_hd.o(.text)
    UART5_IRQHandler                         0x08000567   Thumb Code     0  startup_stm32f10x_hd.o(.text)
    USART1_IRQHandler                        0x08000567   Thumb Code     0  startup_stm32f10x_hd.o(.text)
    USART2_IRQHandler                        0x08000567   Thumb Code     0  startup_stm32f10x_hd.o(.text)
    USART3_IRQHandler                        0x08000567   Thumb Code     0  startup_stm32f10x_hd.o(.text)
    USBWakeUp_IRQHandler                     0x08000567   Thumb Code     0  startup_stm32f10x_hd.o(.text)
    USB_HP_CAN1_TX_IRQHandler                0x08000567   Thumb Code     0  startup_stm32f10x_hd.o(.text)
    USB_LP_CAN1_RX0_IRQHandler               0x08000567   Thumb Code     0  startup_stm32f10x_hd.o(.text)
    WWDG_IRQHandler                          0x08000567   Thumb Code     0  startup_stm32f10x_hd.o(.text)
    __user_initial_stackheap                 0x08000569   Thumb Code     0  startup_stm32f10x_hd.o(.text)
    NVIC_PriorityGroupConfig                 0x0800058d   Thumb Code    10  misc.o(.text)
    NVIC_Init                                0x08000597   Thumb Code   100  misc.o(.text)
    NVIC_SetVectorTable                      0x080005fb   Thumb Code    14  misc.o(.text)
    NVIC_SystemLPConfig                      0x08000609   Thumb Code    34  misc.o(.text)
    SysTick_CLKSourceConfig                  0x0800062b   Thumb Code    40  misc.o(.text)
    GPIO_DeInit                              0x08000669   Thumb Code   172  stm32f10x_gpio.o(.text)
    GPIO_AFIODeInit                          0x08000715   Thumb Code    20  stm32f10x_gpio.o(.text)
    GPIO_Init                                0x08000729   Thumb Code   278  stm32f10x_gpio.o(.text)
    GPIO_StructInit                          0x0800083f   Thumb Code    16  stm32f10x_gpio.o(.text)
    GPIO_ReadInputDataBit                    0x0800084f   Thumb Code    18  stm32f10x_gpio.o(.text)
    GPIO_ReadInputData                       0x08000861   Thumb Code     8  stm32f10x_gpio.o(.text)
    GPIO_ReadOutputDataBit                   0x08000869   Thumb Code    18  stm32f10x_gpio.o(.text)
    GPIO_ReadOutputData                      0x0800087b   Thumb Code     8  stm32f10x_gpio.o(.text)
    GPIO_SetBits                             0x08000883   Thumb Code     4  stm32f10x_gpio.o(.text)
    GPIO_ResetBits                           0x08000887   Thumb Code     4  stm32f10x_gpio.o(.text)
    GPIO_WriteBit                            0x0800088b   Thumb Code    10  stm32f10x_gpio.o(.text)
    GPIO_Write                               0x08000895   Thumb Code     4  stm32f10x_gpio.o(.text)
    GPIO_PinLockConfig                       0x08000899   Thumb Code    18  stm32f10x_gpio.o(.text)
    GPIO_EventOutputConfig                   0x080008ab   Thumb Code    26  stm32f10x_gpio.o(.text)
    GPIO_EventOutputCmd                      0x080008c5   Thumb Code     6  stm32f10x_gpio.o(.text)
    GPIO_PinRemapConfig                      0x080008cb   Thumb Code   138  stm32f10x_gpio.o(.text)
    GPIO_EXTILineConfig                      0x08000955   Thumb Code    66  stm32f10x_gpio.o(.text)
    GPIO_ETH_MediaInterfaceConfig            0x08000997   Thumb Code     8  stm32f10x_gpio.o(.text)
    RCC_DeInit                               0x080009c5   Thumb Code    64  stm32f10x_rcc.o(.text)
    RCC_HSEConfig                            0x08000a05   Thumb Code    70  stm32f10x_rcc.o(.text)
    RCC_GetFlagStatus                        0x08000a4b   Thumb Code    56  stm32f10x_rcc.o(.text)
    RCC_WaitForHSEStartUp                    0x08000a83   Thumb Code    56  stm32f10x_rcc.o(.text)
    RCC_AdjustHSICalibrationValue            0x08000abb   Thumb Code    20  stm32f10x_rcc.o(.text)
    RCC_HSICmd                               0x08000acf   Thumb Code     6  stm32f10x_rcc.o(.text)
    RCC_PLLConfig                            0x08000ad5   Thumb Code    24  stm32f10x_rcc.o(.text)
    RCC_PLLCmd                               0x08000aed   Thumb Code     6  stm32f10x_rcc.o(.text)
    RCC_SYSCLKConfig                         0x08000af3   Thumb Code    18  stm32f10x_rcc.o(.text)
    RCC_GetSYSCLKSource                      0x08000b05   Thumb Code    10  stm32f10x_rcc.o(.text)
    RCC_HCLKConfig                           0x08000b0f   Thumb Code    18  stm32f10x_rcc.o(.text)
    RCC_PCLK1Config                          0x08000b21   Thumb Code    18  stm32f10x_rcc.o(.text)
    RCC_PCLK2Config                          0x08000b33   Thumb Code    20  stm32f10x_rcc.o(.text)
    RCC_ITConfig                             0x08000b47   Thumb Code    26  stm32f10x_rcc.o(.text)
    RCC_USBCLKConfig                         0x08000b61   Thumb Code     8  stm32f10x_rcc.o(.text)
    RCC_ADCCLKConfig                         0x08000b69   Thumb Code    18  stm32f10x_rcc.o(.text)
    RCC_LSEConfig                            0x08000b7b   Thumb Code    50  stm32f10x_rcc.o(.text)
    RCC_LSICmd                               0x08000bad   Thumb Code     6  stm32f10x_rcc.o(.text)
    RCC_RTCCLKConfig                         0x08000bb3   Thumb Code    12  stm32f10x_rcc.o(.text)
    RCC_RTCCLKCmd                            0x08000bbf   Thumb Code     8  stm32f10x_rcc.o(.text)
    RCC_GetClocksFreq                        0x08000bc7   Thumb Code   192  stm32f10x_rcc.o(.text)
    RCC_AHBPeriphClockCmd                    0x08000c87   Thumb Code    26  stm32f10x_rcc.o(.text)
    RCC_APB2PeriphClockCmd                   0x08000ca1   Thumb Code    26  stm32f10x_rcc.o(.text)
    RCC_APB1PeriphClockCmd                   0x08000cbb   Thumb Code    26  stm32f10x_rcc.o(.text)
    RCC_APB2PeriphResetCmd                   0x08000cd5   Thumb Code    26  stm32f10x_rcc.o(.text)
    RCC_APB1PeriphResetCmd                   0x08000cef   Thumb Code    26  stm32f10x_rcc.o(.text)
    RCC_BackupResetCmd                       0x08000d09   Thumb Code     8  stm32f10x_rcc.o(.text)
    RCC_ClockSecuritySystemCmd               0x08000d11   Thumb Code     6  stm32f10x_rcc.o(.text)
    RCC_MCOConfig                            0x08000d17   Thumb Code     6  stm32f10x_rcc.o(.text)
    RCC_ClearFlag                            0x08000d1d   Thumb Code    14  stm32f10x_rcc.o(.text)
    RCC_GetITStatus                          0x08000d2b   Thumb Code    20  stm32f10x_rcc.o(.text)
    RCC_ClearITPendingBit                    0x08000d3f   Thumb Code     6  stm32f10x_rcc.o(.text)
    TIM_DeInit                               0x08000d69   Thumb Code   424  stm32f10x_tim.o(.text)
    TIM_TimeBaseInit                         0x08000f11   Thumb Code   122  stm32f10x_tim.o(.text)
    TIM_OC1Init                              0x08000f8b   Thumb Code   132  stm32f10x_tim.o(.text)
    TIM_OC2Init                              0x0800100f   Thumb Code   154  stm32f10x_tim.o(.text)
    TIM_OC3Init                              0x080010a9   Thumb Code   150  stm32f10x_tim.o(.text)
    TIM_OC4Init                              0x0800113f   Thumb Code   182  stm32f10x_tim.o(.text)
    TIM_SetIC4Prescaler                      0x080011f5   Thumb Code    26  stm32f10x_tim.o(.text)
    TIM_SetIC3Prescaler                      0x08001291   Thumb Code    18  stm32f10x_tim.o(.text)
    TIM_SetIC2Prescaler                      0x0800131d   Thumb Code    26  stm32f10x_tim.o(.text)
    TIM_SetIC1Prescaler                      0x080013b9   Thumb Code    18  stm32f10x_tim.o(.text)
    TIM_ICInit                               0x08001437   Thumb Code   150  stm32f10x_tim.o(.text)
    TIM_PWMIConfig                           0x080014cd   Thumb Code   124  stm32f10x_tim.o(.text)
    TIM_BDTRConfig                           0x08001549   Thumb Code    32  stm32f10x_tim.o(.text)
    TIM_TimeBaseStructInit                   0x08001569   Thumb Code    18  stm32f10x_tim.o(.text)
    TIM_OCStructInit                         0x0800157b   Thumb Code    20  stm32f10x_tim.o(.text)
    TIM_ICStructInit                         0x0800158f   Thumb Code    18  stm32f10x_tim.o(.text)
    TIM_BDTRStructInit                       0x080015a1   Thumb Code    40  stm32f10x_tim.o(.text)
    TIM_Cmd                                  0x080015c9   Thumb Code    24  stm32f10x_tim.o(.text)
    TIM_CtrlPWMOutputs                       0x080015e1   Thumb Code    30  stm32f10x_tim.o(.text)
    TIM_ITConfig                             0x080015ff   Thumb Code    18  stm32f10x_tim.o(.text)
    TIM_GenerateEvent                        0x08001611   Thumb Code     4  stm32f10x_tim.o(.text)
    TIM_DMAConfig                            0x08001615   Thumb Code    10  stm32f10x_tim.o(.text)
    TIM_DMACmd                               0x0800161f   Thumb Code    18  stm32f10x_tim.o(.text)
    TIM_InternalClockConfig                  0x08001631   Thumb Code    12  stm32f10x_tim.o(.text)
    TIM_SelectInputTrigger                   0x0800163d   Thumb Code    18  stm32f10x_tim.o(.text)
    TIM_ITRxExternalClockConfig              0x0800164f   Thumb Code    24  stm32f10x_tim.o(.text)
    TIM_TIxExternalClockConfig               0x08001667   Thumb Code    62  stm32f10x_tim.o(.text)
    TIM_ETRConfig                            0x080016a5   Thumb Code    28  stm32f10x_tim.o(.text)
    TIM_ETRClockMode1Config                  0x080016c1   Thumb Code    54  stm32f10x_tim.o(.text)
    TIM_ETRClockMode2Config                  0x080016f7   Thumb Code    32  stm32f10x_tim.o(.text)
    TIM_PrescalerConfig                      0x08001717   Thumb Code     6  stm32f10x_tim.o(.text)
    TIM_CounterModeConfig                    0x0800171d   Thumb Code    18  stm32f10x_tim.o(.text)
    TIM_EncoderInterfaceConfig               0x0800172f   Thumb Code    66  stm32f10x_tim.o(.text)
    TIM_ForcedOC1Config                      0x08001771   Thumb Code    18  stm32f10x_tim.o(.text)
    TIM_ForcedOC2Config                      0x08001783   Thumb Code    26  stm32f10x_tim.o(.text)
    TIM_ForcedOC3Config                      0x0800179d   Thumb Code    18  stm32f10x_tim.o(.text)
    TIM_ForcedOC4Config                      0x080017af   Thumb Code    26  stm32f10x_tim.o(.text)
    TIM_ARRPreloadConfig                     0x080017c9   Thumb Code    24  stm32f10x_tim.o(.text)
    TIM_SelectCOM                            0x080017e1   Thumb Code    24  stm32f10x_tim.o(.text)
    TIM_SelectCCDMA                          0x080017f9   Thumb Code    24  stm32f10x_tim.o(.text)
    TIM_CCPreloadControl                     0x08001811   Thumb Code    24  stm32f10x_tim.o(.text)
    TIM_OC1PreloadConfig                     0x08001829   Thumb Code    18  stm32f10x_tim.o(.text)
    TIM_OC2PreloadConfig                     0x0800183b   Thumb Code    26  stm32f10x_tim.o(.text)
    TIM_OC3PreloadConfig                     0x08001855   Thumb Code    18  stm32f10x_tim.o(.text)
    TIM_OC4PreloadConfig                     0x08001867   Thumb Code    26  stm32f10x_tim.o(.text)
    TIM_OC1FastConfig                        0x08001881   Thumb Code    18  stm32f10x_tim.o(.text)
    TIM_OC2FastConfig                        0x08001893   Thumb Code    26  stm32f10x_tim.o(.text)
    TIM_OC3FastConfig                        0x080018ad   Thumb Code    18  stm32f10x_tim.o(.text)
    TIM_OC4FastConfig                        0x080018bf   Thumb Code    26  stm32f10x_tim.o(.text)
    TIM_ClearOC1Ref                          0x080018d9   Thumb Code    18  stm32f10x_tim.o(.text)
    TIM_ClearOC2Ref                          0x080018eb   Thumb Code    24  stm32f10x_tim.o(.text)
    TIM_ClearOC3Ref                          0x08001903   Thumb Code    18  stm32f10x_tim.o(.text)
    TIM_ClearOC4Ref                          0x08001915   Thumb Code    24  stm32f10x_tim.o(.text)
    TIM_OC1PolarityConfig                    0x0800192d   Thumb Code    18  stm32f10x_tim.o(.text)
    TIM_OC1NPolarityConfig                   0x0800193f   Thumb Code    18  stm32f10x_tim.o(.text)
    TIM_OC2PolarityConfig                    0x08001951   Thumb Code    26  stm32f10x_tim.o(.text)
    TIM_OC2NPolarityConfig                   0x0800196b   Thumb Code    26  stm32f10x_tim.o(.text)
    TIM_OC3PolarityConfig                    0x08001985   Thumb Code    26  stm32f10x_tim.o(.text)
    TIM_OC3NPolarityConfig                   0x0800199f   Thumb Code    26  stm32f10x_tim.o(.text)
    TIM_OC4PolarityConfig                    0x080019b9   Thumb Code    26  stm32f10x_tim.o(.text)
    TIM_CCxCmd                               0x080019d3   Thumb Code    30  stm32f10x_tim.o(.text)
    TIM_CCxNCmd                              0x080019f1   Thumb Code    30  stm32f10x_tim.o(.text)
    TIM_SelectOCxM                           0x08001a0f   Thumb Code    82  stm32f10x_tim.o(.text)
    TIM_UpdateDisableConfig                  0x08001a61   Thumb Code    24  stm32f10x_tim.o(.text)
    TIM_UpdateRequestConfig                  0x08001a79   Thumb Code    24  stm32f10x_tim.o(.text)
    TIM_SelectHallSensor                     0x08001a91   Thumb Code    24  stm32f10x_tim.o(.text)
    TIM_SelectOnePulseMode                   0x08001aa9   Thumb Code    18  stm32f10x_tim.o(.text)
    TIM_SelectOutputTrigger                  0x08001abb   Thumb Code    18  stm32f10x_tim.o(.text)
    TIM_SelectSlaveMode                      0x08001acd   Thumb Code    18  stm32f10x_tim.o(.text)
    TIM_SelectMasterSlaveMode                0x08001adf   Thumb Code    18  stm32f10x_tim.o(.text)
    TIM_SetCounter                           0x08001af1   Thumb Code     4  stm32f10x_tim.o(.text)
    TIM_SetAutoreload                        0x08001af5   Thumb Code     4  stm32f10x_tim.o(.text)
    TIM_SetCompare1                          0x08001af9   Thumb Code     4  stm32f10x_tim.o(.text)
    TIM_SetCompare2                          0x08001afd   Thumb Code     4  stm32f10x_tim.o(.text)
    TIM_SetCompare3                          0x08001b01   Thumb Code     4  stm32f10x_tim.o(.text)
    TIM_SetCompare4                          0x08001b05   Thumb Code     6  stm32f10x_tim.o(.text)
    TIM_SetClockDivision                     0x08001b0b   Thumb Code    18  stm32f10x_tim.o(.text)
    TIM_GetCapture1                          0x08001b1d   Thumb Code     6  stm32f10x_tim.o(.text)
    TIM_GetCapture2                          0x08001b23   Thumb Code     6  stm32f10x_tim.o(.text)
    TIM_GetCapture3                          0x08001b29   Thumb Code     6  stm32f10x_tim.o(.text)
    TIM_GetCapture4                          0x08001b2f   Thumb Code     8  stm32f10x_tim.o(.text)
    TIM_GetCounter                           0x08001b37   Thumb Code     6  stm32f10x_tim.o(.text)
    TIM_GetPrescaler                         0x08001b3d   Thumb Code     6  stm32f10x_tim.o(.text)
    TIM_GetFlagStatus                        0x08001b43   Thumb Code    18  stm32f10x_tim.o(.text)
    TIM_ClearFlag                            0x08001b55   Thumb Code     6  stm32f10x_tim.o(.text)
    TIM_GetITStatus                          0x08001b5b   Thumb Code    34  stm32f10x_tim.o(.text)
    TIM_ClearITPendingBit                    0x08001b7d   Thumb Code     6  stm32f10x_tim.o(.text)
    USART_DeInit                             0x08001b85   Thumb Code   134  stm32f10x_usart.o(.text)
    USART_Init                               0x08001c0b   Thumb Code   210  stm32f10x_usart.o(.text)
    USART_StructInit                         0x08001cdd   Thumb Code    24  stm32f10x_usart.o(.text)
    USART_ClockInit                          0x08001cf5   Thumb Code    34  stm32f10x_usart.o(.text)
    USART_ClockStructInit                    0x08001d17   Thumb Code    12  stm32f10x_usart.o(.text)
    USART_Cmd                                0x08001d23   Thumb Code    24  stm32f10x_usart.o(.text)
    USART_ITConfig                           0x08001d3b   Thumb Code    74  stm32f10x_usart.o(.text)
    USART_DMACmd                             0x08001d85   Thumb Code    18  stm32f10x_usart.o(.text)
    USART_SetAddress                         0x08001d97   Thumb Code    18  stm32f10x_usart.o(.text)
    USART_WakeUpConfig                       0x08001da9   Thumb Code    18  stm32f10x_usart.o(.text)
    USART_ReceiverWakeUpCmd                  0x08001dbb   Thumb Code    24  stm32f10x_usart.o(.text)
    USART_LINBreakDetectLengthConfig         0x08001dd3   Thumb Code    18  stm32f10x_usart.o(.text)
    USART_LINCmd                             0x08001de5   Thumb Code    24  stm32f10x_usart.o(.text)
    USART_SendData                           0x08001dfd   Thumb Code     8  stm32f10x_usart.o(.text)
    USART_ReceiveData                        0x08001e05   Thumb Code    10  stm32f10x_usart.o(.text)
    USART_SendBreak                          0x08001e0f   Thumb Code    10  stm32f10x_usart.o(.text)
    USART_SetGuardTime                       0x08001e19   Thumb Code    16  stm32f10x_usart.o(.text)
    USART_SetPrescaler                       0x08001e29   Thumb Code    16  stm32f10x_usart.o(.text)
    USART_SmartCardCmd                       0x08001e39   Thumb Code    24  stm32f10x_usart.o(.text)
    USART_SmartCardNACKCmd                   0x08001e51   Thumb Code    24  stm32f10x_usart.o(.text)
    USART_HalfDuplexCmd                      0x08001e69   Thumb Code    24  stm32f10x_usart.o(.text)
    USART_OverSampling8Cmd                   0x08001e81   Thumb Code    22  stm32f10x_usart.o(.text)
    USART_OneBitMethodCmd                    0x08001e97   Thumb Code    24  stm32f10x_usart.o(.text)
    USART_IrDAConfig                         0x08001eaf   Thumb Code    18  stm32f10x_usart.o(.text)
    USART_IrDACmd                            0x08001ec1   Thumb Code    24  stm32f10x_usart.o(.text)
    USART_GetFlagStatus                      0x08001ed9   Thumb Code    26  stm32f10x_usart.o(.text)
    USART_ClearFlag                          0x08001ef3   Thumb Code    18  stm32f10x_usart.o(.text)
    USART_GetITStatus                        0x08001f05   Thumb Code    84  stm32f10x_usart.o(.text)
    USART_ClearITPendingBit                  0x08001f59   Thumb Code    52  stm32f10x_usart.o(.text)
    delay1ms                                 0x08001f8d   Thumb Code     2  delay.o(.text)
    delay_us                                 0x08001f8f   Thumb Code    46  delay.o(.text)
    delay_ms                                 0x08001fbd   Thumb Code    24  delay.o(.text)
    delay_s                                  0x08001fd5   Thumb Code    24  delay.o(.text)
    Serial_Init                              0x08001fed   Thumb Code   154  serial.o(.text)
    Serial_SendByte                          0x08002087   Thumb Code    34  serial.o(.text)
    Serial_SendArray                         0x080020a9   Thumb Code    26  serial.o(.text)
    Serial_SendString                        0x080020c3   Thumb Code    26  serial.o(.text)
    Serial_Pow                               0x080020dd   Thumb Code    20  serial.o(.text)
    Serial_SendNum                           0x080020f1   Thumb Code    58  serial.o(.text)
    fputc                                    0x0800212b   Thumb Code    16  serial.o(.text)
    Serial_Printf                            0x0800213b   Thumb Code    36  serial.o(.text)
    Led_Init                                 0x08002169   Thumb Code    52  led.o(.text)
    red_on                                   0x0800219d   Thumb Code    14  led.o(.text)
    red_off                                  0x080021ab   Thumb Code    14  led.o(.text)
    red_turn                                 0x080021b9   Thumb Code    26  led.o(.text)
    yellow_on                                0x080021d3   Thumb Code    12  led.o(.text)
    yellow_off                               0x080021df   Thumb Code    12  led.o(.text)
    yellow_turn                              0x080021eb   Thumb Code    24  led.o(.text)
    LCD_WR_REG                               0x0800220d   Thumb Code    28  lcd.o(.text)
    LCD_WR_DATAX                             0x08002229   Thumb Code    28  lcd.o(.text)
    LCD_RD_DATA                              0x08002245   Thumb Code    98  lcd.o(.text)
    LCD_WriteReg                             0x080022a7   Thumb Code    40  lcd.o(.text)
    LCD_ReadReg                              0x080022cf   Thumb Code    16  lcd.o(.text)
    LCD_WriteRAM_Prepare                     0x080022df   Thumb Code    12  lcd.o(.text)
    LCD_WriteRAM                             0x080022eb   Thumb Code    28  lcd.o(.text)
    LCD_BGR2RGB                              0x08002307   Thumb Code    26  lcd.o(.text)
    opt_delay                                0x08002321   Thumb Code    14  lcd.o(.text)
    LCD_SetCursor                            0x0800232f   Thumb Code   956  lcd.o(.text)
    LCD_ReadPoint                            0x080026eb   Thumb Code   506  lcd.o(.text)
    LCD_DisplayOn                            0x080028e5   Thumb Code    92  lcd.o(.text)
    LCD_DisplayOff                           0x08002941   Thumb Code    90  lcd.o(.text)
    LCD_Scan_Dir                             0x0800299b   Thumb Code  1126  lcd.o(.text)
    LCD_DrawPoint                            0x08002e01   Thumb Code    52  lcd.o(.text)
    LCD_Fast_DrawPoint                       0x08002e35   Thumb Code   854  lcd.o(.text)
    LCD_SSD_BackLightSet                     0x0800318b   Thumb Code   220  lcd.o(.text)
    LCD_Display_Dir                          0x08003267   Thumb Code   444  lcd.o(.text)
    LCD_Set_Window                           0x08003423   Thumb Code  1078  lcd.o(.text)
    LCD_Clear                                0x08003859   Thumb Code   122  lcd.o(.text)
    LCD_Init                                 0x080038d3   Thumb Code 15270  lcd.o(.text)
    LCD_Fill                                 0x08007479   Thumb Code   200  lcd.o(.text)
    LCD_Color_Fill                           0x08007541   Thumb Code   116  lcd.o(.text)
    LCD_DrawLine                             0x080075b5   Thumb Code   176  lcd.o(.text)
    LCD_DrawRectangle                        0x08007665   Thumb Code    60  lcd.o(.text)
    LCD_Draw_Circle                          0x080076a1   Thumb Code   152  lcd.o(.text)
    LCD_ShowChar                             0x08007739   Thumb Code   272  lcd.o(.text)
    LCD_Pow                                  0x08007849   Thumb Code    22  lcd.o(.text)
    LCD_ShowNum                              0x0800785f   Thumb Code   180  lcd.o(.text)
    LCD_ShowxNum                             0x08007913   Thumb Code   190  lcd.o(.text)
    LCD_ShowString                           0x080079d1   Thumb Code   102  lcd.o(.text)
    LCD_ShowSingleHZ                         0x08007a37   Thumb Code   380  lcd.o(.text)
    LCD_ShowHZ_ASCIIString                   0x08007bb3   Thumb Code    94  lcd.o(.text)
    Fill_LCD_Block                           0x08007c11   Thumb Code    58  lcd.o(.text)
    shuffle                                  0x08007c5d   Thumb Code    60  block.o(.text)
    interface_Init                           0x08007c99   Thumb Code   190  block.o(.text)
    new_block                                0x08007d57   Thumb Code   198  block.o(.text)
    Refresh_Display                          0x08007e1d   Thumb Code   112  block.o(.text)
    clean_row                                0x08007e8d   Thumb Code   130  block.o(.text)
    is_over                                  0x08007f0f   Thumb Code    66  block.o(.text)
    is_hasCollision                          0x08007f51   Thumb Code   136  block.o(.text)
    show_curr_block                          0x08007fd9   Thumb Code   208  block.o(.text)
    left_move                                0x080080a9   Thumb Code   126  block.o(.text)
    right_move                               0x08008127   Thumb Code   128  block.o(.text)
    transform                                0x080081a7   Thumb Code   164  block.o(.text)
    TIM3_Int_Init                            0x08008259   Thumb Code    90  timer.o(.text)
    TIM3_IRQHandler                          0x080082b3   Thumb Code    28  timer.o(.text)
    KEY_Init                                 0x080082d9   Thumb Code    82  key.o(.text)
    KEY_Scan                                 0x0800832b   Thumb Code   154  key.o(.text)
    vsprintf                                 0x080083d5   Thumb Code    32  vsprintf.o(.text)
    srand                                    0x080083f9   Thumb Code    42  rand.o(.text)
    _rand_init                               0x08008423   Thumb Code     4  rand.o(.text)
    __use_two_region_memory                  0x08008435   Thumb Code     2  heapauxi.o(.text)
    __rt_heap_escrow$2region                 0x08008437   Thumb Code     2  heapauxi.o(.text)
    __rt_heap_expand$2region                 0x08008439   Thumb Code     2  heapauxi.o(.text)
    _printf_pre_padding                      0x0800843b   Thumb Code    44  _printf_pad.o(.text)
    _printf_post_padding                     0x08008467   Thumb Code    34  _printf_pad.o(.text)
    _printf_truncate_signed                  0x08008489   Thumb Code    18  _printf_truncate.o(.text)
    _printf_truncate_unsigned                0x0800849b   Thumb Code    18  _printf_truncate.o(.text)
    _printf_str                              0x080084ad   Thumb Code    82  _printf_str.o(.text)
    _printf_int_dec                          0x08008501   Thumb Code   104  _printf_dec.o(.text)
    _printf_charcount                        0x08008579   Thumb Code    40  _printf_charcount.o(.text)
    _printf_char_common                      0x080085ab   Thumb Code    32  _printf_char_common.o(.text)
    _sputc                                   0x080085d1   Thumb Code    10  _sputc.o(.text)
    _printf_wctomb                           0x080085dd   Thumb Code   182  _printf_wctomb.o(.text)
    _printf_longlong_dec                     0x08008699   Thumb Code   108  _printf_longlong_dec.o(.text)
    _printf_longlong_oct                     0x08008715   Thumb Code    66  _printf_oct_int_ll.o(.text)
    _printf_int_oct                          0x08008757   Thumb Code    24  _printf_oct_int_ll.o(.text)
    _printf_ll_oct                           0x0800876f   Thumb Code    12  _printf_oct_int_ll.o(.text)
    _printf_longlong_hex                     0x08008785   Thumb Code    86  _printf_hex_int_ll_ptr.o(.text)
    _printf_int_hex                          0x080087db   Thumb Code    28  _printf_hex_int_ll_ptr.o(.text)
    _printf_ll_hex                           0x080087f7   Thumb Code    12  _printf_hex_int_ll_ptr.o(.text)
    _printf_hex_ptr                          0x08008803   Thumb Code    18  _printf_hex_int_ll_ptr.o(.text)
    __printf                                 0x08008819   Thumb Code   388  __printf_flags_ss_wp.o(.text)
    _ll_udiv10                               0x080089a1   Thumb Code   138  lludiv10.o(.text)
    _printf_int_common                       0x08008a2b   Thumb Code   178  _printf_intcommon.o(.text)
    __lib_sel_fp_printf                      0x08008add   Thumb Code     2  _printf_fp_dec.o(.text)
    _printf_fp_dec_real                      0x08008c8f   Thumb Code   620  _printf_fp_dec.o(.text)
    _printf_fp_hex_real                      0x08008efd   Thumb Code   756  _printf_fp_hex.o(.text)
    _printf_cs_common                        0x080091f9   Thumb Code    20  _printf_char.o(.text)
    _printf_char                             0x0800920d   Thumb Code    16  _printf_char.o(.text)
    _printf_string                           0x0800921d   Thumb Code     8  _printf_char.o(.text)
    _printf_lcs_common                       0x08009225   Thumb Code    20  _printf_wchar.o(.text)
    _printf_wchar                            0x08009239   Thumb Code    16  _printf_wchar.o(.text)
    _printf_wstring                          0x08009249   Thumb Code     8  _printf_wchar.o(.text)
    _wcrtomb                                 0x08009251   Thumb Code    64  _wcrtomb.o(.text)
    __user_setup_stackheap                   0x08009291   Thumb Code    74  sys_stackheap_outer.o(.text)
    __rt_ctype_table                         0x080092dd   Thumb Code    16  rt_ctype_table.o(.text)
    __rt_locale                              0x080092ed   Thumb Code     8  rt_locale_intlibspace.o(.text)
    _printf_fp_infnan                        0x080092f5   Thumb Code   112  _printf_fp_infnan.o(.text)
    _btod_etento                             0x08009375   Thumb Code   224  bigflt0.o(.text)
    exit                                     0x08009459   Thumb Code    18  exit.o(.text)
    __user_libspace                          0x0800946d   Thumb Code     8  libspace.o(.text)
    __user_perproc_libspace                  0x0800946d   Thumb Code     0  libspace.o(.text)
    __user_perthread_libspace                0x0800946d   Thumb Code     0  libspace.o(.text)
    strcmp                                   0x08009475   Thumb Code   128  strcmpv7m.o(.text)
    __I$use$semihosting                      0x080094f5   Thumb Code     0  use_no_semi.o(.text)
    __use_no_semihosting_swi                 0x080094f5   Thumb Code     2  use_no_semi.o(.text)
    __semihosting_library_function           0x080094f7   Thumb Code     0  indicate_semi.o(.text)
    _sys_exit                                0x080094f9   Thumb Code     8  sys_exit.o(.text)
    _btod_d2e                                0x08009505   Thumb Code    62  btod.o(CL$$btod_d2e)
    _d2e_denorm_low                          0x08009543   Thumb Code    70  btod.o(CL$$btod_d2e_denorm_low)
    _d2e_norm_op1                            0x08009589   Thumb Code    96  btod.o(CL$$btod_d2e_norm_op1)
    __btod_div_common                        0x080095e9   Thumb Code   696  btod.o(CL$$btod_div_common)
    _e2e                                     0x08009921   Thumb Code   220  btod.o(CL$$btod_e2e)
    _btod_ediv                               0x080099fd   Thumb Code    42  btod.o(CL$$btod_ediv)
    _btod_emul                               0x08009a27   Thumb Code    42  btod.o(CL$$btod_emul)
    __btod_mult_common                       0x08009a51   Thumb Code   580  btod.o(CL$$btod_mult_common)
    __ARM_fpclassify                         0x08009c95   Thumb Code    40  fpclassify.o(i.__ARM_fpclassify)
    _is_digit                                0x08009cbd   Thumb Code    14  __printf_wp.o(i._is_digit)
    _get_lc_numeric                          0x08009ccd   Thumb Code    44  lc_numeric_c.o(locale$$code)
    _get_lc_ctype                            0x08009cf9   Thumb Code    44  lc_ctype_c.o(locale$$code)
    __aeabi_d2uiz                            0x08009d25   Thumb Code     0  dfixu.o(x$fpl$dfixu)
    _dfixu                                   0x08009d25   Thumb Code    90  dfixu.o(x$fpl$dfixu)
    __aeabi_ui2d                             0x08009d7f   Thumb Code     0  dflt_clz.o(x$fpl$dfltu)
    _dfltu                                   0x08009d7f   Thumb Code    38  dflt_clz.o(x$fpl$dfltu)
    __aeabi_dmul                             0x08009da5   Thumb Code     0  dmul.o(x$fpl$dmul)
    _dmul                                    0x08009da5   Thumb Code   332  dmul.o(x$fpl$dmul)
    __fpl_dnaninf                            0x08009ef9   Thumb Code   156  dnaninf.o(x$fpl$dnaninf)
    __fpl_dretinf                            0x08009f95   Thumb Code    12  dretinf.o(x$fpl$dretinf)
    _printf_fp_dec                           0x08009fa1   Thumb Code     4  printf1.o(x$fpl$printf1)
    _printf_fp_hex                           0x08009fa5   Thumb Code     4  printf2.o(x$fpl$printf2)
    __I$use$fp                               0x08009fa8   Number         0  usenofp.o(x$fpl$usenofp)
    hz12_12                                  0x08009fa8   Data          52  lcd.o(.constdata)
    hz24_24                                  0x08009fdc   Data         148  lcd.o(.constdata)
    asc2_1206                                0x0800a070   Data        1140  lcd.o(.constdata)
    asc2_1608                                0x0800a4e4   Data        1520  lcd.o(.constdata)
    asc2_2412                                0x0800aad4   Data        3420  lcd.o(.constdata)
    Region$$Table$$Base                      0x0800b92c   Number         0  anon$$obj.o(Region$$Table)
    Region$$Table$$Limit                     0x0800b94c   Number         0  anon$$obj.o(Region$$Table)
    __ctype                                  0x0800b975   Data           0  lc_ctype_c.o(locale$$data)
    key_v                                    0x20000000   Data           4  main.o(.data)
    SystemCoreClock                          0x20000004   Data           4  system_stm32f10x.o(.data)
    AHBPrescTable                            0x20000008   Data          16  system_stm32f10x.o(.data)
    POINT_COLOR                              0x2000002c   Data           2  lcd.o(.data)
    BACK_COLOR                               0x2000002e   Data           2  lcd.o(.data)
    temperature                              0x20000030   Data           2  block.o(.data)
    block_int                                0x20000034   Data         112  block.o(.data)
    item_arr                                 0x200000a4   Data          28  block.o(.data)
    arr_size                                 0x200000c0   Data           4  block.o(.data)
    remaining                                0x200000c4   Data           4  block.o(.data)
    hasCollision                             0x200000c8   Data           4  block.o(.data)
    timer_flag                               0x200000cc   Data           4  timer.o(.data)
    rand_num                                 0x200000d0   Data           4  timer.o(.data)
    lcddev                                   0x200000d8   Data          14  lcd.o(.bss)
    curr_block                               0x200000e8   Data          20  block.o(.bss)
    face                                     0x200000fc   Data        1600  block.o(.bss)
    _random_number_data                      0x2000073c   Data         228  rand.o(.bss)
    __libspace_start                         0x20000820   Data          96  libspace.o(.bss)
    __temporary_stack_top$libspace           0x20000880   Data           0  libspace.o(.bss)



==============================================================================

Memory Map of the image

  Image Entry point : 0x08000131

  Load Region LR_IROM1 (Base: 0x08000000, Size: 0x0000bb50, Max: 0x00040000, ABSOLUTE)

    Execution Region ER_IROM1 (Exec base: 0x08000000, Load base: 0x08000000, Size: 0x0000ba78, Max: 0x00040000, ABSOLUTE)

    Exec Addr    Load Addr    Size         Type   Attr      Idx    E Section Name        Object

    0x08000000   0x08000000   0x00000130   Data   RO          187    RESET               startup_stm32f10x_hd.o
    0x08000130   0x08000130   0x00000008   Code   RO          658  * !!!main             c_w.l(__main.o)
    0x08000138   0x08000138   0x00000034   Code   RO         1011    !!!scatter          c_w.l(__scatter.o)
    0x0800016c   0x0800016c   0x0000001a   Code   RO         1013    !!handler_copy      c_w.l(__scatter_copy.o)
    0x08000186   0x08000186   0x00000002   PAD
    0x08000188   0x08000188   0x0000001c   Code   RO         1015    !!handler_zi        c_w.l(__scatter_zi.o)
    0x080001a4   0x080001a4   0x00000000   Code   RO          766    .ARM.Collect$$_printf_percent$$00000000  c_w.l(_printf_percent.o)
    0x080001a4   0x080001a4   0x00000006   Code   RO          755    .ARM.Collect$$_printf_percent$$00000001  c_w.l(_printf_n.o)
    0x080001aa   0x080001aa   0x00000006   Code   RO          757    .ARM.Collect$$_printf_percent$$00000002  c_w.l(_printf_p.o)
    0x080001b0   0x080001b0   0x00000006   Code   RO          762    .ARM.Collect$$_printf_percent$$00000003  c_w.l(_printf_f.o)
    0x080001b6   0x080001b6   0x00000006   Code   RO          763    .ARM.Collect$$_printf_percent$$00000004  c_w.l(_printf_e.o)
    0x080001bc   0x080001bc   0x00000006   Code   RO          764    .ARM.Collect$$_printf_percent$$00000005  c_w.l(_printf_g.o)
    0x080001c2   0x080001c2   0x00000006   Code   RO          765    .ARM.Collect$$_printf_percent$$00000006  c_w.l(_printf_a.o)
    0x080001c8   0x080001c8   0x0000000a   Code   RO          770    .ARM.Collect$$_printf_percent$$00000007  c_w.l(_printf_ll.o)
    0x080001d2   0x080001d2   0x00000006   Code   RO          759    .ARM.Collect$$_printf_percent$$00000008  c_w.l(_printf_i.o)
    0x080001d8   0x080001d8   0x00000006   Code   RO          760    .ARM.Collect$$_printf_percent$$00000009  c_w.l(_printf_d.o)
    0x080001de   0x080001de   0x00000006   Code   RO          761    .ARM.Collect$$_printf_percent$$0000000A  c_w.l(_printf_u.o)
    0x080001e4   0x080001e4   0x00000006   Code   RO          758    .ARM.Collect$$_printf_percent$$0000000B  c_w.l(_printf_o.o)
    0x080001ea   0x080001ea   0x00000006   Code   RO          756    .ARM.Collect$$_printf_percent$$0000000C  c_w.l(_printf_x.o)
    0x080001f0   0x080001f0   0x00000006   Code   RO          767    .ARM.Collect$$_printf_percent$$0000000D  c_w.l(_printf_lli.o)
    0x080001f6   0x080001f6   0x00000006   Code   RO          768    .ARM.Collect$$_printf_percent$$0000000E  c_w.l(_printf_lld.o)
    0x080001fc   0x080001fc   0x00000006   Code   RO          769    .ARM.Collect$$_printf_percent$$0000000F  c_w.l(_printf_llu.o)
    0x08000202   0x08000202   0x00000006   Code   RO          774    .ARM.Collect$$_printf_percent$$00000010  c_w.l(_printf_llo.o)
    0x08000208   0x08000208   0x00000006   Code   RO          775    .ARM.Collect$$_printf_percent$$00000011  c_w.l(_printf_llx.o)
    0x0800020e   0x0800020e   0x0000000a   Code   RO          771    .ARM.Collect$$_printf_percent$$00000012  c_w.l(_printf_l.o)
    0x08000218   0x08000218   0x00000006   Code   RO          753    .ARM.Collect$$_printf_percent$$00000013  c_w.l(_printf_c.o)
    0x0800021e   0x0800021e   0x00000006   Code   RO          754    .ARM.Collect$$_printf_percent$$00000014  c_w.l(_printf_s.o)
    0x08000224   0x08000224   0x00000006   Code   RO          772    .ARM.Collect$$_printf_percent$$00000015  c_w.l(_printf_lc.o)
    0x0800022a   0x0800022a   0x00000006   Code   RO          773    .ARM.Collect$$_printf_percent$$00000016  c_w.l(_printf_ls.o)
    0x08000230   0x08000230   0x00000004   Code   RO          866    .ARM.Collect$$_printf_percent$$00000017  c_w.l(_printf_percent_end.o)
    0x08000234   0x08000234   0x00000002   Code   RO          923    .ARM.Collect$$libinit$$00000000  c_w.l(libinit.o)
    0x08000236   0x08000236   0x00000000   Code   RO          777    .ARM.Collect$$libinit$$00000002  c_w.l(libinit2.o)
    0x08000236   0x08000236   0x00000000   Code   RO          779    .ARM.Collect$$libinit$$00000004  c_w.l(libinit2.o)
    0x08000236   0x08000236   0x00000000   Code   RO          782    .ARM.Collect$$libinit$$0000000A  c_w.l(libinit2.o)
    0x08000236   0x08000236   0x00000000   Code   RO          784    .ARM.Collect$$libinit$$0000000C  c_w.l(libinit2.o)
    0x08000236   0x08000236   0x00000004   Code   RO          785    .ARM.Collect$$libinit$$0000000D  c_w.l(libinit2.o)
    0x0800023a   0x0800023a   0x00000000   Code   RO          786    .ARM.Collect$$libinit$$0000000E  c_w.l(libinit2.o)
    0x0800023a   0x0800023a   0x00000006   Code   RO          787    .ARM.Collect$$libinit$$0000000F  c_w.l(libinit2.o)
    0x08000240   0x08000240   0x00000000   Code   RO          789    .ARM.Collect$$libinit$$00000011  c_w.l(libinit2.o)
    0x08000240   0x08000240   0x0000000c   Code   RO          790    .ARM.Collect$$libinit$$00000012  c_w.l(libinit2.o)
    0x0800024c   0x0800024c   0x00000000   Code   RO          791    .ARM.Collect$$libinit$$00000013  c_w.l(libinit2.o)
    0x0800024c   0x0800024c   0x00000000   Code   RO          793    .ARM.Collect$$libinit$$00000015  c_w.l(libinit2.o)
    0x0800024c   0x0800024c   0x0000000a   Code   RO          794    .ARM.Collect$$libinit$$00000016  c_w.l(libinit2.o)
    0x08000256   0x08000256   0x00000000   Code   RO          795    .ARM.Collect$$libinit$$00000017  c_w.l(libinit2.o)
    0x08000256   0x08000256   0x00000000   Code   RO          797    .ARM.Collect$$libinit$$00000019  c_w.l(libinit2.o)
    0x08000256   0x08000256   0x00000000   Code   RO          799    .ARM.Collect$$libinit$$0000001B  c_w.l(libinit2.o)
    0x08000256   0x08000256   0x00000000   Code   RO          801    .ARM.Collect$$libinit$$0000001D  c_w.l(libinit2.o)
    0x08000256   0x08000256   0x00000000   Code   RO          803    .ARM.Collect$$libinit$$0000001F  c_w.l(libinit2.o)
    0x08000256   0x08000256   0x00000000   Code   RO          805    .ARM.Collect$$libinit$$00000021  c_w.l(libinit2.o)
    0x08000256   0x08000256   0x00000000   Code   RO          807    .ARM.Collect$$libinit$$00000023  c_w.l(libinit2.o)
    0x08000256   0x08000256   0x00000000   Code   RO          809    .ARM.Collect$$libinit$$00000025  c_w.l(libinit2.o)
    0x08000256   0x08000256   0x00000000   Code   RO          813    .ARM.Collect$$libinit$$0000002C  c_w.l(libinit2.o)
    0x08000256   0x08000256   0x00000000   Code   RO          815    .ARM.Collect$$libinit$$0000002E  c_w.l(libinit2.o)
    0x08000256   0x08000256   0x00000000   Code   RO          817    .ARM.Collect$$libinit$$00000030  c_w.l(libinit2.o)
    0x08000256   0x08000256   0x00000000   Code   RO          819    .ARM.Collect$$libinit$$00000032  c_w.l(libinit2.o)
    0x08000256   0x08000256   0x00000002   Code   RO          820    .ARM.Collect$$libinit$$00000033  c_w.l(libinit2.o)
    0x08000258   0x08000258   0x00000002   Code   RO          970    .ARM.Collect$$libshutdown$$00000000  c_w.l(libshutdown.o)
    0x0800025a   0x0800025a   0x00000000   Code   RO          976    .ARM.Collect$$libshutdown$$00000002  c_w.l(libshutdown2.o)
    0x0800025a   0x0800025a   0x00000000   Code   RO          978    .ARM.Collect$$libshutdown$$00000004  c_w.l(libshutdown2.o)
    0x0800025a   0x0800025a   0x00000000   Code   RO          980    .ARM.Collect$$libshutdown$$00000006  c_w.l(libshutdown2.o)
    0x0800025a   0x0800025a   0x00000000   Code   RO          983    .ARM.Collect$$libshutdown$$00000009  c_w.l(libshutdown2.o)
    0x0800025a   0x0800025a   0x00000000   Code   RO          986    .ARM.Collect$$libshutdown$$0000000C  c_w.l(libshutdown2.o)
    0x0800025a   0x0800025a   0x00000000   Code   RO          988    .ARM.Collect$$libshutdown$$0000000E  c_w.l(libshutdown2.o)
    0x0800025a   0x0800025a   0x00000000   Code   RO          991    .ARM.Collect$$libshutdown$$00000011  c_w.l(libshutdown2.o)
    0x0800025a   0x0800025a   0x00000002   Code   RO          992    .ARM.Collect$$libshutdown$$00000012  c_w.l(libshutdown2.o)
    0x0800025c   0x0800025c   0x00000000   Code   RO          684    .ARM.Collect$$rtentry$$00000000  c_w.l(__rtentry.o)
    0x0800025c   0x0800025c   0x00000000   Code   RO          837    .ARM.Collect$$rtentry$$00000002  c_w.l(__rtentry2.o)
    0x0800025c   0x0800025c   0x00000006   Code   RO          849    .ARM.Collect$$rtentry$$00000004  c_w.l(__rtentry4.o)
    0x08000262   0x08000262   0x00000000   Code   RO          839    .ARM.Collect$$rtentry$$00000009  c_w.l(__rtentry2.o)
    0x08000262   0x08000262   0x00000004   Code   RO          840    .ARM.Collect$$rtentry$$0000000A  c_w.l(__rtentry2.o)
    0x08000266   0x08000266   0x00000000   Code   RO          842    .ARM.Collect$$rtentry$$0000000C  c_w.l(__rtentry2.o)
    0x08000266   0x08000266   0x00000008   Code   RO          843    .ARM.Collect$$rtentry$$0000000D  c_w.l(__rtentry2.o)
    0x0800026e   0x0800026e   0x00000002   Code   RO          933    .ARM.Collect$$rtexit$$00000000  c_w.l(rtexit.o)
    0x08000270   0x08000270   0x00000000   Code   RO          950    .ARM.Collect$$rtexit$$00000002  c_w.l(rtexit2.o)
    0x08000270   0x08000270   0x00000004   Code   RO          951    .ARM.Collect$$rtexit$$00000003  c_w.l(rtexit2.o)
    0x08000274   0x08000274   0x00000006   Code   RO          952    .ARM.Collect$$rtexit$$00000004  c_w.l(rtexit2.o)
    0x0800027a   0x0800027a   0x00000002   PAD
    0x0800027c   0x0800027c   0x00000034   Code   RO          651    .emb_text           c_w.l(rand.o)
    0x080002b0   0x080002b0   0x000000a0   Code   RO            1    .text               main.o
    0x08000350   0x08000350   0x0000001a   Code   RO          141    .text               stm32f10x_it.o
    0x0800036a   0x0800036a   0x00000002   PAD
    0x0800036c   0x0800036c   0x000001e0   Code   RO          156    .text               system_stm32f10x.o
    0x0800054c   0x0800054c   0x00000040   Code   RO          188    .text               startup_stm32f10x_hd.o
    0x0800058c   0x0800058c   0x000000dc   Code   RO          192    .text               misc.o
    0x08000668   0x08000668   0x0000035c   Code   RO          362    .text               stm32f10x_gpio.o
    0x080009c4   0x080009c4   0x000003a4   Code   RO          410    .text               stm32f10x_rcc.o
    0x08000d68   0x08000d68   0x00000e1a   Code   RO          460    .text               stm32f10x_tim.o
    0x08001b82   0x08001b82   0x00000002   PAD
    0x08001b84   0x08001b84   0x00000408   Code   RO          472    .text               stm32f10x_usart.o
    0x08001f8c   0x08001f8c   0x00000060   Code   RO          496    .text               delay.o
    0x08001fec   0x08001fec   0x0000017c   Code   RO          524    .text               serial.o
    0x08002168   0x08002168   0x000000a4   Code   RO          543    .text               led.o
    0x0800220c   0x0800220c   0x00005a50   Code   RO          555    .text               lcd.o
    0x08007c5c   0x08007c5c   0x000005fc   Code   RO          578    .text               block.o
    0x08008258   0x08008258   0x00000080   Code   RO          616    .text               timer.o
    0x080082d8   0x080082d8   0x000000fc   Code   RO          634    .text               key.o
    0x080083d4   0x080083d4   0x00000024   Code   RO          649    .text               c_w.l(vsprintf.o)
    0x080083f8   0x080083f8   0x0000003c   Code   RO          652    .text               c_w.l(rand.o)
    0x08008434   0x08008434   0x00000006   Code   RO          656    .text               c_w.l(heapauxi.o)
    0x0800843a   0x0800843a   0x0000004e   Code   RO          687    .text               c_w.l(_printf_pad.o)
    0x08008488   0x08008488   0x00000024   Code   RO          689    .text               c_w.l(_printf_truncate.o)
    0x080084ac   0x080084ac   0x00000052   Code   RO          691    .text               c_w.l(_printf_str.o)
    0x080084fe   0x080084fe   0x00000002   PAD
    0x08008500   0x08008500   0x00000078   Code   RO          693    .text               c_w.l(_printf_dec.o)
    0x08008578   0x08008578   0x00000028   Code   RO          695    .text               c_w.l(_printf_charcount.o)
    0x080085a0   0x080085a0   0x00000030   Code   RO          697    .text               c_w.l(_printf_char_common.o)
    0x080085d0   0x080085d0   0x0000000a   Code   RO          699    .text               c_w.l(_sputc.o)
    0x080085da   0x080085da   0x00000002   PAD
    0x080085dc   0x080085dc   0x000000bc   Code   RO          701    .text               c_w.l(_printf_wctomb.o)
    0x08008698   0x08008698   0x0000007c   Code   RO          704    .text               c_w.l(_printf_longlong_dec.o)
    0x08008714   0x08008714   0x00000070   Code   RO          710    .text               c_w.l(_printf_oct_int_ll.o)
    0x08008784   0x08008784   0x00000094   Code   RO          730    .text               c_w.l(_printf_hex_int_ll_ptr.o)
    0x08008818   0x08008818   0x00000188   Code   RO          750    .text               c_w.l(__printf_flags_ss_wp.o)
    0x080089a0   0x080089a0   0x0000008a   Code   RO          851    .text               c_w.l(lludiv10.o)
    0x08008a2a   0x08008a2a   0x000000b2   Code   RO          853    .text               c_w.l(_printf_intcommon.o)
    0x08008adc   0x08008adc   0x0000041e   Code   RO          855    .text               c_w.l(_printf_fp_dec.o)
    0x08008efa   0x08008efa   0x00000002   PAD
    0x08008efc   0x08008efc   0x000002fc   Code   RO          857    .text               c_w.l(_printf_fp_hex.o)
    0x080091f8   0x080091f8   0x0000002c   Code   RO          862    .text               c_w.l(_printf_char.o)
    0x08009224   0x08009224   0x0000002c   Code   RO          864    .text               c_w.l(_printf_wchar.o)
    0x08009250   0x08009250   0x00000040   Code   RO          867    .text               c_w.l(_wcrtomb.o)
    0x08009290   0x08009290   0x0000004a   Code   RO          873    .text               c_w.l(sys_stackheap_outer.o)
    0x080092da   0x080092da   0x00000002   PAD
    0x080092dc   0x080092dc   0x00000010   Code   RO          875    .text               c_w.l(rt_ctype_table.o)
    0x080092ec   0x080092ec   0x00000008   Code   RO          880    .text               c_w.l(rt_locale_intlibspace.o)
    0x080092f4   0x080092f4   0x00000080   Code   RO          882    .text               c_w.l(_printf_fp_infnan.o)
    0x08009374   0x08009374   0x000000e4   Code   RO          884    .text               c_w.l(bigflt0.o)
    0x08009458   0x08009458   0x00000012   Code   RO          912    .text               c_w.l(exit.o)
    0x0800946a   0x0800946a   0x00000002   PAD
    0x0800946c   0x0800946c   0x00000008   Code   RO          930    .text               c_w.l(libspace.o)
    0x08009474   0x08009474   0x00000080   Code   RO          944    .text               c_w.l(strcmpv7m.o)
    0x080094f4   0x080094f4   0x00000002   Code   RO          946    .text               c_w.l(use_no_semi.o)
    0x080094f6   0x080094f6   0x00000000   Code   RO          948    .text               c_w.l(indicate_semi.o)
    0x080094f6   0x080094f6   0x00000002   PAD
    0x080094f8   0x080094f8   0x0000000c   Code   RO          962    .text               c_w.l(sys_exit.o)
    0x08009504   0x08009504   0x0000003e   Code   RO          887    CL$$btod_d2e        c_w.l(btod.o)
    0x08009542   0x08009542   0x00000046   Code   RO          889    CL$$btod_d2e_denorm_low  c_w.l(btod.o)
    0x08009588   0x08009588   0x00000060   Code   RO          888    CL$$btod_d2e_norm_op1  c_w.l(btod.o)
    0x080095e8   0x080095e8   0x00000338   Code   RO          897    CL$$btod_div_common  c_w.l(btod.o)
    0x08009920   0x08009920   0x000000dc   Code   RO          894    CL$$btod_e2e        c_w.l(btod.o)
    0x080099fc   0x080099fc   0x0000002a   Code   RO          891    CL$$btod_ediv       c_w.l(btod.o)
    0x08009a26   0x08009a26   0x0000002a   Code   RO          890    CL$$btod_emul       c_w.l(btod.o)
    0x08009a50   0x08009a50   0x00000244   Code   RO          896    CL$$btod_mult_common  c_w.l(btod.o)
    0x08009c94   0x08009c94   0x00000028   Code   RO          926    i.__ARM_fpclassify  m_ws.l(fpclassify.o)
    0x08009cbc   0x08009cbc   0x0000000e   Code   RO          743    i._is_digit         c_w.l(__printf_wp.o)
    0x08009cca   0x08009cca   0x00000002   PAD
    0x08009ccc   0x08009ccc   0x0000002c   Code   RO          910    locale$$code        c_w.l(lc_numeric_c.o)
    0x08009cf8   0x08009cf8   0x0000002c   Code   RO          938    locale$$code        c_w.l(lc_ctype_c.o)
    0x08009d24   0x08009d24   0x0000005a   Code   RO          664    x$fpl$dfixu         fz_ws.l(dfixu.o)
    0x08009d7e   0x08009d7e   0x00000026   Code   RO          668    x$fpl$dfltu         fz_ws.l(dflt_clz.o)
    0x08009da4   0x08009da4   0x00000154   Code   RO          674    x$fpl$dmul          fz_ws.l(dmul.o)
    0x08009ef8   0x08009ef8   0x0000009c   Code   RO          821    x$fpl$dnaninf       fz_ws.l(dnaninf.o)
    0x08009f94   0x08009f94   0x0000000c   Code   RO          823    x$fpl$dretinf       fz_ws.l(dretinf.o)
    0x08009fa0   0x08009fa0   0x00000004   Code   RO          827    x$fpl$printf1       fz_ws.l(printf1.o)
    0x08009fa4   0x08009fa4   0x00000004   Code   RO          829    x$fpl$printf2       fz_ws.l(printf2.o)
    0x08009fa8   0x08009fa8   0x00000000   Code   RO          835    x$fpl$usenofp       fz_ws.l(usenofp.o)
    0x08009fa8   0x08009fa8   0x00001888   Data   RO          557    .constdata          lcd.o
    0x0800b830   0x0800b830   0x00000008   Data   RO          702    .constdata          c_w.l(_printf_wctomb.o)
    0x0800b838   0x0800b838   0x00000028   Data   RO          731    .constdata          c_w.l(_printf_hex_int_ll_ptr.o)
    0x0800b860   0x0800b860   0x00000011   Data   RO          751    .constdata          c_w.l(__printf_flags_ss_wp.o)
    0x0800b871   0x0800b871   0x00000026   Data   RO          858    .constdata          c_w.l(_printf_fp_hex.o)
    0x0800b897   0x0800b897   0x00000001   PAD
    0x0800b898   0x0800b898   0x00000094   Data   RO          885    .constdata          c_w.l(bigflt0.o)
    0x0800b92c   0x0800b92c   0x00000020   Data   RO         1009    Region$$Table       anon$$obj.o
    0x0800b94c   0x0800b94c   0x0000001c   Data   RO          909    locale$$data        c_w.l(lc_numeric_c.o)
    0x0800b968   0x0800b968   0x00000110   Data   RO          937    locale$$data        c_w.l(lc_ctype_c.o)


    Execution Region RW_IRAM1 (Exec base: 0x20000000, Load base: 0x0800ba78, Size: 0x00000e80, Max: 0x0000c000, ABSOLUTE)

    Exec Addr    Load Addr    Size         Type   Attr      Idx    E Section Name        Object

    0x20000000   0x0800ba78   0x00000004   Data   RW            2    .data               main.o
    0x20000004   0x0800ba7c   0x00000014   Data   RW          157    .data               system_stm32f10x.o
    0x20000018   0x0800ba90   0x00000014   Data   RW          411    .data               stm32f10x_rcc.o
    0x2000002c   0x0800baa4   0x00000004   Data   RW          558    .data               lcd.o
    0x20000030   0x0800baa8   0x0000009c   Data   RW          580    .data               block.o
    0x200000cc   0x0800bb44   0x00000008   Data   RW          617    .data               timer.o
    0x200000d4   0x0800bb4c   0x00000001   Data   RW          635    .data               key.o
    0x200000d5   0x0800bb4d   0x00000003   PAD
    0x200000d8        -       0x0000000e   Zero   RW          556    .bss                lcd.o
    0x200000e6   0x0800bb4d   0x00000002   PAD
    0x200000e8        -       0x00000654   Zero   RW          579    .bss                block.o
    0x2000073c        -       0x000000e4   Zero   RW          653    .bss                c_w.l(rand.o)
    0x20000820        -       0x00000060   Zero   RW          931    .bss                c_w.l(libspace.o)
    0x20000880        -       0x00000200   Zero   RW          186    HEAP                startup_stm32f10x_hd.o
    0x20000a80        -       0x00000400   Zero   RW          185    STACK               startup_stm32f10x_hd.o


==============================================================================

Image component sizes


      Code (inc. data)   RO Data    RW Data    ZI Data      Debug   Object Name

      1532         86          0        156       1620       5349   block.o
         0          0          0          0          0         32   core_cm3.o
        96          0          0          0          0        981   delay.o
       252         16          0          1          0        828   key.o
     23120        208       6280          4         14      26778   lcd.o
       164         10          0          0          0       1160   led.o
       160         16          0          4          0      48771   main.o
       220         22          0          0          0     206593   misc.o
       380         10          0          0          0       4519   serial.o
        64         26        304          0       1536        792   startup_stm32f10x_hd.o
       860         38          0          0          0       5725   stm32f10x_gpio.o
        26          0          0          0          0       1178   stm32f10x_it.o
       932         36          0         20          0       8900   stm32f10x_rcc.o
      3610         88          0          0          0      22832   stm32f10x_tim.o
      1032         22          0          0          0       8452   stm32f10x_usart.o
       480         38          0         20          0       1731   system_stm32f10x.o
       128         10          0          8          0       1034   timer.o

    ----------------------------------------------------------------------
     33060        626       6616        216       3172     345655   Object Totals
         0          0         32          0          0          0   (incl. Generated)
         4          0          0          3          2          0   (incl. Padding)

    ----------------------------------------------------------------------

      Code (inc. data)   RO Data    RW Data    ZI Data      Debug   Library Member Name

         8          0          0          0          0         68   __main.o
       392          4         17          0          0         92   __printf_flags_ss_wp.o
        14          0          0          0          0         68   __printf_wp.o
         0          0          0          0          0          0   __rtentry.o
        12          0          0          0          0          0   __rtentry2.o
         6          0          0          0          0          0   __rtentry4.o
        52          8          0          0          0          0   __scatter.o
        26          0          0          0          0          0   __scatter_copy.o
        28          0          0          0          0          0   __scatter_zi.o
         6          0          0          0          0          0   _printf_a.o
         6          0          0          0          0          0   _printf_c.o
        44          0          0          0          0        108   _printf_char.o
        48          6          0          0          0         96   _printf_char_common.o
        40          0          0          0          0         68   _printf_charcount.o
         6          0          0          0          0          0   _printf_d.o
       120         16          0          0          0         92   _printf_dec.o
         6          0          0          0          0          0   _printf_e.o
         6          0          0          0          0          0   _printf_f.o
      1054          0          0          0          0        216   _printf_fp_dec.o
       764          8         38          0          0        100   _printf_fp_hex.o
       128         16          0          0          0         84   _printf_fp_infnan.o
         6          0          0          0          0          0   _printf_g.o
       148          4         40          0          0        160   _printf_hex_int_ll_ptr.o
         6          0          0          0          0          0   _printf_i.o
       178          0          0          0          0         88   _printf_intcommon.o
        10          0          0          0          0          0   _printf_l.o
         6          0          0          0          0          0   _printf_lc.o
        10          0          0          0          0          0   _printf_ll.o
         6          0          0          0          0          0   _printf_lld.o
         6          0          0          0          0          0   _printf_lli.o
         6          0          0          0          0          0   _printf_llo.o
         6          0          0          0          0          0   _printf_llu.o
         6          0          0          0          0          0   _printf_llx.o
       124         16          0          0          0         92   _printf_longlong_dec.o
         6          0          0          0          0          0   _printf_ls.o
         6          0          0          0          0          0   _printf_n.o
         6          0          0          0          0          0   _printf_o.o
       112         10          0          0          0        124   _printf_oct_int_ll.o
         6          0          0          0          0          0   _printf_p.o
        78          0          0          0          0        108   _printf_pad.o
         0          0          0          0          0          0   _printf_percent.o
         4          0          0          0          0          0   _printf_percent_end.o
         6          0          0          0          0          0   _printf_s.o
        82          0          0          0          0         80   _printf_str.o
        36          0          0          0          0         84   _printf_truncate.o
         6          0          0          0          0          0   _printf_u.o
        44          0          0          0          0        108   _printf_wchar.o
       188          6          8          0          0         92   _printf_wctomb.o
         6          0          0          0          0          0   _printf_x.o
        10          0          0          0          0         68   _sputc.o
        64          0          0          0          0         92   _wcrtomb.o
       228          4        148          0          0         96   bigflt0.o
      1936        128          0          0          0        672   btod.o
        18          0          0          0          0         80   exit.o
         6          0          0          0          0        152   heapauxi.o
         0          0          0          0          0          0   indicate_semi.o
        44         10        272          0          0         76   lc_ctype_c.o
        44         10         28          0          0         76   lc_numeric_c.o
         2          0          0          0          0          0   libinit.o
        34          0          0          0          0          0   libinit2.o
         2          0          0          0          0          0   libshutdown.o
         2          0          0          0          0          0   libshutdown2.o
         8          4          0          0         96         68   libspace.o
       138          0          0          0          0         80   lludiv10.o
       112         18          0          0        228        160   rand.o
        16          4          0          0          0         76   rt_ctype_table.o
         8          4          0          0          0         68   rt_locale_intlibspace.o
         2          0          0          0          0          0   rtexit.o
        10          0          0          0          0          0   rtexit2.o
       128          0          0          0          0         68   strcmpv7m.o
        12          4          0          0          0         68   sys_exit.o
        74          0          0          0          0         80   sys_stackheap_outer.o
         2          0          0          0          0         68   use_no_semi.o
        36          4          0          0          0         76   vsprintf.o
        90          4          0          0          0         92   dfixu.o
        38          0          0          0          0         68   dflt_clz.o
       340         12          0          0          0        104   dmul.o
       156          4          0          0          0         92   dnaninf.o
        12          0          0          0          0         68   dretinf.o
         4          0          0          0          0         68   printf1.o
         4          0          0          0          0         68   printf2.o
         0          0          0          0          0          0   usenofp.o
        40          0          0          0          0         68   fpclassify.o

    ----------------------------------------------------------------------
      7508        304        552          0        324       4680   Library Totals
        18          0          1          0          0          0   (incl. Padding)

    ----------------------------------------------------------------------

      Code (inc. data)   RO Data    RW Data    ZI Data      Debug   Library Name

      6806        284        551          0        324       4052   c_w.l
       644         20          0          0          0        560   fz_ws.l
        40          0          0          0          0         68   m_ws.l

    ----------------------------------------------------------------------
      7508        304        552          0        324       4680   Library Totals

    ----------------------------------------------------------------------

==============================================================================


      Code (inc. data)   RO Data    RW Data    ZI Data      Debug   

     40568        930       7168        216       3496     346535   Grand Totals
     40568        930       7168        216       3496     346535   ELF Image Totals
     40568        930       7168        216          0          0   ROM Totals

==============================================================================

    Total RO  Size (Code + RO Data)                47736 (  46.62kB)
    Total RW  Size (RW Data + ZI Data)              3712 (   3.63kB)
    Total ROM Size (Code + RO Data + RW Data)      47952 (  46.83kB)

==============================================================================

