Component: ARM Compiler 5.06 update 7 (build 960) Tool: armlink [4d3601]

==============================================================================

Section Cross References

    main.o(.text) refers to led.o(.text) for Led_Init
    main.o(.text) refers to serial.o(.text) for Serial_Init
    main.o(.text) refers to lcd.o(.text) for LCD_Init
    main.o(.text) refers to delay.o(.text) for delay_ms
    system_stm32f10x.o(.text) refers to system_stm32f10x.o(.data) for SystemCoreClock
    startup_stm32f10x_hd.o(STACK) refers (Special) to heapauxi.o(.text) for __use_two_region_memory
    startup_stm32f10x_hd.o(HEAP) refers (Special) to heapauxi.o(.text) for __use_two_region_memory
    startup_stm32f10x_hd.o(RESET) refers (Special) to heapauxi.o(.text) for __use_two_region_memory
    startup_stm32f10x_hd.o(RESET) refers to startup_stm32f10x_hd.o(STACK) for __initial_sp
    startup_stm32f10x_hd.o(RESET) refers to startup_stm32f10x_hd.o(.text) for Reset_Handler
    startup_stm32f10x_hd.o(RESET) refers to stm32f10x_it.o(.text) for NMI_Handler
    startup_stm32f10x_hd.o(.text) refers (Special) to heapauxi.o(.text) for __use_two_region_memory
    startup_stm32f10x_hd.o(.text) refers to system_stm32f10x.o(.text) for SystemInit
    startup_stm32f10x_hd.o(.text) refers to __main.o(!!!main) for __main
    startup_stm32f10x_hd.o(.text) refers to startup_stm32f10x_hd.o(HEAP) for Heap_Mem
    startup_stm32f10x_hd.o(.text) refers to startup_stm32f10x_hd.o(STACK) for Stack_Mem
    stm32f10x_adc.o(.text) refers to stm32f10x_rcc.o(.text) for RCC_APB2PeriphResetCmd
    stm32f10x_bkp.o(.text) refers to stm32f10x_rcc.o(.text) for RCC_BackupResetCmd
    stm32f10x_can.o(.text) refers to stm32f10x_rcc.o(.text) for RCC_APB1PeriphResetCmd
    stm32f10x_cec.o(.text) refers to stm32f10x_rcc.o(.text) for RCC_APB1PeriphResetCmd
    stm32f10x_dac.o(.text) refers to stm32f10x_rcc.o(.text) for RCC_APB1PeriphResetCmd
    stm32f10x_gpio.o(.text) refers to stm32f10x_rcc.o(.text) for RCC_APB2PeriphResetCmd
    stm32f10x_i2c.o(.text) refers to stm32f10x_rcc.o(.text) for RCC_APB1PeriphResetCmd
    stm32f10x_pwr.o(.text) refers to stm32f10x_rcc.o(.text) for RCC_APB1PeriphResetCmd
    stm32f10x_rcc.o(.text) refers to stm32f10x_rcc.o(.data) for APBAHBPrescTable
    stm32f10x_spi.o(.text) refers to stm32f10x_rcc.o(.text) for RCC_APB2PeriphResetCmd
    stm32f10x_tim.o(.text) refers to stm32f10x_rcc.o(.text) for RCC_APB2PeriphResetCmd
    stm32f10x_usart.o(.text) refers to stm32f10x_rcc.o(.text) for RCC_APB2PeriphResetCmd
    stm32f10x_wwdg.o(.text) refers to stm32f10x_rcc.o(.text) for RCC_APB1PeriphResetCmd
    serial.o(.text) refers to stm32f10x_rcc.o(.text) for RCC_APB2PeriphClockCmd
    serial.o(.text) refers to stm32f10x_gpio.o(.text) for GPIO_Init
    serial.o(.text) refers to misc.o(.text) for NVIC_Init
    serial.o(.text) refers to stm32f10x_usart.o(.text) for USART_Init
    serial.o(.text) refers to delay.o(.text) for delay_ms
    serial.o(.text) refers to vsprintf.o(.text) for vsprintf
    led.o(.text) refers to stm32f10x_rcc.o(.text) for RCC_APB2PeriphClockCmd
    led.o(.text) refers to stm32f10x_gpio.o(.text) for GPIO_Init
    lcd.o(.text) refers to delay.o(.text) for delay_us
    lcd.o(.text) refers to lcd.o(.bss) for lcddev
    lcd.o(.text) refers to dflt_clz.o(x$fpl$dfltu) for __aeabi_ui2d
    lcd.o(.text) refers to dmul.o(x$fpl$dmul) for __aeabi_dmul
    lcd.o(.text) refers to dfixu.o(x$fpl$dfixu) for __aeabi_d2uiz
    lcd.o(.text) refers to lcd.o(.data) for POINT_COLOR
    lcd.o(.text) refers to stm32f10x_rcc.o(.text) for RCC_APB2PeriphClockCmd
    lcd.o(.text) refers to stm32f10x_gpio.o(.text) for GPIO_PinRemapConfig
    lcd.o(.text) refers to serial.o(.text) for Serial_Printf
    lcd.o(.text) refers to lcd.o(.constdata) for asc2_1206
    vsprintf.o(.text) refers (Special) to _printf_a.o(.ARM.Collect$$_printf_percent$$00000006) for _printf_a
    vsprintf.o(.text) refers (Special) to _printf_c.o(.ARM.Collect$$_printf_percent$$00000013) for _printf_c
    vsprintf.o(.text) refers (Special) to _printf_charcount.o(.text) for _printf_charcount
    vsprintf.o(.text) refers (Special) to _printf_d.o(.ARM.Collect$$_printf_percent$$00000009) for _printf_d
    vsprintf.o(.text) refers (Special) to _printf_e.o(.ARM.Collect$$_printf_percent$$00000004) for _printf_e
    vsprintf.o(.text) refers (Special) to _printf_f.o(.ARM.Collect$$_printf_percent$$00000003) for _printf_f
    vsprintf.o(.text) refers (Special) to printf1.o(x$fpl$printf1) for _printf_fp_dec
    vsprintf.o(.text) refers (Special) to printf2.o(x$fpl$printf2) for _printf_fp_hex
    vsprintf.o(.text) refers (Special) to _printf_g.o(.ARM.Collect$$_printf_percent$$00000005) for _printf_g
    vsprintf.o(.text) refers (Special) to _printf_i.o(.ARM.Collect$$_printf_percent$$00000008) for _printf_i
    vsprintf.o(.text) refers (Special) to _printf_dec.o(.text) for _printf_int_dec
    vsprintf.o(.text) refers (Special) to _printf_l.o(.ARM.Collect$$_printf_percent$$00000012) for _printf_l
[...]
    ../fplib/printf1.s                       0x00000000   Number         0  printf1.o ABSOLUTE
    ../fplib/printf2.s                       0x00000000   Number         0  printf2.o ABSOLUTE
    ../fplib/printf2a.s                      0x00000000   Number         0  printf2a.o ABSOLUTE
    ../fplib/printf2b.s                      0x00000000   Number         0  printf2b.o ABSOLUTE
    ../fplib/usenofp.s                       0x00000000   Number         0  usenofp.o ABSOLUTE
    ../mathlib/fpclassify.c                  0x00000000   Number         0  fpclassify.o ABSOLUTE
    ..\CORE\core_cm3.c                       0x00000000   Number         0  core_cm3.o ABSOLUTE
    ..\CORE\startup_stm32f10x_hd.s           0x00000000   Number         0  startup_stm32f10x_hd.o ABSOLUTE
    ..\Hardware\lcd.c                        0x00000000   Number         0  lcd.o ABSOLUTE
    ..\Hardware\led.c                        0x00000000   Number         0  led.o ABSOLUTE
    ..\STM32F10x_FWLib\src\misc.c            0x00000000   Number         0  misc.o ABSOLUTE
    ..\STM32F10x_FWLib\src\stm32f10x_adc.c   0x00000000   Number         0  stm32f10x_adc.o ABSOLUTE
    ..\STM32F10x_FWLib\src\stm32f10x_bkp.c   0x00000000   Number         0  stm32f10x_bkp.o ABSOLUTE
    ..\STM32F10x_FWLib\src\stm32f10x_can.c   0x00000000   Number         0  stm32f10x_can.o ABSOLUTE
    ..\STM32F10x_FWLib\src\stm32f10x_cec.c   0x00000000   Number         0  stm32f10x_cec.o ABSOLUTE
    ..\STM32F10x_FWLib\src\stm32f10x_crc.c   0x00000000   Number         0  stm32f10x_crc.o ABSOLUTE
    ..\STM32F10x_FWLib\src\stm32f10x_dac.c   0x00000000   Number         0  stm32f10x_dac.o ABSOLUTE
    ..\STM32F10x_FWLib\src\stm32f10x_dbgmcu.c 0x00000000   Number         0  stm32f10x_dbgmcu.o ABSOLUTE
    ..\STM32F10x_FWLib\src\stm32f10x_dma.c   0x00000000   Number         0  stm32f10x_dma.o ABSOLUTE
    ..\STM32F10x_FWLib\src\stm32f10x_exti.c  0x00000000   Number         0  stm32f10x_exti.o ABSOLUTE
    ..\STM32F10x_FWLib\src\stm32f10x_flash.c 0x00000000   Number         0  stm32f10x_flash.o ABSOLUTE
    ..\STM32F10x_FWLib\src\stm32f10x_fsmc.c  0x00000000   Number         0  stm32f10x_fsmc.o ABSOLUTE
    ..\STM32F10x_FWLib\src\stm32f10x_gpio.c  0x00000000   Number         0  stm32f10x_gpio.o ABSOLUTE
    ..\STM32F10x_FWLib\src\stm32f10x_i2c.c   0x00000000   Number         0  stm32f10x_i2c.o ABSOLUTE
    ..\STM32F10x_FWLib\src\stm32f10x_iwdg.c  0x00000000   Number         0  stm32f10x_iwdg.o ABSOLUTE
    ..\STM32F10x_FWLib\src\stm32f10x_pwr.c   0x00000000   Number         0  stm32f10x_pwr.o ABSOLUTE
    ..\STM32F10x_FWLib\src\stm32f10x_rcc.c   0x00000000   Number         0  stm32f10x_rcc.o ABSOLUTE
    ..\STM32F10x_FWLib\src\stm32f10x_rtc.c   0x00000000   Number         0  stm32f10x_rtc.o ABSOLUTE
    ..\STM32F10x_FWLib\src\stm32f10x_sdio.c  0x00000000   Number         0  stm32f10x_sdio.o ABSOLUTE
    ..\STM32F10x_FWLib\src\stm32f10x_spi.c   0x00000000   Number         0  stm32f10x_spi.o ABSOLUTE
    ..\STM32F10x_FWLib\src\stm32f10x_tim.c   0x00000000   Number         0  stm32f10x_tim.o ABSOLUTE
    ..\STM32F10x_FWLib\src\stm32f10x_usart.c 0x00000000   Number         0  stm32f10x_usart.o ABSOLUTE
    ..\STM32F10x_FWLib\src\stm32f10x_wwdg.c  0x00000000   Number         0  stm32f10x_wwdg.o ABSOLUTE
    ..\SYSTEM\delay\delay.c                  0x00000000   Number         0  delay.o ABSOLUTE
    ..\SYSTEM\serial\serial.c                0x00000000   Number         0  serial.o ABSOLUTE
    ..\SYSTEM\sys\sys.c                      0x00000000   Number         0  sys.o ABSOLUTE
    ..\\CORE\\core_cm3.c                     0x00000000   Number         0  core_cm3.o ABSOLUTE
    ..\\SYSTEM\\sys\\sys.c                   0x00000000   Number         0  sys.o ABSOLUTE
    dc.s                                     0x00000000   Number         0  dc.o ABSOLUTE
    main.c                                   0x00000000   Number         0  main.o ABSOLUTE
    stm32f10x_it.c                           0x00000000   Number         0  stm32f10x_it.o ABSOLUTE
    system_stm32f10x.c                       0x00000000   Number         0  system_stm32f10x.o ABSOLUTE
    RESET                                    0x08000000   Section      304  startup_stm32f10x_hd.o(RESET)
    !!!main                                  0x08000130   Section        8  __main.o(!!!main)
    !!!scatter                               0x08000138   Section       52  __scatter.o(!!!scatter)
    !!handler_copy                           0x0800016c   Section       26  __scatter_copy.o(!!handler_copy)
    !!handler_zi                             0x08000188   Section       28  __scatter_zi.o(!!handler_zi)
    .ARM.Collect$$_printf_percent$$00000000  0x080001a4   Section        0  _printf_percent.o(.ARM.Collect$$_printf_percent$$00000000)
    .ARM.Collect$$_printf_percent$$00000001  0x080001a4   Section        6  _printf_n.o(.ARM.Collect$$_printf_percent$$00000001)
    .ARM.Collect$$_printf_percent$$00000002  0x080001aa   Section        6  _printf_p.o(.ARM.Collect$$_printf_percent$$00000002)
    .ARM.Collect$$_printf_percent$$00000003  0x080001b0   Section        6  _printf_f.o(.ARM.Collect$$_printf_percent$$00000003)
    .ARM.Collect$$_printf_percent$$00000004  0x080001b6   Section        6  _printf_e.o(.ARM.Collect$$_printf_percent$$00000004)
    .ARM.Collect$$_printf_percent$$00000005  0x080001bc   Section        6  _printf_g.o(.ARM.Collect$$_printf_percent$$00000005)
    .ARM.Collect$$_printf_percent$$00000006  0x080001c2   Section        6  _printf_a.o(.ARM.Collect$$_printf_percent$$00000006)
    .ARM.Collect$$_printf_percent$$00000007  0x080001c8   Section       10  _printf_ll.o(.ARM.Collect$$_printf_percent$$00000007)
    .ARM.Collect$$_printf_percent$$00000008  0x080001d2   Section        6  _printf_i.o(.ARM.Collect$$_printf_percent$$00000008)
    .ARM.Collect$$_printf_percent$$00000009  0x080001d8   Section        6  _printf_d.o(.ARM.Collect$$_printf_percent$$00000009)
    .ARM.Collect$$_printf_percent$$0000000A  0x080001de   Section        6  _printf_u.o(.ARM.Collect$$_printf_percent$$0000000A)
    .ARM.Collect$$_printf_percent$$0000000B  0x080001e4   Section        6  _printf_o.o(.ARM.Collect$$_printf_percent$$0000000B)
    .ARM.Collect$$_printf_percent$$0000000C  0x080001ea   Section        6  _printf_x.o(.ARM.Collect$$_printf_percent$$0000000C)
    .ARM.Collect$$_printf_percent$$0000000D  0x080001f0   Section        6  _printf_lli.o(.ARM.Collect$$_printf_percent$$0000000D)
    .ARM.Collect$$_printf_percent$$0000000E  0x080001f6   Section        6  _printf_lld.o(.ARM.Collect$$_printf_percent$$0000000E)
    .ARM.Collect$$_printf_percent$$0000000F  0x080001fc   Section        6  _printf_llu.o(.ARM.Collect$$_printf_percent$$0000000F)
    .ARM.Collect$$_printf_percent$$00000010  0x08000202   Section        6  _printf_llo.o(.ARM.Collect$$_printf_percent$$00000010)
    .ARM.Collect$$_printf_percent$$00000011  0x08000208   Section        6  _printf_llx.o(.ARM.Collect$$_printf_percent$$00000011)
    .ARM.Collect$$_printf_percent$$00000012  0x0800020e   Section       10  _printf_l.o(.ARM.Collect$$_printf_percent$$00000012)
    .ARM.Collect$$_printf_percent$$00000013  0x08000218   Section        6  _printf_c.o(.ARM.Collect$$_printf_percent$$00000013)
    .ARM.Collect$$_printf_percent$$00000014  0x0800021e   Section        6  _printf_s.o(.ARM.Collect$$_printf_percent$$00000014)
    .ARM.Collect$$_printf_percent$$00000015  0x08000224   Section        6  _printf_lc.o(.ARM.Collect$$_printf_percent$$00000015)
    .ARM.Collect$$_printf_percent$$00000016  0x0800022a   Section        6  _printf_ls.o(.ARM.Collect$$_printf_percent$$00000016)
    .ARM.Collect$$_printf_percent$$00000017  0x08000230   Section        4  _printf_percent_end.o(.ARM.Collect$$_printf_percent$$00000017)
    .ARM.Collect$$libinit$$00000000          0x08000234   Section        2  libinit.o(.ARM.Collect$$libinit$$00000000)
    .ARM.Collect$$libinit$$00000002          0x08000236   Section        0  libinit2.o(.ARM.Collect$$libinit$$00000002)
    .ARM.Collect$$libinit$$00000004          0x08000236   Section        0  libinit2.o(.ARM.Collect$$libinit$$00000004)
    .ARM.Collect$$libinit$$0000000A          0x08000236   Section        0  libinit2.o(.ARM.Collect$$libinit$$0000000A)
    .ARM.Collect$$libinit$$0000000C          0x08000236   Section        0  libinit2.o(.ARM.Collect$$libinit$$0000000C)
    .ARM.Collect$$libinit$$0000000E          0x08000236   Section        0  libinit2.o(.ARM.Collect$$libinit$$0000000E)
    .ARM.Collect$$libinit$$0000000F          0x08000236   Section        6  libinit2.o(.ARM.Collect$$libinit$$0000000F)
    .ARM.Collect$$libinit$$00000011          0x0800023c   Section        0  libinit2.o(.ARM.Collect$$libinit$$00000011)
    .ARM.Collect$$libinit$$00000012          0x0800023c   Section       12  libinit2.o(.ARM.Collect$$libinit$$00000012)
    .ARM.Collect$$libinit$$00000013          0x08000248   Section        0  libinit2.o(.ARM.Collect$$libinit$$00000013)
    .ARM.Collect$$libinit$$00000015          0x08000248   Section        0  libinit2.o(.ARM.Collect$$libinit$$00000015)
    .ARM.Collect$$libinit$$00000016          0x08000248   Section       10  libinit2.o(.ARM.Collect$$libinit$$00000016)
    .ARM.Collect$$libinit$$00000017          0x08000252   Section        0  libinit2.o(.ARM.Collect$$libinit$$00000017)
    .ARM.Collect$$libinit$$00000019          0x08000252   Section        0  libinit2.o(.ARM.Collect$$libinit$$00000019)
    .ARM.Collect$$libinit$$0000001B          0x08000252   Section        0  libinit2.o(.ARM.Collect$$libinit$$0000001B)
    .ARM.Collect$$libinit$$0000001D          0x08000252   Section        0  libinit2.o(.ARM.Collect$$libinit$$0000001D)
    .ARM.Collect$$libinit$$0000001F          0x08000252   Section        0  libinit2.o(.ARM.Collect$$libinit$$0000001F)
    .ARM.Collect$$libinit$$00000021          0x08000252   Section        0  libinit2.o(.ARM.Collect$$libinit$$00000021)
    .ARM.Collect$$libinit$$00000023          0x08000252   Section        0  libinit2.o(.ARM.Collect$$libinit$$00000023)
    .ARM.Collect$$libinit$$00000025          0x08000252   Section        0  libinit2.o(.ARM.Collect$$libinit$$00000025)
    .ARM.Collect$$libinit$$0000002C          0x08000252   Section        0  libinit2.o(.ARM.Collect$$libinit$$0000002C)
    .ARM.Collect$$libinit$$0000002E          0x08000252   Section        0  libinit2.o(.ARM.Collect$$libinit$$0000002E)
    .ARM.Collect$$libinit$$00000030          0x08000252   Section        0  libinit2.o(.ARM.Collect$$libinit$$00000030)
    .ARM.Collect$$libinit$$00000032          0x08000252   Section        0  libinit2.o(.ARM.Collect$$libinit$$00000032)
    .ARM.Collect$$libinit$$00000033          0x08000252   Section        2  libinit2.o(.ARM.Collect$$libinit$$00000033)
    .ARM.Collect$$libshutdown$$00000000      0x08000254   Section        2  libshutdown.o(.ARM.Collect$$libshutdown$$00000000)
    .ARM.Collect$$libshutdown$$00000002      0x08000256   Section        0  libshutdown2.o(.ARM.Collect$$libshutdown$$00000002)
    .ARM.Collect$$libshutdown$$00000004      0x08000256   Section        0  libshutdown2.o(.ARM.Collect$$libshutdown$$00000004)
    .ARM.Collect$$libshutdown$$00000006      0x08000256   Section        0  libshutdown2.o(.ARM.Collect$$libshutdown$$00000006)
    .ARM.Collect$$libshutdown$$00000009      0x08000256   Section        0  libshutdown2.o(.ARM.Collect$$libshutdown$$00000009)
    .ARM.Collect$$libshutdown$$0000000C      0x08000256   Section        0  libshutdown2.o(.ARM.Collect$$libshutdown$$0000000C)
    .ARM.Collect$$libshutdown$$0000000E      0x08000256   Section        0  libshutdown2.o(.ARM.Collect$$libshutdown$$0000000E)
    .ARM.Collect$$libshutdown$$00000011      0x08000256   Section        0  libshutdown2.o(.ARM.Collect$$libshutdown$$00000011)
    .ARM.Collect$$libshutdown$$00000012      0x08000256   Section        2  libshutdown2.o(.ARM.Collect$$libshutdown$$00000012)
    .ARM.Collect$$rtentry$$00000000          0x08000258   Section        0  __rtentry.o(.ARM.Collect$$rtentry$$00000000)
    .ARM.Collect$$rtentry$$00000002          0x08000258   Section        0  __rtentry2.o(.ARM.Collect$$rtentry$$00000002)
    .ARM.Collect$$rtentry$$00000004          0x08000258   Section        6  __rtentry4.o(.ARM.Collect$$rtentry$$00000004)
    .ARM.Collect$$rtentry$$00000009          0x0800025e   Section        0  __rtentry2.o(.ARM.Collect$$rtentry$$00000009)
    .ARM.Collect$$rtentry$$0000000A          0x0800025e   Section        4  __rtentry2.o(.ARM.Collect$$rtentry$$0000000A)
    .ARM.Collect$$rtentry$$0000000C          0x08000262   Section        0  __rtentry2.o(.ARM.Collect$$rtentry$$0000000C)
    .ARM.Collect$$rtentry$$0000000D          0x08000262   Section        8  __rtentry2.o(.ARM.Collect$$rtentry$$0000000D)
    .ARM.Collect$$rtexit$$00000000           0x0800026a   Section        2  rtexit.o(.ARM.Collect$$rtexit$$00000000)
    .ARM.Collect$$rtexit$$00000002           0x0800026c   Section        0  rtexit2.o(.ARM.Collect$$rtexit$$00000002)
    .ARM.Collect$$rtexit$$00000003           0x0800026c   Section        4  rtexit2.o(.ARM.Collect$$rtexit$$00000003)
    .ARM.Collect$$rtexit$$00000004           0x08000270   Section        6  rtexit2.o(.ARM.Collect$$rtexit$$00000004)
    .text                                    0x08000278   Section        0  main.o(.text)
    .text                                    0x0800033c   Section        0  stm32f10x_it.o(.text)
    .text                                    0x08000358   Section        0  system_stm32f10x.o(.text)
    SetSysClockTo72                          0x08000359   Thumb Code   214  system_stm32f10x.o(.text)
    SetSysClock                              0x0800042f   Thumb Code     8  system_stm32f10x.o(.text)
    .text                                    0x08000538   Section       64  startup_stm32f10x_hd.o(.text)
    .text                                    0x08000578   Section        0  misc.o(.text)
    .text                                    0x08000654   Section        0  stm32f10x_gpio.o(.text)
    .text                                    0x080009b0   Section        0  stm32f10x_rcc.o(.text)
    .text                                    0x08000d54   Section        0  stm32f10x_usart.o(.text)
    .text                                    0x0800115c   Section        0  delay.o(.text)
    .text                                    0x080011bc   Section        0  serial.o(.text)
    .text                                    0x08001338   Section        0  led.o(.text)
    .text                                    0x080013dc   Section        0  lcd.o(.text)
    .text                                    0x08006e0c   Section        0  vsprintf.o(.text)
    .text                                    0x08006e30   Section        0  heapauxi.o(.text)
    .text                                    0x08006e36   Section        0  _printf_pad.o(.text)
    .text                                    0x08006e84   Section        0  _printf_truncate.o(.text)
    .text                                    0x08006ea8   Section        0  _printf_str.o(.text)
    .text                                    0x08006efc   Section        0  _printf_dec.o(.text)
    .text                                    0x08006f74   Section        0  _printf_charcount.o(.text)
    .text                                    0x08006f9c   Section        0  _printf_char_common.o(.text)
    _printf_input_char                       0x08006f9d   Thumb Code    10  _printf_char_common.o(.text)
    .text                                    0x08006fcc   Section        0  _sputc.o(.text)
    .text                                    0x08006fd8   Section        0  _printf_wctomb.o(.text)
    .text                                    0x08007094   Section        0  _printf_longlong_dec.o(.text)
    .text                                    0x08007110   Section        0  _printf_oct_int_ll.o(.text)
    _printf_longlong_oct_internal            0x08007111   Thumb Code     0  _printf_oct_int_ll.o(.text)
    .text                                    0x08007180   Section        0  _printf_hex_int_ll_ptr.o(.text)
    _printf_hex_common                       0x08007181   Thumb Code     0  _printf_hex_int_ll_ptr.o(.text)
    .text                                    0x08007214   Section        0  __printf_flags_ss_wp.o(.text)
    .text                                    0x0800739c   Section      138  lludiv10.o(.text)
    .text                                    0x08007426   Section        0  _printf_intcommon.o(.text)
    .text                                    0x080074d8   Section        0  _printf_fp_dec.o(.text)
    _fp_digits                               0x080074db   Thumb Code   432  _printf_fp_dec.o(.text)
    .text                                    0x080078f8   Section        0  _printf_fp_hex.o(.text)
    .text                                    0x08007bf4   Section        0  _printf_char.o(.text)
    .text                                    0x08007c20   Section        0  _printf_wchar.o(.text)
    .text                                    0x08007c4c   Section        0  _wcrtomb.o(.text)
    .text                                    0x08007c8c   Section       74  sys_stackheap_outer.o(.text)
    .text                                    0x08007cd8   Section       16  rt_ctype_table.o(.text)
    .text                                    0x08007ce8   Section        8  rt_locale_intlibspace.o(.text)
    .text                                    0x08007cf0   Section        0  _printf_fp_infnan.o(.text)
    .text                                    0x08007d70   Section        0  bigflt0.o(.text)
    .text                                    0x08007e54   Section        0  exit.o(.text)
    .text                                    0x08007e68   Section        8  libspace.o(.text)
    .text                                    0x08007e70   Section      128  strcmpv7m.o(.text)
    .text                                    0x08007ef0   Section        0  sys_exit.o(.text)
    .text                                    0x08007efc   Section        2  use_no_semi.o(.text)
    .text                                    0x08007efe   Section        0  indicate_semi.o(.text)
    CL$$btod_d2e                             0x08007efe   Section       62  btod.o(CL$$btod_d2e)
    CL$$btod_d2e_denorm_low                  0x08007f3c   Section       70  btod.o(CL$$btod_d2e_denorm_low)
    CL$$btod_d2e_norm_op1                    0x08007f82   Section       96  btod.o(CL$$btod_d2e_norm_op1)
    CL$$btod_div_common                      0x08007fe2   Section      824  btod.o(CL$$btod_div_common)
    CL$$btod_e2e                             0x0800831a   Section      220  btod.o(CL$$btod_e2e)
    CL$$btod_ediv                            0x080083f6   Section       42  btod.o(CL$$btod_ediv)
    CL$$btod_emul                            0x08008420   Section       42  btod.o(CL$$btod_emul)
    CL$$btod_mult_common                     0x0800844a   Section      580  btod.o(CL$$btod_mult_common)
    i.__ARM_fpclassify                       0x0800868e   Section        0  fpclassify.o(i.__ARM_fpclassify)
    i._is_digit                              0x080086b6   Section        0  __printf_wp.o(i._is_digit)
    locale$$code                             0x080086c4   Section       44  lc_numeric_c.o(locale$$code)
    locale$$code                             0x080086f0   Section       44  lc_ctype_c.o(locale$$code)
    x$fpl$dfixu                              0x0800871c   Section       90  dfixu.o(x$fpl$dfixu)
    x$fpl$dfltu                              0x08008776   Section       38  dflt_clz.o(x$fpl$dfltu)
    x$fpl$dmul                               0x0800879c   Section      340  dmul.o(x$fpl$dmul)
    x$fpl$dnaninf                            0x080088f0   Section      156  dnaninf.o(x$fpl$dnaninf)
    x$fpl$dretinf                            0x0800898c   Section       12  dretinf.o(x$fpl$dretinf)
    x$fpl$printf1                            0x08008998   Section        4  printf1.o(x$fpl$printf1)
    x$fpl$printf2                            0x0800899c   Section        4  printf2.o(x$fpl$printf2)
    .constdata                               0x080089a0   Section     6280  lcd.o(.constdata)
    x$fpl$usenofp                            0x080089a0   Section        0  usenofp.o(x$fpl$usenofp)
    .constdata                               0x0800a228   Section        8  _printf_wctomb.o(.constdata)
    initial_mbstate                          0x0800a228   Data           8  _printf_wctomb.o(.constdata)
    .constdata                               0x0800a230   Section       40  _printf_hex_int_ll_ptr.o(.constdata)
    uc_hextab                                0x0800a230   Data          20  _printf_hex_int_ll_ptr.o(.constdata)
    lc_hextab                                0x0800a244   Data          20  _printf_hex_int_ll_ptr.o(.constdata)
    .constdata                               0x0800a258   Section       17  __printf_flags_ss_wp.o(.constdata)
    maptable                                 0x0800a258   Data          17  __printf_flags_ss_wp.o(.constdata)
    .constdata                               0x0800a269   Section       38  _printf_fp_hex.o(.constdata)
    lc_hextab                                0x0800a269   Data          19  _printf_fp_hex.o(.constdata)
    uc_hextab                                0x0800a27c   Data          19  _printf_fp_hex.o(.constdata)
    .constdata                               0x0800a290   Section      148  bigflt0.o(.constdata)
    tenpwrs_x                                0x0800a290   Data          60  bigflt0.o(.constdata)
    tenpwrs_i                                0x0800a2cc   Data          64  bigflt0.o(.constdata)
    locale$$data                             0x0800a344   Section       28  lc_numeric_c.o(locale$$data)
    __lcnum_c_name                           0x0800a348   Data           2  lc_numeric_c.o(locale$$data)
    __lcnum_c_start                          0x0800a350   Data           0  lc_numeric_c.o(locale$$data)
    __lcnum_c_point                          0x0800a35c   Data           0  lc_numeric_c.o(locale$$data)
    __lcnum_c_thousands                      0x0800a35e   Data           0  lc_numeric_c.o(locale$$data)
    __lcnum_c_grouping                       0x0800a35f   Data           0  lc_numeric_c.o(locale$$data)
    locale$$data                             0x0800a360   Section      272  lc_ctype_c.o(locale$$data)
    __lcnum_c_end                            0x0800a360   Data           0  lc_numeric_c.o(locale$$data)
    __lcctype_c_name                         0x0800a364   Data           2  lc_ctype_c.o(locale$$data)
    __lcctype_c_start                        0x0800a36c   Data           0  lc_ctype_c.o(locale$$data)
    __lcctype_c_end                          0x0800a470   Data           0  lc_ctype_c.o(locale$$data)
    .data                                    0x20000000   Section       20  system_stm32f10x.o(.data)
    .data                                    0x20000014   Section       20  stm32f10x_rcc.o(.data)
    APBAHBPrescTable                         0x20000014   Data          16  stm32f10x_rcc.o(.data)
    ADCPrescTable                            0x20000024   Data           4  stm32f10x_rcc.o(.data)
    .data                                    0x20000028   Section        4  lcd.o(.data)
    .bss                                     0x2000002c   Section       14  lcd.o(.bss)
    .bss                                     0x2000003c   Section       96  libspace.o(.bss)
    HEAP                                     0x200000a0   Section      512  startup_stm32f10x_hd.o(HEAP)
    Heap_Mem                                 0x200000a0   Data         512  startup_stm32f10x_hd.o(HEAP)
    STACK                                    0x200002a0   Section     1024  startup_stm32f10x_hd.o(STACK)
    Stack_Mem                                0x200002a0   Data        1024  startup_stm32f10x_hd.o(STACK)
    __initial_sp                             0x200006a0   Data           0  startup_stm32f10x_hd.o(STACK)

    Global Symbols

    Symbol Name                              Value     Ov Type        Size  Object(Section)

    BuildAttributes$$THM_ISAv4$P$D$K$B$S$PE$A:L22UL41UL21$X:L11$S22US41US21$IEEE1$IW$USESV6$~STKCKD$USESV7$~SHL$OTIME$ROPI$IEEEJ$EBA8$UX$STANDARDLIB$REQ8$PRES8$EABIv2 0x00000000   Number         0  anon$$obj.o ABSOLUTE
    __ARM_use_no_argv                        0x00000000   Number         0  main.o ABSOLUTE
    _printf_flags                            0x00000000   Number         0  printf_stubs.o ABSOLUTE
    _printf_return_value                     0x00000000   Number         0  printf_stubs.o ABSOLUTE
    _printf_sizespec                         0x00000000   Number         0  printf_stubs.o ABSOLUTE
    _printf_widthprec                        0x00000000   Number         0  printf_stubs.o ABSOLUTE
    __ARM_exceptions_init                     - Undefined Weak Reference
    __alloca_initialize                       - Undefined Weak Reference
    __arm_fini_                               - Undefined Weak Reference
    __arm_preinit_                            - Undefined Weak Reference
    __cpp_initialize__aeabi_                  - Undefined Weak Reference
    __cxa_finalize                            - Undefined Weak Reference
    __sigvec_lookup                           - Undefined Weak Reference
    _atexit_init                              - Undefined Weak Reference
    _call_atexit_fns                          - Undefined Weak Reference
    _clock_init                               - Undefined Weak Reference
    _fp_trap_init                             - Undefined Weak Reference
    _fp_trap_shutdown                         - Undefined Weak Reference
    _get_lc_collate                           - Undefined Weak Reference
    _get_lc_monetary                          - Undefined Weak Reference
    _get_lc_time                              - Undefined Weak Reference
    _getenv_init                              - Undefined Weak Reference
    _handle_redirection                       - Undefined Weak Reference
    _init_alloc                               - Undefined Weak Reference
    _init_user_alloc                          - Undefined Weak Reference
    _initio                                   - Undefined Weak Reference
    _printf_mbtowc                            - Undefined Weak Reference
    _printf_wc                                - Undefined Weak Reference
    _rand_init                                - Undefined Weak Reference
    _signal_finish                            - Undefined Weak Reference
    _signal_init                              - Undefined Weak Reference
    _terminate_alloc                          - Undefined Weak Reference
    _terminate_user_alloc                     - Undefined Weak Reference
    _terminateio                              - Undefined Weak Reference
    __Vectors_Size                           0x00000130   Number         0  startup_stm32f10x_hd.o ABSOLUTE
    __Vectors                                0x08000000   Data           4  startup_stm32f10x_hd.o(RESET)
    __Vectors_End                            0x08000130   Data           0  startup_stm32f10x_hd.o(RESET)
    __main                                   0x08000131   Thumb Code     8  __main.o(!!!main)
    __scatterload                            0x08000139   Thumb Code     0  __scatter.o(!!!scatter)
    __scatterload_rt2                        0x08000139   Thumb Code    44  __scatter.o(!!!scatter)
    __scatterload_rt2_thumb_only             0x08000139   Thumb Code     0  __scatter.o(!!!scatter)
    __scatterload_null                       0x08000147   Thumb Code     0  __scatter.o(!!!scatter)
    __scatterload_copy                       0x0800016d   Thumb Code    26  __scatter_copy.o(!!handler_copy)
    __scatterload_zeroinit                   0x08000189   Thumb Code    28  __scatter_zi.o(!!handler_zi)
    _printf_n                                0x080001a5   Thumb Code     0  _printf_n.o(.ARM.Collect$$_printf_percent$$00000001)
    _printf_percent                          0x080001a5   Thumb Code     0  _printf_percent.o(.ARM.Collect$$_printf_percent$$00000000)
    _printf_p                                0x080001ab   Thumb Code     0  _printf_p.o(.ARM.Collect$$_printf_percent$$00000002)
    _printf_f                                0x080001b1   Thumb Code     0  _printf_f.o(.ARM.Collect$$_printf_percent$$00000003)
    _printf_e                                0x080001b7   Thumb Code     0  _printf_e.o(.ARM.Collect$$_printf_percent$$00000004)
    _printf_g                                0x080001bd   Thumb Code     0  _printf_g.o(.ARM.Collect$$_printf_percent$$00000005)
    _printf_a                                0x080001c3   Thumb Code     0  _printf_a.o(.ARM.Collect$$_printf_percent$$00000006)
    _printf_ll                               0x080001c9   Thumb Code     0  _printf_ll.o(.ARM.Collect$$_printf_percent$$00000007)
    _printf_i                                0x080001d3   Thumb Code     0  _printf_i.o(.ARM.Collect$$_printf_percent$$00000008)
    _printf_d                                0x080001d9   Thumb Code     0  _printf_d.o(.ARM.Collect$$_printf_percent$$00000009)
    _printf_u                                0x080001df   Thumb Code     0  _printf_u.o(.ARM.Collect$$_printf_percent$$0000000A)
    _printf_o                                0x080001e5   Thumb Code     0  _printf_o.o(.ARM.Collect$$_printf_percent$$0000000B)
    _printf_x                                0x080001eb   Thumb Code     0  _printf_x.o(.ARM.Collect$$_printf_percent$$0000000C)
    _printf_lli                              0x080001f1   Thumb Code     0  _printf_lli.o(.ARM.Collect$$_printf_percent$$0000000D)
    _printf_lld                              0x080001f7   Thumb Code     0  _printf_lld.o(.ARM.Collect$$_printf_percent$$0000000E)
    _printf_llu                              0x080001fd   Thumb Code     0  _printf_llu.o(.ARM.Collect$$_printf_percent$$0000000F)
    _printf_llo                              0x08000203   Thumb Code     0  _printf_llo.o(.ARM.Collect$$_printf_percent$$00000010)
    _printf_llx                              0x08000209   Thumb Code     0  _printf_llx.o(.ARM.Collect$$_printf_percent$$00000011)
    _printf_l                                0x0800020f   Thumb Code     0  _printf_l.o(.ARM.Collect$$_printf_percent$$00000012)
    _printf_c                                0x08000219   Thumb Code     0  _printf_c.o(.ARM.Collect$$_printf_percent$$00000013)
    _printf_s                                0x0800021f   Thumb Code     0  _printf_s.o(.ARM.Collect$$_printf_percent$$00000014)
    _printf_lc                               0x08000225   Thumb Code     0  _printf_lc.o(.ARM.Collect$$_printf_percent$$00000015)
    _printf_ls                               0x0800022b   Thumb Code     0  _printf_ls.o(.ARM.Collect$$_printf_percent$$00000016)
    _printf_percent_end                      0x08000231   Thumb Code     0  _printf_percent_end.o(.ARM.Collect$$_printf_percent$$00000017)
    __rt_lib_init                            0x08000235   Thumb Code     0  libinit.o(.ARM.Collect$$libinit$$00000000)
    __rt_lib_init_fp_1                       0x08000237   Thumb Code     0  libinit2.o(.ARM.Collect$$libinit$$00000002)
    __rt_lib_init_heap_1                     0x08000237   Thumb Code     0  libinit2.o(.ARM.Collect$$libinit$$0000000A)
    __rt_lib_init_lc_common                  0x08000237   Thumb Code     0  libinit2.o(.ARM.Collect$$libinit$$0000000F)
    __rt_lib_init_preinit_1                  0x08000237   Thumb Code     0  libinit2.o(.ARM.Collect$$libinit$$00000004)
    __rt_lib_init_rand_1                     0x08000237   Thumb Code     0  libinit2.o(.ARM.Collect$$libinit$$0000000E)
    __rt_lib_init_user_alloc_1               0x08000237   Thumb Code     0  libinit2.o(.ARM.Collect$$libinit$$0000000C)
    __rt_lib_init_lc_collate_1               0x0800023d   Thumb Code     0  libinit2.o(.ARM.Collect$$libinit$$00000011)
    __rt_lib_init_lc_ctype_2                 0x0800023d   Thumb Code     0  libinit2.o(.ARM.Collect$$libinit$$00000012)
    __rt_lib_init_lc_ctype_1                 0x08000249   Thumb Code     0  libinit2.o(.ARM.Collect$$libinit$$00000013)
    __rt_lib_init_lc_monetary_1              0x08000249   Thumb Code     0  libinit2.o(.ARM.Collect$$libinit$$00000015)
    __rt_lib_init_lc_numeric_2               0x08000249   Thumb Code     0  libinit2.o(.ARM.Collect$$libinit$$00000016)
    __rt_lib_init_alloca_1                   0x08000253   Thumb Code     0  libinit2.o(.ARM.Collect$$libinit$$0000002E)
    __rt_lib_init_argv_1                     0x08000253   Thumb Code     0  libinit2.o(.ARM.Collect$$libinit$$0000002C)
    __rt_lib_init_atexit_1                   0x08000253   Thumb Code     0  libinit2.o(.ARM.Collect$$libinit$$0000001B)
    __rt_lib_init_clock_1                    0x08000253   Thumb Code     0  libinit2.o(.ARM.Collect$$libinit$$00000021)
    __rt_lib_init_cpp_1                      0x08000253   Thumb Code     0  libinit2.o(.ARM.Collect$$libinit$$00000032)
    __rt_lib_init_exceptions_1               0x08000253   Thumb Code     0  libinit2.o(.ARM.Collect$$libinit$$00000030)
    __rt_lib_init_fp_trap_1                  0x08000253   Thumb Code     0  libinit2.o(.ARM.Collect$$libinit$$0000001F)
    __rt_lib_init_getenv_1                   0x08000253   Thumb Code     0  libinit2.o(.ARM.Collect$$libinit$$00000023)
    __rt_lib_init_lc_numeric_1               0x08000253   Thumb Code     0  libinit2.o(.ARM.Collect$$libinit$$00000017)
    __rt_lib_init_lc_time_1                  0x08000253   Thumb Code     0  libinit2.o(.ARM.Collect$$libinit$$00000019)
    __rt_lib_init_return                     0x08000253   Thumb Code     0  libinit2.o(.ARM.Collect$$libinit$$00000033)
    __rt_lib_init_signal_1                   0x08000253   Thumb Code     0  libinit2.o(.ARM.Collect$$libinit$$0000001D)
    __rt_lib_init_stdio_1                    0x08000253   Thumb Code     0  libinit2.o(.ARM.Collect$$libinit$$00000025)
    __rt_lib_shutdown                        0x08000255   Thumb Code     0  libshutdown.o(.ARM.Collect$$libshutdown$$00000000)
    __rt_lib_shutdown_cpp_1                  0x08000257   Thumb Code     0  libshutdown2.o(.ARM.Collect$$libshutdown$$00000004)
    __rt_lib_shutdown_fini_1                 0x08000257   Thumb Code     0  libshutdown2.o(.ARM.Collect$$libshutdown$$00000002)
    __rt_lib_shutdown_fp_trap_1              0x08000257   Thumb Code     0  libshutdown2.o(.ARM.Collect$$libshutdown$$00000009)
    __rt_lib_shutdown_heap_1                 0x08000257   Thumb Code     0  libshutdown2.o(.ARM.Collect$$libshutdown$$00000011)
    __rt_lib_shutdown_return                 0x08000257   Thumb Code     0  libshutdown2.o(.ARM.Collect$$libshutdown$$00000012)
    __rt_lib_shutdown_signal_1               0x08000257   Thumb Code     0  libshutdown2.o(.ARM.Collect$$libshutdown$$0000000C)
    __rt_lib_shutdown_stdio_1                0x08000257   Thumb Code     0  libshutdown2.o(.ARM.Collect$$libshutdown$$00000006)
    __rt_lib_shutdown_user_alloc_1           0x08000257   Thumb Code     0  libshutdown2.o(.ARM.Collect$$libshutdown$$0000000E)
    __rt_entry                               0x08000259   Thumb Code     0  __rtentry.o(.ARM.Collect$$rtentry$$00000000)
    __rt_entry_presh_1                       0x08000259   Thumb Code     0  __rtentry2.o(.ARM.Collect$$rtentry$$00000002)
    __rt_entry_sh                            0x08000259   Thumb Code     0  __rtentry4.o(.ARM.Collect$$rtentry$$00000004)
    __rt_entry_li                            0x0800025f   Thumb Code     0  __rtentry2.o(.ARM.Collect$$rtentry$$0000000A)
    __rt_entry_postsh_1                      0x0800025f   Thumb Code     0  __rtentry2.o(.ARM.Collect$$rtentry$$00000009)
    __rt_entry_main                          0x08000263   Thumb Code     0  __rtentry2.o(.ARM.Collect$$rtentry$$0000000D)
    __rt_entry_postli_1                      0x08000263   Thumb Code     0  __rtentry2.o(.ARM.Collect$$rtentry$$0000000C)
    __rt_exit                                0x0800026b   Thumb Code     0  rtexit.o(.ARM.Collect$$rtexit$$00000000)
    __rt_exit_ls                             0x0800026d   Thumb Code     0  rtexit2.o(.ARM.Collect$$rtexit$$00000003)
    __rt_exit_prels_1                        0x0800026d   Thumb Code     0  rtexit2.o(.ARM.Collect$$rtexit$$00000002)
    __rt_exit_exit                           0x08000271   Thumb Code     0  rtexit2.o(.ARM.Collect$$rtexit$$00000004)
    main                                     0x08000279   Thumb Code   134  main.o(.text)
    NMI_Handler                              0x0800033d   Thumb Code     2  stm32f10x_it.o(.text)
    HardFault_Handler                        0x0800033f   Thumb Code     4  stm32f10x_it.o(.text)
    MemManage_Handler                        0x08000343   Thumb Code     4  stm32f10x_it.o(.text)
    BusFault_Handler                         0x08000347   Thumb Code     4  stm32f10x_it.o(.text)
    UsageFault_Handler                       0x0800034b   Thumb Code     4  stm32f10x_it.o(.text)
    SVC_Handler                              0x0800034f   Thumb Code     2  stm32f10x_it.o(.text)
    DebugMon_Handler                         0x08000351   Thumb Code     2  stm32f10x_it.o(.text)
    PendSV_Handler                           0x08000353   Thumb Code     2  stm32f10x_it.o(.text)
    SysTick_Handler                          0x08000355   Thumb Code     2  stm32f10x_it.o(.text)
    SystemInit                               0x08000437   Thumb Code    78  system_stm32f10x.o(.text)
    SystemCoreClockUpdate                    0x08000485   Thumb Code   142  system_stm32f10x.o(.text)
    Reset_Handler                            0x08000539   Thumb Code     8  startup_stm32f10x_hd.o(.text)
    ADC1_2_IRQHandler                        0x08000553   Thumb Code     0  startup_stm32f10x_hd.o(.text)
    ADC3_IRQHandler                          0x08000553   Thumb Code     0  startup_stm32f10x_hd.o(.text)
    CAN1_RX1_IRQHandler                      0x08000553   Thumb Code     0  startup_stm32f10x_hd.o(.text)
    CAN1_SCE_IRQHandler                      0x08000553   Thumb Code     0  startup_stm32f10x_hd.o(.text)
    DMA1_Channel1_IRQHandler                 0x08000553   Thumb Code     0  startup_stm32f10x_hd.o(.text)
    DMA1_Channel2_IRQHandler                 0x08000553   Thumb Code     0  startup_stm32f10x_hd.o(.text)
    DMA1_Channel3_IRQHandler                 0x08000553   Thumb Code     0  startup_stm32f10x_hd.o(.text)
    DMA1_Channel4_IRQHandler                 0x08000553   Thumb Code     0  startup_stm32f10x_hd.o(.text)
    DMA1_Channel5_IRQHandler                 0x08000553   Thumb Code     0  startup_stm32f10x_hd.o(.text)
    DMA1_Channel6_IRQHandler                 0x08000553   Thumb Code     0  startup_stm32f10x_hd.o(.text)
    DMA1_Channel7_IRQHandler                 0x08000553   Thumb Code     0  startup_stm32f10x_hd.o(.text)
    DMA2_Channel1_IRQHandler                 0x08000553   Thumb Code     0  startup_stm32f10x_hd.o(.text)
    DMA2_Channel2_IRQHandler                 0x08000553   Thumb Code     0  startup_stm32f10x_hd.o(.text)
    DMA2_Channel3_IRQHandler                 0x08000553   Thumb Code     0  startup_stm32f10x_hd.o(.text)
    DMA2_Channel4_5_IRQHandler               0x08000553   Thumb Code     0  startup_stm32f10x_hd.o(.text)
    EXTI0_IRQHandler                         0x08000553   Thumb Code     0  startup_stm32f10x_hd.o(.text)
    EXTI15_10_IRQHandler                     0x08000553   Thumb Code     0  startup_stm32f10x_hd.o(.text)
    EXTI1_IRQHandler                         0x08000553   Thumb Code     0  startup_stm32f10x_hd.o(.text)
    EXTI2_IRQHandler                         0x08000553   Thumb Code     0  startup_stm32f10x_hd.o(.text)
    EXTI3_IRQHandler                         0x08000553   Thumb Code     0  startup_stm32f10x_hd.o(.text)
    EXTI4_IRQHandler                         0x08000553   Thumb Code     0  startup_stm32f10x_hd.o(.text)
    EXTI9_5_IRQHandler                       0x08000553   Thumb Code     0  startup_stm32f10x_hd.o(.text)
    FLASH_IRQHandler                         0x08000553   Thumb Code     0  startup_stm32f10x_hd.o(.text)
    FSMC_IRQHandler                          0x08000553   Thumb Code     0  startup_stm32f10x_hd.o(.text)
    I2C1_ER_IRQHandler                       0x08000553   Thumb Code     0  startup_stm32f10x_hd.o(.text)
    I2C1_EV_IRQHandler                       0x08000553   Thumb Code     0  startup_stm32f10x_hd.o(.text)
    I2C2_ER_IRQHandler                       0x08000553   Thumb Code     0  startup_stm32f10x_hd.o(.text)
    I2C2_EV_IRQHandler                       0x08000553   Thumb Code     0  startup_stm32f10x_hd.o(.text)
    PVD_IRQHandler                           0x08000553   Thumb Code     0  startup_stm32f10x_hd.o(.text)
    RCC_IRQHandler                           0x08000553   Thumb Code     0  startup_stm32f10x_hd.o(.text)
    RTCAlarm_IRQHandler                      0x08000553   Thumb Code     0  startup_stm32f10x_hd.o(.text)
    RTC_IRQHandler                           0x08000553   Thumb Code     0  startup_stm32f10x_hd.o(.text)
    SDIO_IRQHandler                          0x08000553   Thumb Code     0  startup_stm32f10x_hd.o(.text)
    SPI1_IRQHandler                          0x08000553   Thumb Code     0  startup_stm32f10x_hd.o(.text)
    SPI2_IRQHandler                          0x08000553   Thumb Code     0  startup_stm32f10x_hd.o(.text)
    SPI3_IRQHandler                          0x08000553   Thumb Code     0  startup_stm32f10x_hd.o(.text)
    TAMPER_IRQHandler                        0x08000553   Thumb Code     0  startup_stm32f10x_hd.o(.text)
    TIM1_BRK_IRQHandler                      0x08000553   Thumb Code     0  startup_stm32f10x_hd.o(.text)
    TIM1_CC_IRQHandler                       0x08000553   Thumb Code     0  startup_stm32f10x_hd.o(.text)
    TIM1_TRG_COM_IRQHandler                  0x08000553   Thumb Code     0  startup_stm32f10x_hd.o(.text)
    TIM1_UP_IRQHandler                       0x08000553   Thumb Code     0  startup_stm32f10x_hd.o(.text)
    TIM2_IRQHandler                          0x08000553   Thumb Code     0  startup_stm32f10x_hd.o(.text)
    TIM3_IRQHandler                          0x08000553   Thumb Code     0  startup_stm32f10x_hd.o(.text)
    TIM4_IRQHandler                          0x08000553   Thumb Code     0  startup_stm32f10x_hd.o(.text)
    TIM5_IRQHandler                          0x08000553   Thumb Code     0  startup_stm32f10x_hd.o(.text)
    TIM6_IRQHandler                          0x08000553   Thumb Code     0  startup_stm32f10x_hd.o(.text)
    TIM7_IRQHandler                          0x08000553   Thumb Code     0  startup_stm32f10x_hd.o(.text)
    TIM8_BRK_IRQHandler                      0x08000553   Thumb Code     0  startup_stm32f10x_hd.o(.text)
    TIM8_CC_IRQHandler                       0x08000553   Thumb Code     0  startup_stm32f10x_hd.o(.text)
    TIM8_TRG_COM_IRQHandler                  0x08000553   Thumb Code     0  startup_stm32f10x_hd.o(.text)
    TIM8_UP_IRQHandler                       0x08000553   Thumb Code     0  startup_stm32f10x_hd.o(.text)
    UART4_IRQHandler                         0x08000553   Thumb Code     0  startup_stm32f10x_hd.o(.text)
    UART5_IRQHandler                         0x08000553   Thumb Code     0  startup_stm32f10x_hd.o(.text)
    USART1_IRQHandler                        0x08000553   Thumb Code     0  startup_stm32f10x_hd.o(.text)
    USART2_IRQHandler                        0x08000553   Thumb Code     0  startup_stm32f10x_hd.o(.text)
    USART3_IRQHandler                        0x08000553   Thumb Code     0  startup_stm32f10x_hd.o(.text)
    USBWakeUp_IRQHandler                     0x08000553   Thumb Code     0  startup_stm32f10x_hd.o(.text)
    USB_HP_CAN1_TX_IRQHandler                0x08000553   Thumb Code     0  startup_stm32f10x_hd.o(.text)
    USB_LP_CAN1_RX0_IRQHandler               0x08000553   Thumb Code     0  startup_stm32f10x_hd.o(.text)
    WWDG_IRQHandler                          0x08000553   Thumb Code     0  startup_stm32f10x_hd.o(.text)
    __user_initial_stackheap                 0x08000555   Thumb Code     0  startup_stm32f10x_hd.o(.text)
    NVIC_PriorityGroupConfig                 0x08000579   Thumb Code    10  misc.o(.text)
    NVIC_Init                                0x08000583   Thumb Code   100  misc.o(.text)
    NVIC_SetVectorTable                      0x080005e7   Thumb Code    14  misc.o(.text)
    NVIC_SystemLPConfig                      0x080005f5   Thumb Code    34  misc.o(.text)
    SysTick_CLKSourceConfig                  0x08000617   Thumb Code    40  misc.o(.text)
    GPIO_DeInit                              0x08000655   Thumb Code   172  stm32f10x_gpio.o(.text)
    GPIO_AFIODeInit                          0x08000701   Thumb Code    20  stm32f10x_gpio.o(.text)
    GPIO_Init                                0x08000715   Thumb Code   278  stm32f10x_gpio.o(.text)
    GPIO_StructInit                          0x0800082b   Thumb Code    16  stm32f10x_gpio.o(.text)
    GPIO_ReadInputDataBit                    0x0800083b   Thumb Code    18  stm32f10x_gpio.o(.text)
    GPIO_ReadInputData                       0x0800084d   Thumb Code     8  stm32f10x_gpio.o(.text)
    GPIO_ReadOutputDataBit                   0x08000855   Thumb Code    18  stm32f10x_gpio.o(.text)
    GPIO_ReadOutputData                      0x08000867   Thumb Code     8  stm32f10x_gpio.o(.text)
    GPIO_SetBits                             0x0800086f   Thumb Code     4  stm32f10x_gpio.o(.text)
    GPIO_ResetBits                           0x08000873   Thumb Code     4  stm32f10x_gpio.o(.text)
    GPIO_WriteBit                            0x08000877   Thumb Code    10  stm32f10x_gpio.o(.text)
    GPIO_Write                               0x08000881   Thumb Code     4  stm32f10x_gpio.o(.text)
    GPIO_PinLockConfig                       0x08000885   Thumb Code    18  stm32f10x_gpio.o(.text)
    GPIO_EventOutputConfig                   0x08000897   Thumb Code    26  stm32f10x_gpio.o(.text)
    GPIO_EventOutputCmd                      0x080008b1   Thumb Code     6  stm32f10x_gpio.o(.text)
    GPIO_PinRemapConfig                      0x080008b7   Thumb Code   138  stm32f10x_gpio.o(.text)
    GPIO_EXTILineConfig                      0x08000941   Thumb Code    66  stm32f10x_gpio.o(.text)
    GPIO_ETH_MediaInterfaceConfig            0x08000983   Thumb Code     8  stm32f10x_gpio.o(.text)
    RCC_DeInit                               0x080009b1   Thumb Code    64  stm32f10x_rcc.o(.text)
    RCC_HSEConfig                            0x080009f1   Thumb Code    70  stm32f10x_rcc.o(.text)
    RCC_GetFlagStatus                        0x08000a37   Thumb Code    56  stm32f10x_rcc.o(.text)
    RCC_WaitForHSEStartUp                    0x08000a6f   Thumb Code    56  stm32f10x_rcc.o(.text)
    RCC_AdjustHSICalibrationValue            0x08000aa7   Thumb Code    20  stm32f10x_rcc.o(.text)
    RCC_HSICmd                               0x08000abb   Thumb Code     6  stm32f10x_rcc.o(.text)
    RCC_PLLConfig                            0x08000ac1   Thumb Code    24  stm32f10x_rcc.o(.text)
    RCC_PLLCmd                               0x08000ad9   Thumb Code     6  stm32f10x_rcc.o(.text)
    RCC_SYSCLKConfig                         0x08000adf   Thumb Code    18  stm32f10x_rcc.o(.text)
    RCC_GetSYSCLKSource                      0x08000af1   Thumb Code    10  stm32f10x_rcc.o(.text)
    RCC_HCLKConfig                           0x08000afb   Thumb Code    18  stm32f10x_rcc.o(.text)
    RCC_PCLK1Config                          0x08000b0d   Thumb Code    18  stm32f10x_rcc.o(.text)
    RCC_PCLK2Config                          0x08000b1f   Thumb Code    20  stm32f10x_rcc.o(.text)
    RCC_ITConfig                             0x08000b33   Thumb Code    26  stm32f10x_rcc.o(.text)
    RCC_USBCLKConfig                         0x08000b4d   Thumb Code     8  stm32f10x_rcc.o(.text)
    RCC_ADCCLKConfig                         0x08000b55   Thumb Code    18  stm32f10x_rcc.o(.text)
    RCC_LSEConfig                            0x08000b67   Thumb Code    50  stm32f10x_rcc.o(.text)
    RCC_LSICmd                               0x08000b99   Thumb Code     6  stm32f10x_rcc.o(.text)
    RCC_RTCCLKConfig                         0x08000b9f   Thumb Code    12  stm32f10x_rcc.o(.text)
    RCC_RTCCLKCmd                            0x08000bab   Thumb Code     8  stm32f10x_rcc.o(.text)
    RCC_GetClocksFreq                        0x08000bb3   Thumb Code   192  stm32f10x_rcc.o(.text)
    RCC_AHBPeriphClockCmd                    0x08000c73   Thumb Code    26  stm32f10x_rcc.o(.text)
    RCC_APB2PeriphClockCmd                   0x08000c8d   Thumb Code    26  stm32f10x_rcc.o(.text)
    RCC_APB1PeriphClockCmd                   0x08000ca7   Thumb Code    26  stm32f10x_rcc.o(.text)
    RCC_APB2PeriphResetCmd                   0x08000cc1   Thumb Code    26  stm32f10x_rcc.o(.text)
    RCC_APB1PeriphResetCmd                   0x08000cdb   Thumb Code    26  stm32f10x_rcc.o(.text)
    RCC_BackupResetCmd                       0x08000cf5   Thumb Code     8  stm32f10x_rcc.o(.text)
    RCC_ClockSecuritySystemCmd               0x08000cfd   Thumb Code     6  stm32f10x_rcc.o(.text)
    RCC_MCOConfig                            0x08000d03   Thumb Code     6  stm32f10x_rcc.o(.text)
    RCC_ClearFlag                            0x08000d09   Thumb Code    14  stm32f10x_rcc.o(.text)
    RCC_GetITStatus                          0x08000d17   Thumb Code    20  stm32f10x_rcc.o(.text)
    RCC_ClearITPendingBit                    0x08000d2b   Thumb Code     6  stm32f10x_rcc.o(.text)
    USART_DeInit                             0x08000d55   Thumb Code   134  stm32f10x_usart.o(.text)
    USART_Init                               0x08000ddb   Thumb Code   210  stm32f10x_usart.o(.text)
    USART_StructInit                         0x08000ead   Thumb Code    24  stm32f10x_usart.o(.text)
    USART_ClockInit                          0x08000ec5   Thumb Code    34  stm32f10x_usart.o(.text)
    USART_ClockStructInit                    0x08000ee7   Thumb Code    12  stm32f10x_usart.o(.text)
    USART_Cmd                                0x08000ef3   Thumb Code    24  stm32f10x_usart.o(.text)
    USART_ITConfig                           0x08000f0b   Thumb Code    74  stm32f10x_usart.o(.text)
    USART_DMACmd                             0x08000f55   Thumb Code    18  stm32f10x_usart.o(.text)
    USART_SetAddress                         0x08000f67   Thumb Code    18  stm32f10x_usart.o(.text)
    USART_WakeUpConfig                       0x08000f79   Thumb Code    18  stm32f10x_usart.o(.text)
    USART_ReceiverWakeUpCmd                  0x08000f8b   Thumb Code    24  stm32f10x_usart.o(.text)
    USART_LINBreakDetectLengthConfig         0x08000fa3   Thumb Code    18  stm32f10x_usart.o(.text)
    USART_LINCmd                             0x08000fb5   Thumb Code    24  stm32f10x_usart.o(.text)
    USART_SendData                           0x08000fcd   Thumb Code     8  stm32f10x_usart.o(.text)
    USART_ReceiveData                        0x08000fd5   Thumb Code    10  stm32f10x_usart.o(.text)
    USART_SendBreak                          0x08000fdf   Thumb Code    10  stm32f10x_usart.o(.text)
    USART_SetGuardTime                       0x08000fe9   Thumb Code    16  stm32f10x_usart.o(.text)
    USART_SetPrescaler                       0x08000ff9   Thumb Code    16  stm32f10x_usart.o(.text)
    USART_SmartCardCmd                       0x08001009   Thumb Code    24  stm32f10x_usart.o(.text)
    USART_SmartCardNACKCmd                   0x08001021   Thumb Code    24  stm32f10x_usart.o(.text)
    USART_HalfDuplexCmd                      0x08001039   Thumb Code    24  stm32f10x_usart.o(.text)
    USART_OverSampling8Cmd                   0x08001051   Thumb Code    22  stm32f10x_usart.o(.text)
    USART_OneBitMethodCmd                    0x08001067   Thumb Code    24  stm32f10x_usart.o(.text)
    USART_IrDAConfig                         0x0800107f   Thumb Code    18  stm32f10x_usart.o(.text)
    USART_IrDACmd                            0x08001091   Thumb Code    24  stm32f10x_usart.o(.text)
    USART_GetFlagStatus                      0x080010a9   Thumb Code    26  stm32f10x_usart.o(.text)
    USART_ClearFlag                          0x080010c3   Thumb Code    18  stm32f10x_usart.o(.text)
    USART_GetITStatus                        0x080010d5   Thumb Code    84  stm32f10x_usart.o(.text)
    USART_ClearITPendingBit                  0x08001129   Thumb Code    52  stm32f10x_usart.o(.text)
    delay1ms                                 0x0800115d   Thumb Code     2  delay.o(.text)
    delay_us                                 0x0800115f   Thumb Code    46  delay.o(.text)
    delay_ms                                 0x0800118d   Thumb Code    24  delay.o(.text)
    delay_s                                  0x080011a5   Thumb Code    24  delay.o(.text)
    Serial_Init                              0x080011bd   Thumb Code   154  serial.o(.text)
    Serial_SendByte                          0x08001257   Thumb Code    34  serial.o(.text)
    Serial_SendArray                         0x08001279   Thumb Code    26  serial.o(.text)
    Serial_SendString                        0x08001293   Thumb Code    26  serial.o(.text)
    Serial_Pow                               0x080012ad   Thumb Code    20  serial.o(.text)
    Serial_SendNum                           0x080012c1   Thumb Code    58  serial.o(.text)
    fputc                                    0x080012fb   Thumb Code    16  serial.o(.text)
    Serial_Printf                            0x0800130b   Thumb Code    36  serial.o(.text)
    Led_Init                                 0x08001339   Thumb Code    52  led.o(.text)
    red_on                                   0x0800136d   Thumb Code    14  led.o(.text)
    red_off                                  0x0800137b   Thumb Code    14  led.o(.text)
    red_turn                                 0x08001389   Thumb Code    26  led.o(.text)
    yellow_on                                0x080013a3   Thumb Code    12  led.o(.text)
    yellow_off                               0x080013af   Thumb Code    12  led.o(.text)
    yellow_turn                              0x080013bb   Thumb Code    24  led.o(.text)
    LCD_WR_REG                               0x080013dd   Thumb Code    28  lcd.o(.text)
    LCD_WR_DATAX                             0x080013f9   Thumb Code    28  lcd.o(.text)
    LCD_RD_DATA                              0x08001415   Thumb Code    98  lcd.o(.text)
    LCD_WriteReg                             0x08001477   Thumb Code    40  lcd.o(.text)
    LCD_ReadReg                              0x0800149f   Thumb Code    16  lcd.o(.text)
    LCD_WriteRAM_Prepare                     0x080014af   Thumb Code    12  lcd.o(.text)
    LCD_WriteRAM                             0x080014bb   Thumb Code    28  lcd.o(.text)
    LCD_BGR2RGB                              0x080014d7   Thumb Code    26  lcd.o(.text)
    opt_delay                                0x080014f1   Thumb Code    14  lcd.o(.text)
    LCD_SetCursor                            0x080014ff   Thumb Code   956  lcd.o(.text)
    LCD_ReadPoint                            0x080018bb   Thumb Code   506  lcd.o(.text)
    LCD_DisplayOn                            0x08001ab5   Thumb Code    92  lcd.o(.text)
    LCD_DisplayOff                           0x08001b11   Thumb Code    90  lcd.o(.text)
    LCD_Scan_Dir                             0x08001b6b   Thumb Code  1126  lcd.o(.text)
    LCD_DrawPoint                            0x08001fd1   Thumb Code    52  lcd.o(.text)
    LCD_Fast_DrawPoint                       0x08002005   Thumb Code   854  lcd.o(.text)
    LCD_SSD_BackLightSet                     0x0800235b   Thumb Code   220  lcd.o(.text)
    LCD_Display_Dir                          0x08002437   Thumb Code   444  lcd.o(.text)
    LCD_Set_Window                           0x080025f3   Thumb Code  1078  lcd.o(.text)
    LCD_Clear                                0x08002a29   Thumb Code   122  lcd.o(.text)
    LCD_Init                                 0x08002aa3   Thumb Code 15298  lcd.o(.text)
    LCD_Fill                                 0x08006665   Thumb Code   200  lcd.o(.text)
    LCD_Color_Fill                           0x0800672d   Thumb Code   116  lcd.o(.text)
    LCD_DrawLine                             0x080067a1   Thumb Code   176  lcd.o(.text)
    LCD_DrawRectangle                        0x08006851   Thumb Code    60  lcd.o(.text)
    LCD_Draw_Circle                          0x0800688d   Thumb Code   152  lcd.o(.text)
    LCD_ShowChar                             0x08006925   Thumb Code   272  lcd.o(.text)
    LCD_Pow                                  0x08006a35   Thumb Code    22  lcd.o(.text)
    LCD_ShowNum                              0x08006a4b   Thumb Code   180  lcd.o(.text)
    LCD_ShowxNum                             0x08006aff   Thumb Code   190  lcd.o(.text)
    LCD_ShowString                           0x08006bbd   Thumb Code   102  lcd.o(.text)
    LCD_ShowSingleHZ                         0x08006c23   Thumb Code   380  lcd.o(.text)
    LCD_ShowHZ_ASCIIString                   0x08006d9f   Thumb Code    94  lcd.o(.text)
    vsprintf                                 0x08006e0d   Thumb Code    32  vsprintf.o(.text)
    __use_two_region_memory                  0x08006e31   Thumb Code     2  heapauxi.o(.text)
    __rt_heap_escrow$2region                 0x08006e33   Thumb Code     2  heapauxi.o(.text)
    __rt_heap_expand$2region                 0x08006e35   Thumb Code     2  heapauxi.o(.text)
    _printf_pre_padding                      0x08006e37   Thumb Code    44  _printf_pad.o(.text)
    _printf_post_padding                     0x08006e63   Thumb Code    34  _printf_pad.o(.text)
    _printf_truncate_signed                  0x08006e85   Thumb Code    18  _printf_truncate.o(.text)
    _printf_truncate_unsigned                0x08006e97   Thumb Code    18  _printf_truncate.o(.text)
    _printf_str                              0x08006ea9   Thumb Code    82  _printf_str.o(.text)
    _printf_int_dec                          0x08006efd   Thumb Code   104  _printf_dec.o(.text)
    _printf_charcount                        0x08006f75   Thumb Code    40  _printf_charcount.o(.text)
    _printf_char_common                      0x08006fa7   Thumb Code    32  _printf_char_common.o(.text)
    _sputc                                   0x08006fcd   Thumb Code    10  _sputc.o(.text)
    _printf_wctomb                           0x08006fd9   Thumb Code   182  _printf_wctomb.o(.text)
    _printf_longlong_dec                     0x08007095   Thumb Code   108  _printf_longlong_dec.o(.text)
    _printf_longlong_oct                     0x08007111   Thumb Code    66  _printf_oct_int_ll.o(.text)
    _printf_int_oct                          0x08007153   Thumb Code    24  _printf_oct_int_ll.o(.text)
    _printf_ll_oct                           0x0800716b   Thumb Code    12  _printf_oct_int_ll.o(.text)
    _printf_longlong_hex                     0x08007181   Thumb Code    86  _printf_hex_int_ll_ptr.o(.text)
    _printf_int_hex                          0x080071d7   Thumb Code    28  _printf_hex_int_ll_ptr.o(.text)
    _printf_ll_hex                           0x080071f3   Thumb Code    12  _printf_hex_int_ll_ptr.o(.text)
    _printf_hex_ptr                          0x080071ff   Thumb Code    18  _printf_hex_int_ll_ptr.o(.text)
    __printf                                 0x08007215   Thumb Code   388  __printf_flags_ss_wp.o(.text)
    _ll_udiv10                               0x0800739d   Thumb Code   138  lludiv10.o(.text)
    _printf_int_common                       0x08007427   Thumb Code   178  _printf_intcommon.o(.text)
    __lib_sel_fp_printf                      0x080074d9   Thumb Code     2  _printf_fp_dec.o(.text)
    _printf_fp_dec_real                      0x0800768b   Thumb Code   620  _printf_fp_dec.o(.text)
    _printf_fp_hex_real                      0x080078f9   Thumb Code   756  _printf_fp_hex.o(.text)
    _printf_cs_common                        0x08007bf5   Thumb Code    20  _printf_char.o(.text)
    _printf_char                             0x08007c09   Thumb Code    16  _printf_char.o(.text)
    _printf_string                           0x08007c19   Thumb Code     8  _printf_char.o(.text)
    _printf_lcs_common                       0x08007c21   Thumb Code    20  _printf_wchar.o(.text)
    _printf_wchar                            0x08007c35   Thumb Code    16  _printf_wchar.o(.text)
    _printf_wstring                          0x08007c45   Thumb Code     8  _printf_wchar.o(.text)
    _wcrtomb                                 0x08007c4d   Thumb Code    64  _wcrtomb.o(.text)
    __user_setup_stackheap                   0x08007c8d   Thumb Code    74  sys_stackheap_outer.o(.text)
    __rt_ctype_table                         0x08007cd9   Thumb Code    16  rt_ctype_table.o(.text)
    __rt_locale                              0x08007ce9   Thumb Code     8  rt_locale_intlibspace.o(.text)
    _printf_fp_infnan                        0x08007cf1   Thumb Code   112  _printf_fp_infnan.o(.text)
    _btod_etento                             0x08007d71   Thumb Code   224  bigflt0.o(.text)
    exit                                     0x08007e55   Thumb Code    18  exit.o(.text)
    __user_libspace                          0x08007e69   Thumb Code     8  libspace.o(.text)
    __user_perproc_libspace                  0x08007e69   Thumb Code     0  libspace.o(.text)
    __user_perthread_libspace                0x08007e69   Thumb Code     0  libspace.o(.text)
    strcmp                                   0x08007e71   Thumb Code   128  strcmpv7m.o(.text)
    _sys_exit                                0x08007ef1   Thumb Code     8  sys_exit.o(.text)
    __I$use$semihosting                      0x08007efd   Thumb Code     0  use_no_semi.o(.text)
    __use_no_semihosting_swi                 0x08007efd   Thumb Code     2  use_no_semi.o(.text)
    __semihosting_library_function           0x08007eff   Thumb Code     0  indicate_semi.o(.text)
    _btod_d2e                                0x08007eff   Thumb Code    62  btod.o(CL$$btod_d2e)
    _d2e_denorm_low                          0x08007f3d   Thumb Code    70  btod.o(CL$$btod_d2e_denorm_low)
    _d2e_norm_op1                            0x08007f83   Thumb Code    96  btod.o(CL$$btod_d2e_norm_op1)
    __btod_div_common                        0x08007fe3   Thumb Code   696  btod.o(CL$$btod_div_common)
    _e2e                                     0x0800831b   Thumb Code   220  btod.o(CL$$btod_e2e)
    _btod_ediv                               0x080083f7   Thumb Code    42  btod.o(CL$$btod_ediv)
    _btod_emul                               0x08008421   Thumb Code    42  btod.o(CL$$btod_emul)
    __btod_mult_common                       0x0800844b   Thumb Code   580  btod.o(CL$$btod_mult_common)
    __ARM_fpclassify                         0x0800868f   Thumb Code    40  fpclassify.o(i.__ARM_fpclassify)
    _is_digit                                0x080086b7   Thumb Code    14  __printf_wp.o(i._is_digit)
    _get_lc_numeric                          0x080086c5   Thumb Code    44  lc_numeric_c.o(locale$$code)
    _get_lc_ctype                            0x080086f1   Thumb Code    44  lc_ctype_c.o(locale$$code)
    __aeabi_d2uiz                            0x0800871d   Thumb Code     0  dfixu.o(x$fpl$dfixu)
    _dfixu                                   0x0800871d   Thumb Code    90  dfixu.o(x$fpl$dfixu)
    __aeabi_ui2d                             0x08008777   Thumb Code     0  dflt_clz.o(x$fpl$dfltu)
    _dfltu                                   0x08008777   Thumb Code    38  dflt_clz.o(x$fpl$dfltu)
    __aeabi_dmul                             0x0800879d   Thumb Code     0  dmul.o(x$fpl$dmul)
    _dmul                                    0x0800879d   Thumb Code   332  dmul.o(x$fpl$dmul)
    __fpl_dnaninf                            0x080088f1   Thumb Code   156  dnaninf.o(x$fpl$dnaninf)
    __fpl_dretinf                            0x0800898d   Thumb Code    12  dretinf.o(x$fpl$dretinf)
    _printf_fp_dec                           0x08008999   Thumb Code     4  printf1.o(x$fpl$printf1)
    _printf_fp_hex                           0x0800899d   Thumb Code     4  printf2.o(x$fpl$printf2)
    __I$use$fp                               0x080089a0   Number         0  usenofp.o(x$fpl$usenofp)
    hz12_12                                  0x080089a0   Data          52  lcd.o(.constdata)
    hz24_24                                  0x080089d4   Data         148  lcd.o(.constdata)
    asc2_1206                                0x08008a68   Data        1140  lcd.o(.constdata)
    asc2_1608                                0x08008edc   Data        1520  lcd.o(.constdata)
    asc2_2412                                0x080094cc   Data        3420  lcd.o(.constdata)
    Region$$Table$$Base                      0x0800a324   Number         0  anon$$obj.o(Region$$Table)
    Region$$Table$$Limit                     0x0800a344   Number         0  anon$$obj.o(Region$$Table)
    __ctype                                  0x0800a36d   Data           0  lc_ctype_c.o(locale$$data)
    SystemCoreClock                          0x20000000   Data           4  system_stm32f10x.o(.data)
    AHBPrescTable                            0x20000004   Data          16  system_stm32f10x.o(.data)
    POINT_COLOR                              0x20000028   Data           2  lcd.o(.data)
    BACK_COLOR                               0x2000002a   Data           2  lcd.o(.data)
    lcddev                                   0x2000002c   Data          14  lcd.o(.bss)
    __libspace_start                         0x2000003c   Data          96  libspace.o(.bss)
    __temporary_stack_top$libspace           0x2000009c   Data           0  libspace.o(.bss)



==============================================================================

Memory Map of the image

  Image Entry point : 0x08000131

  Load Region LR_IROM1 (Base: 0x08000000, Size: 0x0000a49c, Max: 0x00040000, ABSOLUTE)

    Execution Region ER_IROM1 (Exec base: 0x08000000, Load base: 0x08000000, Size: 0x0000a470, Max: 0x00040000, ABSOLUTE)

    Exec Addr    Load Addr    Size         Type   Attr      Idx    E Section Name        Object

    0x08000000   0x08000000   0x00000130   Data   RO          173    RESET               startup_stm32f10x_hd.o
    0x08000130   0x08000130   0x00000008   Code   RO          570  * !!!main             c_w.l(__main.o)
    0x08000138   0x08000138   0x00000034   Code   RO          909    !!!scatter          c_w.l(__scatter.o)
    0x0800016c   0x0800016c   0x0000001a   Code   RO          911    !!handler_copy      c_w.l(__scatter_copy.o)
    0x08000186   0x08000186   0x00000002   PAD
    0x08000188   0x08000188   0x0000001c   Code   RO          913    !!handler_zi        c_w.l(__scatter_zi.o)
    0x080001a4   0x080001a4   0x00000000   Code   RO          666    .ARM.Collect$$_printf_percent$$00000000  c_w.l(_printf_percent.o)
    0x080001a4   0x080001a4   0x00000006   Code   RO          655    .ARM.Collect$$_printf_percent$$00000001  c_w.l(_printf_n.o)
    0x080001aa   0x080001aa   0x00000006   Code   RO          657    .ARM.Collect$$_printf_percent$$00000002  c_w.l(_printf_p.o)
    0x080001b0   0x080001b0   0x00000006   Code   RO          662    .ARM.Collect$$_printf_percent$$00000003  c_w.l(_printf_f.o)
    0x080001b6   0x080001b6   0x00000006   Code   RO          663    .ARM.Collect$$_printf_percent$$00000004  c_w.l(_printf_e.o)
    0x080001bc   0x080001bc   0x00000006   Code   RO          664    .ARM.Collect$$_printf_percent$$00000005  c_w.l(_printf_g.o)
    0x080001c2   0x080001c2   0x00000006   Code   RO          665    .ARM.Collect$$_printf_percent$$00000006  c_w.l(_printf_a.o)
    0x080001c8   0x080001c8   0x0000000a   Code   RO          670    .ARM.Collect$$_printf_percent$$00000007  c_w.l(_printf_ll.o)
    0x080001d2   0x080001d2   0x00000006   Code   RO          659    .ARM.Collect$$_printf_percent$$00000008  c_w.l(_printf_i.o)
    0x080001d8   0x080001d8   0x00000006   Code   RO          660    .ARM.Collect$$_printf_percent$$00000009  c_w.l(_printf_d.o)
    0x080001de   0x080001de   0x00000006   Code   RO          661    .ARM.Collect$$_printf_percent$$0000000A  c_w.l(_printf_u.o)
    0x080001e4   0x080001e4   0x00000006   Code   RO          658    .ARM.Collect$$_printf_percent$$0000000B  c_w.l(_printf_o.o)
    0x080001ea   0x080001ea   0x00000006   Code   RO          656    .ARM.Collect$$_printf_percent$$0000000C  c_w.l(_printf_x.o)
    0x080001f0   0x080001f0   0x00000006   Code   RO          667    .ARM.Collect$$_printf_percent$$0000000D  c_w.l(_printf_lli.o)
    0x080001f6   0x080001f6   0x00000006   Code   RO          668    .ARM.Collect$$_printf_percent$$0000000E  c_w.l(_printf_lld.o)
    0x080001fc   0x080001fc   0x00000006   Code   RO          669    .ARM.Collect$$_printf_percent$$0000000F  c_w.l(_printf_llu.o)
    0x08000202   0x08000202   0x00000006   Code   RO          674    .ARM.Collect$$_printf_percent$$00000010  c_w.l(_printf_llo.o)
    0x08000208   0x08000208   0x00000006   Code   RO          675    .ARM.Collect$$_printf_percent$$00000011  c_w.l(_printf_llx.o)
    0x0800020e   0x0800020e   0x0000000a   Code   RO          671    .ARM.Collect$$_printf_percent$$00000012  c_w.l(_printf_l.o)
    0x08000218   0x08000218   0x00000006   Code   RO          653    .ARM.Collect$$_printf_percent$$00000013  c_w.l(_printf_c.o)
    0x0800021e   0x0800021e   0x00000006   Code   RO          654    .ARM.Collect$$_printf_percent$$00000014  c_w.l(_printf_s.o)
    0x08000224   0x08000224   0x00000006   Code   RO          672    .ARM.Collect$$_printf_percent$$00000015  c_w.l(_printf_lc.o)
    0x0800022a   0x0800022a   0x00000006   Code   RO          673    .ARM.Collect$$_printf_percent$$00000016  c_w.l(_printf_ls.o)
    0x08000230   0x08000230   0x00000004   Code   RO          719    .ARM.Collect$$_printf_percent$$00000017  c_w.l(_printf_percent_end.o)
    0x08000234   0x08000234   0x00000002   Code   RO          768    .ARM.Collect$$libinit$$00000000  c_w.l(libinit.o)
    0x08000236   0x08000236   0x00000000   Code   RO          784    .ARM.Collect$$libinit$$00000002  c_w.l(libinit2.o)
    0x08000236   0x08000236   0x00000000   Code   RO          786    .ARM.Collect$$libinit$$00000004  c_w.l(libinit2.o)
    0x08000236   0x08000236   0x00000000   Code   RO          789    .ARM.Collect$$libinit$$0000000A  c_w.l(libinit2.o)
    0x08000236   0x08000236   0x00000000   Code   RO          791    .ARM.Collect$$libinit$$0000000C  c_w.l(libinit2.o)
    0x08000236   0x08000236   0x00000000   Code   RO          793    .ARM.Collect$$libinit$$0000000E  c_w.l(libinit2.o)
    0x08000236   0x08000236   0x00000006   Code   RO          794    .ARM.Collect$$libinit$$0000000F  c_w.l(libinit2.o)
    0x0800023c   0x0800023c   0x00000000   Code   RO          796    .ARM.Collect$$libinit$$00000011  c_w.l(libinit2.o)
    0x0800023c   0x0800023c   0x0000000c   Code   RO          797    .ARM.Collect$$libinit$$00000012  c_w.l(libinit2.o)
    0x08000248   0x08000248   0x00000000   Code   RO          798    .ARM.Collect$$libinit$$00000013  c_w.l(libinit2.o)
    0x08000248   0x08000248   0x00000000   Code   RO          800    .ARM.Collect$$libinit$$00000015  c_w.l(libinit2.o)
    0x08000248   0x08000248   0x0000000a   Code   RO          801    .ARM.Collect$$libinit$$00000016  c_w.l(libinit2.o)
    0x08000252   0x08000252   0x00000000   Code   RO          802    .ARM.Collect$$libinit$$00000017  c_w.l(libinit2.o)
    0x08000252   0x08000252   0x00000000   Code   RO          804    .ARM.Collect$$libinit$$00000019  c_w.l(libinit2.o)
    0x08000252   0x08000252   0x00000000   Code   RO          806    .ARM.Collect$$libinit$$0000001B  c_w.l(libinit2.o)
    0x08000252   0x08000252   0x00000000   Code   RO          808    .ARM.Collect$$libinit$$0000001D  c_w.l(libinit2.o)
    0x08000252   0x08000252   0x00000000   Code   RO          810    .ARM.Collect$$libinit$$0000001F  c_w.l(libinit2.o)
    0x08000252   0x08000252   0x00000000   Code   RO          812    .ARM.Collect$$libinit$$00000021  c_w.l(libinit2.o)
    0x08000252   0x08000252   0x00000000   Code   RO          814    .ARM.Collect$$libinit$$00000023  c_w.l(libinit2.o)
    0x08000252   0x08000252   0x00000000   Code   RO          816    .ARM.Collect$$libinit$$00000025  c_w.l(libinit2.o)
    0x08000252   0x08000252   0x00000000   Code   RO          820    .ARM.Collect$$libinit$$0000002C  c_w.l(libinit2.o)
    0x08000252   0x08000252   0x00000000   Code   RO          822    .ARM.Collect$$libinit$$0000002E  c_w.l(libinit2.o)
    0x08000252   0x08000252   0x00000000   Code   RO          824    .ARM.Collect$$libinit$$00000030  c_w.l(libinit2.o)
    0x08000252   0x08000252   0x00000000   Code   RO          826    .ARM.Collect$$libinit$$00000032  c_w.l(libinit2.o)
    0x08000252   0x08000252   0x00000002   Code   RO          827    .ARM.Collect$$libinit$$00000033  c_w.l(libinit2.o)
    0x08000254   0x08000254   0x00000002   Code   RO          847    .ARM.Collect$$libshutdown$$00000000  c_w.l(libshutdown.o)
    0x08000256   0x08000256   0x00000000   Code   RO          860    .ARM.Collect$$libshutdown$$00000002  c_w.l(libshutdown2.o)
    0x08000256   0x08000256   0x00000000   Code   RO          862    .ARM.Collect$$libshutdown$$00000004  c_w.l(libshutdown2.o)
    0x08000256   0x08000256   0x00000000   Code   RO          864    .ARM.Collect$$libshutdown$$00000006  c_w.l(libshutdown2.o)
    0x08000256   0x08000256   0x00000000   Code   RO          867    .ARM.Collect$$libshutdown$$00000009  c_w.l(libshutdown2.o)
    0x08000256   0x08000256   0x00000000   Code   RO          870    .ARM.Collect$$libshutdown$$0000000C  c_w.l(libshutdown2.o)
    0x08000256   0x08000256   0x00000000   Code   RO          872    .ARM.Collect$$libshutdown$$0000000E  c_w.l(libshutdown2.o)
    0x08000256   0x08000256   0x00000000   Code   RO          875    .ARM.Collect$$libshutdown$$00000011  c_w.l(libshutdown2.o)
    0x08000256   0x08000256   0x00000002   Code   RO          876    .ARM.Collect$$libshutdown$$00000012  c_w.l(libshutdown2.o)
    0x08000258   0x08000258   0x00000000   Code   RO          584    .ARM.Collect$$rtentry$$00000000  c_w.l(__rtentry.o)
    0x08000258   0x08000258   0x00000000   Code   RO          690    .ARM.Collect$$rtentry$$00000002  c_w.l(__rtentry2.o)
    0x08000258   0x08000258   0x00000006   Code   RO          702    .ARM.Collect$$rtentry$$00000004  c_w.l(__rtentry4.o)
    0x0800025e   0x0800025e   0x00000000   Code   RO          692    .ARM.Collect$$rtentry$$00000009  c_w.l(__rtentry2.o)
    0x0800025e   0x0800025e   0x00000004   Code   RO          693    .ARM.Collect$$rtentry$$0000000A  c_w.l(__rtentry2.o)
    0x08000262   0x08000262   0x00000000   Code   RO          695    .ARM.Collect$$rtentry$$0000000C  c_w.l(__rtentry2.o)
    0x08000262   0x08000262   0x00000008   Code   RO          696    .ARM.Collect$$rtentry$$0000000D  c_w.l(__rtentry2.o)
    0x0800026a   0x0800026a   0x00000002   Code   RO          776    .ARM.Collect$$rtexit$$00000000  c_w.l(rtexit.o)
    0x0800026c   0x0800026c   0x00000000   Code   RO          829    .ARM.Collect$$rtexit$$00000002  c_w.l(rtexit2.o)
    0x0800026c   0x0800026c   0x00000004   Code   RO          830    .ARM.Collect$$rtexit$$00000003  c_w.l(rtexit2.o)
    0x08000270   0x08000270   0x00000006   Code   RO          831    .ARM.Collect$$rtexit$$00000004  c_w.l(rtexit2.o)
    0x08000276   0x08000276   0x00000002   PAD
    0x08000278   0x08000278   0x000000c4   Code   RO            1    .text               main.o
    0x0800033c   0x0800033c   0x0000001a   Code   RO          127    .text               stm32f10x_it.o
    0x08000356   0x08000356   0x00000002   PAD
    0x08000358   0x08000358   0x000001e0   Code   RO          142    .text               system_stm32f10x.o
    0x08000538   0x08000538   0x00000040   Code   RO          174    .text               startup_stm32f10x_hd.o
    0x08000578   0x08000578   0x000000dc   Code   RO          178    .text               misc.o
    0x08000654   0x08000654   0x0000035c   Code   RO          348    .text               stm32f10x_gpio.o
    0x080009b0   0x080009b0   0x000003a4   Code   RO          396    .text               stm32f10x_rcc.o
    0x08000d54   0x08000d54   0x00000408   Code   RO          458    .text               stm32f10x_usart.o
    0x0800115c   0x0800115c   0x00000060   Code   RO          482    .text               delay.o
    0x080011bc   0x080011bc   0x0000017c   Code   RO          510    .text               serial.o
    0x08001338   0x08001338   0x000000a4   Code   RO          529    .text               led.o
    0x080013dc   0x080013dc   0x00005a30   Code   RO          541    .text               lcd.o
    0x08006e0c   0x08006e0c   0x00000024   Code   RO          566    .text               c_w.l(vsprintf.o)
    0x08006e30   0x08006e30   0x00000006   Code   RO          568    .text               c_w.l(heapauxi.o)
    0x08006e36   0x08006e36   0x0000004e   Code   RO          587    .text               c_w.l(_printf_pad.o)
    0x08006e84   0x08006e84   0x00000024   Code   RO          589    .text               c_w.l(_printf_truncate.o)
    0x08006ea8   0x08006ea8   0x00000052   Code   RO          591    .text               c_w.l(_printf_str.o)
    0x08006efa   0x08006efa   0x00000002   PAD
    0x08006efc   0x08006efc   0x00000078   Code   RO          593    .text               c_w.l(_printf_dec.o)
    0x08006f74   0x08006f74   0x00000028   Code   RO          595    .text               c_w.l(_printf_charcount.o)
    0x08006f9c   0x08006f9c   0x00000030   Code   RO          597    .text               c_w.l(_printf_char_common.o)
    0x08006fcc   0x08006fcc   0x0000000a   Code   RO          599    .text               c_w.l(_sputc.o)
    0x08006fd6   0x08006fd6   0x00000002   PAD
    0x08006fd8   0x08006fd8   0x000000bc   Code   RO          601    .text               c_w.l(_printf_wctomb.o)
    0x08007094   0x08007094   0x0000007c   Code   RO          604    .text               c_w.l(_printf_longlong_dec.o)
    0x08007110   0x08007110   0x00000070   Code   RO          610    .text               c_w.l(_printf_oct_int_ll.o)
    0x08007180   0x08007180   0x00000094   Code   RO          630    .text               c_w.l(_printf_hex_int_ll_ptr.o)
    0x08007214   0x08007214   0x00000188   Code   RO          650    .text               c_w.l(__printf_flags_ss_wp.o)
    0x0800739c   0x0800739c   0x0000008a   Code   RO          704    .text               c_w.l(lludiv10.o)
    0x08007426   0x08007426   0x000000b2   Code   RO          706    .text               c_w.l(_printf_intcommon.o)
    0x080074d8   0x080074d8   0x0000041e   Code   RO          708    .text               c_w.l(_printf_fp_dec.o)
    0x080078f6   0x080078f6   0x00000002   PAD
    0x080078f8   0x080078f8   0x000002fc   Code   RO          710    .text               c_w.l(_printf_fp_hex.o)
    0x08007bf4   0x08007bf4   0x0000002c   Code   RO          715    .text               c_w.l(_printf_char.o)
    0x08007c20   0x08007c20   0x0000002c   Code   RO          717    .text               c_w.l(_printf_wchar.o)
    0x08007c4c   0x08007c4c   0x00000040   Code   RO          720    .text               c_w.l(_wcrtomb.o)
    0x08007c8c   0x08007c8c   0x0000004a   Code   RO          722    .text               c_w.l(sys_stackheap_outer.o)
    0x08007cd6   0x08007cd6   0x00000002   PAD
    0x08007cd8   0x08007cd8   0x00000010   Code   RO          724    .text               c_w.l(rt_ctype_table.o)
    0x08007ce8   0x08007ce8   0x00000008   Code   RO          729    .text               c_w.l(rt_locale_intlibspace.o)
    0x08007cf0   0x08007cf0   0x00000080   Code   RO          731    .text               c_w.l(_printf_fp_infnan.o)
    0x08007d70   0x08007d70   0x000000e4   Code   RO          733    .text               c_w.l(bigflt0.o)
    0x08007e54   0x08007e54   0x00000012   Code   RO          761    .text               c_w.l(exit.o)
    0x08007e66   0x08007e66   0x00000002   PAD
    0x08007e68   0x08007e68   0x00000008   Code   RO          773    .text               c_w.l(libspace.o)
    0x08007e70   0x08007e70   0x00000080   Code   RO          781    .text               c_w.l(strcmpv7m.o)
    0x08007ef0   0x08007ef0   0x0000000c   Code   RO          839    .text               c_w.l(sys_exit.o)
    0x08007efc   0x08007efc   0x00000002   Code   RO          850    .text               c_w.l(use_no_semi.o)
    0x08007efe   0x08007efe   0x00000000   Code   RO          852    .text               c_w.l(indicate_semi.o)
    0x08007efe   0x08007efe   0x0000003e   Code   RO          736    CL$$btod_d2e        c_w.l(btod.o)
    0x08007f3c   0x08007f3c   0x00000046   Code   RO          738    CL$$btod_d2e_denorm_low  c_w.l(btod.o)
    0x08007f82   0x08007f82   0x00000060   Code   RO          737    CL$$btod_d2e_norm_op1  c_w.l(btod.o)
    0x08007fe2   0x08007fe2   0x00000338   Code   RO          746    CL$$btod_div_common  c_w.l(btod.o)
    0x0800831a   0x0800831a   0x000000dc   Code   RO          743    CL$$btod_e2e        c_w.l(btod.o)
    0x080083f6   0x080083f6   0x0000002a   Code   RO          740    CL$$btod_ediv       c_w.l(btod.o)
    0x08008420   0x08008420   0x0000002a   Code   RO          739    CL$$btod_emul       c_w.l(btod.o)
    0x0800844a   0x0800844a   0x00000244   Code   RO          745    CL$$btod_mult_common  c_w.l(btod.o)
    0x0800868e   0x0800868e   0x00000028   Code   RO          771    i.__ARM_fpclassify  m_ws.l(fpclassify.o)
    0x080086b6   0x080086b6   0x0000000e   Code   RO          643    i._is_digit         c_w.l(__printf_wp.o)
    0x080086c4   0x080086c4   0x0000002c   Code   RO          759    locale$$code        c_w.l(lc_numeric_c.o)
    0x080086f0   0x080086f0   0x0000002c   Code   RO          779    locale$$code        c_w.l(lc_ctype_c.o)
    0x0800871c   0x0800871c   0x0000005a   Code   RO          572    x$fpl$dfixu         fz_ws.l(dfixu.o)
    0x08008776   0x08008776   0x00000026   Code   RO          576    x$fpl$dfltu         fz_ws.l(dflt_clz.o)
    0x0800879c   0x0800879c   0x00000154   Code   RO          582    x$fpl$dmul          fz_ws.l(dmul.o)
    0x080088f0   0x080088f0   0x0000009c   Code   RO          676    x$fpl$dnaninf       fz_ws.l(dnaninf.o)
    0x0800898c   0x0800898c   0x0000000c   Code   RO          678    x$fpl$dretinf       fz_ws.l(dretinf.o)
    0x08008998   0x08008998   0x00000004   Code   RO          680    x$fpl$printf1       fz_ws.l(printf1.o)
    0x0800899c   0x0800899c   0x00000004   Code   RO          682    x$fpl$printf2       fz_ws.l(printf2.o)
    0x080089a0   0x080089a0   0x00000000   Code   RO          688    x$fpl$usenofp       fz_ws.l(usenofp.o)
    0x080089a0   0x080089a0   0x00001888   Data   RO          543    .constdata          lcd.o
    0x0800a228   0x0800a228   0x00000008   Data   RO          602    .constdata          c_w.l(_printf_wctomb.o)
    0x0800a230   0x0800a230   0x00000028   Data   RO          631    .constdata          c_w.l(_printf_hex_int_ll_ptr.o)
    0x0800a258   0x0800a258   0x00000011   Data   RO          651    .constdata          c_w.l(__printf_flags_ss_wp.o)
    0x0800a269   0x0800a269   0x00000026   Data   RO          711    .constdata          c_w.l(_printf_fp_hex.o)
    0x0800a28f   0x0800a28f   0x00000001   PAD
    0x0800a290   0x0800a290   0x00000094   Data   RO          734    .constdata          c_w.l(bigflt0.o)
    0x0800a324   0x0800a324   0x00000020   Data   RO          907    Region$$Table       anon$$obj.o
    0x0800a344   0x0800a344   0x0000001c   Data   RO          758    locale$$data        c_w.l(lc_numeric_c.o)
    0x0800a360   0x0800a360   0x00000110   Data   RO          778    locale$$data        c_w.l(lc_ctype_c.o)


    Execution Region RW_IRAM1 (Exec base: 0x20000000, Load base: 0x0800a470, Size: 0x000006a0, Max: 0x0000c000, ABSOLUTE)

    Exec Addr    Load Addr    Size         Type   Attr      Idx    E Section Name        Object

    0x20000000   0x0800a470   0x00000014   Data   RW          143    .data               system_stm32f10x.o
    0x20000014   0x0800a484   0x00000014   Data   RW          397    .data               stm32f10x_rcc.o
    0x20000028   0x0800a498   0x00000004   Data   RW          544    .data               lcd.o
    0x2000002c        -       0x0000000e   Zero   RW          542    .bss                lcd.o
    0x2000003a   0x0800a49c   0x00000002   PAD
    0x2000003c        -       0x00000060   Zero   RW          774    .bss                c_w.l(libspace.o)
    0x2000009c   0x0800a49c   0x00000004   PAD
    0x200000a0        -       0x00000200   Zero   RW          172    HEAP                startup_stm32f10x_hd.o
    0x200002a0        -       0x00000400   Zero   RW          171    STACK               startup_stm32f10x_hd.o


==============================================================================

Image component sizes


      Code (inc. data)   RO Data    RW Data    ZI Data      Debug   Object Name

         0          0          0          0          0         32   core_cm3.o
        96          0          0          0          0       1041   delay.o
     23088        224       6280          4         14      26819   lcd.o
       164         10          0          0          0       1220   led.o
       196         62          0          0          0      28423   main.o
       220         22          0          0          0     206829   misc.o
       380         10          0          0          0       4635   serial.o
        64         26        304          0       1536        940   startup_stm32f10x_hd.o
       860         38          0          0          0       5845   stm32f10x_gpio.o
        26          0          0          0          0       1234   stm32f10x_it.o
       932         36          0         20          0       9076   stm32f10x_rcc.o
      1032         22          0          0          0       8568   stm32f10x_usart.o
       480         38          0         20          0       1907   system_stm32f10x.o

    ----------------------------------------------------------------------
     27540        488       6616         44       1552     296569   Object Totals
         0          0         32          0          0          0   (incl. Generated)
         2          0          0          0          2          0   (incl. Padding)

    ----------------------------------------------------------------------

      Code (inc. data)   RO Data    RW Data    ZI Data      Debug   Library Member Name

         8          0          0          0          0         68   __main.o
       392          4         17          0          0         92   __printf_flags_ss_wp.o
        14          0          0          0          0         68   __printf_wp.o
         0          0          0          0          0          0   __rtentry.o
        12          0          0          0          0          0   __rtentry2.o
         6          0          0          0          0          0   __rtentry4.o
        52          8          0          0          0          0   __scatter.o
        26          0          0          0          0          0   __scatter_copy.o
        28          0          0          0          0          0   __scatter_zi.o
         6          0          0          0          0          0   _printf_a.o
         6          0          0          0          0          0   _printf_c.o
        44          0          0          0          0        108   _printf_char.o
        48          6          0          0          0         96   _printf_char_common.o
        40          0          0          0          0         68   _printf_charcount.o
         6          0          0          0          0          0   _printf_d.o
       120         16          0          0          0         92   _printf_dec.o
         6          0          0          0          0          0   _printf_e.o
         6          0          0          0          0          0   _printf_f.o
      1054          0          0          0          0        216   _printf_fp_dec.o
       764          8         38          0          0        100   _printf_fp_hex.o
       128         16          0          0          0         84   _printf_fp_infnan.o
         6          0          0          0          0          0   _printf_g.o
       148          4         40          0          0        160   _printf_hex_int_ll_ptr.o
         6          0          0          0          0          0   _printf_i.o
       178          0          0          0          0         88   _printf_intcommon.o
        10          0          0          0          0          0   _printf_l.o
         6          0          0          0          0          0   _printf_lc.o
        10          0          0          0          0          0   _printf_ll.o
         6          0          0          0          0          0   _printf_lld.o
         6          0          0          0          0          0   _printf_lli.o
         6          0          0          0          0          0   _printf_llo.o
         6          0          0          0          0          0   _printf_llu.o
         6          0          0          0          0          0   _printf_llx.o
       124         16          0          0          0         92   _printf_longlong_dec.o
         6          0          0          0          0          0   _printf_ls.o
         6          0          0          0          0          0   _printf_n.o
         6          0          0          0          0          0   _printf_o.o
       112         10          0          0          0        124   _printf_oct_int_ll.o
         6          0          0          0          0          0   _printf_p.o
        78          0          0          0          0        108   _printf_pad.o
         0          0          0          0          0          0   _printf_percent.o
         4          0          0          0          0          0   _printf_percent_end.o
         6          0          0          0          0          0   _printf_s.o
        82          0          0          0          0         80   _printf_str.o
        36          0          0          0          0         84   _printf_truncate.o
         6          0          0          0          0          0   _printf_u.o
        44          0          0          0          0        108   _printf_wchar.o
       188          6          8          0          0         92   _printf_wctomb.o
         6          0          0          0          0          0   _printf_x.o
        10          0          0          0          0         68   _sputc.o
        64          0          0          0          0         92   _wcrtomb.o
       228          4        148          0          0         96   bigflt0.o
      1936        128          0          0          0        672   btod.o
        18          0          0          0          0         80   exit.o
         6          0          0          0          0        152   heapauxi.o
         0          0          0          0          0          0   indicate_semi.o
        44         10        272          0          0         76   lc_ctype_c.o
        44         10         28          0          0         76   lc_numeric_c.o
         2          0          0          0          0          0   libinit.o
        30          0          0          0          0          0   libinit2.o
         2          0          0          0          0          0   libshutdown.o
         2          0          0          0          0          0   libshutdown2.o
         8          4          0          0         96         68   libspace.o
       138          0          0          0          0         80   lludiv10.o
        16          4          0          0          0         76   rt_ctype_table.o
         8          4          0          0          0         68   rt_locale_intlibspace.o
         2          0          0          0          0          0   rtexit.o
        10          0          0          0          0          0   rtexit2.o
       128          0          0          0          0         68   strcmpv7m.o
        12          4          0          0          0         68   sys_exit.o
        74          0          0          0          0         80   sys_stackheap_outer.o
         2          0          0          0          0         68   use_no_semi.o
        36          4          0          0          0         76   vsprintf.o
        90          4          0          0          0         92   dfixu.o
        38          0          0          0          0         68   dflt_clz.o
       340         12          0          0          0        104   dmul.o
       156          4          0          0          0         92   dnaninf.o
        12          0          0          0          0         68   dretinf.o
         4          0          0          0          0         68   printf1.o
         4          0          0          0          0         68   printf2.o
         0          0          0          0          0          0   usenofp.o
        40          0          0          0          0         68   fpclassify.o

    ----------------------------------------------------------------------
      7388        286        552          0        100       4520   Library Totals
        14          0          1          0          4          0   (incl. Padding)

    ----------------------------------------------------------------------

      Code (inc. data)   RO Data    RW Data    ZI Data      Debug   Library Name

      6690        266        551          0         96       3892   c_w.l
       644         20          0          0          0        560   fz_ws.l
        40          0          0          0          0         68   m_ws.l

    ----------------------------------------------------------------------
      7388        286        552          0        100       4520   Library Totals

    ----------------------------------------------------------------------

==============================================================================


      Code (inc. data)   RO Data    RW Data    ZI Data      Debug   

     34928        774       7168         44       1652     297705   Grand Totals
     34928        774       7168         44       1652     297705   ELF Image Totals
     34928        774       7168         44          0          0   ROM Totals

==============================================================================

    Total RO  Size (Code + RO Data)                42096 (  41.11kB)
    Total RW  Size (RW Data + ZI Data)              1696 (   1.66kB)
    Total ROM Size (Code + RO Data + RW Data)      42140 (  41.15kB)

==============================================================================

